[0.028s] Invoking command in '/home/k/Main/Studying/GitHub-Repositories/ROS2-Jazzy-Course/ros2_ws/build/turtlesim_project_interfaces': CMAKE_PREFIX_PATH=${CMAKE_PREFIX_PATH}:/home/k/Main/Studying/GitHub-Repositories/ROS2-Jazzy-Course/ros2_ws/install/turtlesim_project:/home/k/Main/Studying/GitHub-Repositories/ROS2-Jazzy-Course/ros2_ws/install/my_py_pkg:/opt/ros/jazzy DEBUGINFOD_URLS=https://debuginfod.ubuntu.com /usr/bin/cmake /home/k/Main/Studying/GitHub-Repositories/ROS2-Jazzy-Course/ros2_ws/src/turtlesim_project_interfaces -DCMAKE_INSTALL_PREFIX=/home/k/Main/Studying/GitHub-Repositories/ROS2-Jazzy-Course/ros2_ws/install/turtlesim_project_interfaces
[0.076s] -- Found ament_cmake: 2.5.4 (/opt/ros/jazzy/share/ament_cmake/cmake)
[0.765s] -- Found rclcpp: 28.1.10 (/opt/ros/jazzy/share/rclcpp/cmake)
[0.874s] -- Found rosidl_generator_c: 4.6.5 (/opt/ros/jazzy/share/rosidl_generator_c/cmake)
[0.918s] -- Found rosidl_generator_cpp: 4.6.5 (/opt/ros/jazzy/share/rosidl_generator_cpp/cmake)
[0.972s] -- Using all available rosidl_typesupport_c: rosidl_typesupport_fastrtps_c;rosidl_typesupport_introspection_c
[1.037s] -- Using all available rosidl_typesupport_cpp: rosidl_typesupport_fastrtps_cpp;rosidl_typesupport_introspection_cpp
[1.327s] -- Found rmw_implementation_cmake: 7.3.2 (/opt/ros/jazzy/share/rmw_implementation_cmake/cmake)
[1.333s] -- Found rmw_fastrtps_cpp: 8.4.2 (/opt/ros/jazzy/share/rmw_fastrtps_cpp/cmake)
[1.583s] -- Using RMW implementation 'rmw_fastrtps_cpp' as default
[1.876s] -- Found turtlesim: 1.8.3 (/opt/ros/jazzy/share/turtlesim/cmake)
[2.118s] -- Found rosidl_default_generators: 1.6.0 (/opt/ros/jazzy/share/rosidl_default_generators/cmake)
[2.156s] -- Found rosidl_adapter: 4.6.5 (/opt/ros/jazzy/share/rosidl_adapter/cmake)
[2.163s] -- Found ament_lint_auto: 0.17.2 (/opt/ros/jazzy/share/ament_lint_auto/cmake)
[4.020s] -- Found ament_cmake_ros: 0.12.0 (/opt/ros/jazzy/share/ament_cmake_ros/cmake)
[6.376s] -- Using all available rosidl_typesupport_c: rosidl_typesupport_fastrtps_c;rosidl_typesupport_introspection_c
[7.282s] -- Using all available rosidl_typesupport_cpp: rosidl_typesupport_fastrtps_cpp;rosidl_typesupport_introspection_cpp
[7.293s] -- Found python_cmake_module: 0.11.1 (/opt/ros/jazzy/share/python_cmake_module/cmake)
[7.712s] -- Found PythonExtra: /usr/bin/python3  
[9.070s] -- Found Python3: /usr/bin/python3 (found version "3.12.3") found components: Interpreter Development NumPy Development.Module Development.Embed 
[9.226s] -- Added test 'lint_cmake' to check CMake code style
[9.232s] -- Added test 'xmllint' to check XML markup files
[9.258s] -- Configuring done (9.2s)
[9.419s] -- Generating done (0.1s)
[9.481s] -- Build files have been written to: /home/k/Main/Studying/GitHub-Repositories/ROS2-Jazzy-Course/ros2_ws/build/turtlesim_project_interfaces
[9.507s] Invoked command in '/home/k/Main/Studying/GitHub-Repositories/ROS2-Jazzy-Course/ros2_ws/build/turtlesim_project_interfaces' returned '0': CMAKE_PREFIX_PATH=${CMAKE_PREFIX_PATH}:/home/k/Main/Studying/GitHub-Repositories/ROS2-Jazzy-Course/ros2_ws/install/turtlesim_project:/home/k/Main/Studying/GitHub-Repositories/ROS2-Jazzy-Course/ros2_ws/install/my_py_pkg:/opt/ros/jazzy DEBUGINFOD_URLS=https://debuginfod.ubuntu.com /usr/bin/cmake /home/k/Main/Studying/GitHub-Repositories/ROS2-Jazzy-Course/ros2_ws/src/turtlesim_project_interfaces -DCMAKE_INSTALL_PREFIX=/home/k/Main/Studying/GitHub-Repositories/ROS2-Jazzy-Course/ros2_ws/install/turtlesim_project_interfaces
[9.511s] Invoking command in '/home/k/Main/Studying/GitHub-Repositories/ROS2-Jazzy-Course/ros2_ws/build/turtlesim_project_interfaces': CMAKE_PREFIX_PATH=${CMAKE_PREFIX_PATH}:/home/k/Main/Studying/GitHub-Repositories/ROS2-Jazzy-Course/ros2_ws/install/turtlesim_project:/home/k/Main/Studying/GitHub-Repositories/ROS2-Jazzy-Course/ros2_ws/install/my_py_pkg:/opt/ros/jazzy DEBUGINFOD_URLS=https://debuginfod.ubuntu.com /usr/bin/cmake --build /home/k/Main/Studying/GitHub-Repositories/ROS2-Jazzy-Course/ros2_ws/build/turtlesim_project_interfaces -- -j4 -l4
[9.653s] [  2%] [34m[1mGenerating type hashes for ROS interfaces[0m
[9.677s] [  2%] Built target ament_cmake_python_copy_turtlesim_project_interfaces
[10.338s] [  2%] Built target turtlesim_project_interfaces__rosidl_generator_type_description
[10.359s] running egg_info
[10.361s] creating turtlesim_project_interfaces.egg-info
[10.372s] [  5%] [34m[1mGenerating C code for ROS interfaces[0m
[10.392s] [  8%] [34m[1mGenerating C++ code for ROS interfaces[0m
[10.425s] writing turtlesim_project_interfaces.egg-info/PKG-INFO
[10.426s] writing dependency_links to turtlesim_project_interfaces.egg-info/dependency_links.txt
[10.426s] writing top-level names to turtlesim_project_interfaces.egg-info/top_level.txt
[10.426s] writing manifest file 'turtlesim_project_interfaces.egg-info/SOURCES.txt'
[10.640s] reading manifest file 'turtlesim_project_interfaces.egg-info/SOURCES.txt'
[10.642s] writing manifest file 'turtlesim_project_interfaces.egg-info/SOURCES.txt'
[10.725s] [  8%] Built target ament_cmake_python_build_turtlesim_project_interfaces_egg
[11.233s] [  8%] Built target turtlesim_project_interfaces__cpp
[11.342s] [ 17%] [32mBuilding C object CMakeFiles/turtlesim_project_interfaces__rosidl_generator_c.dir/rosidl_generator_c/turtlesim_project_interfaces/msg/detail/spawned_turtle__functions.c.o[0m
[11.342s] [ 17%] [32mBuilding C object CMakeFiles/turtlesim_project_interfaces__rosidl_generator_c.dir/rosidl_generator_c/turtlesim_project_interfaces/msg/detail/spawned_turtle__description.c.o[0m
[11.343s] [ 17%] [32mBuilding C object CMakeFiles/turtlesim_project_interfaces__rosidl_generator_c.dir/rosidl_generator_c/turtlesim_project_interfaces/msg/detail/spawned_turtle__type_support.c.o[0m
[11.514s] [ 20%] [32m[1mLinking C shared library libturtlesim_project_interfaces__rosidl_generator_c.so[0m
[11.630s] [ 20%] Built target turtlesim_project_interfaces__rosidl_generator_c
[11.659s] [ 23%] [34m[1mGenerating C introspection for ROS interfaces[0m
[11.659s] [ 26%] [34m[1mGenerating C++ type support for eProsima Fast-RTPS[0m
[11.659s] [ 29%] [34m[1mGenerating C++ type support dispatch for ROS interfaces[0m
[11.660s] [ 32%] [34m[1mGenerating C type support for eProsima Fast-RTPS[0m
[12.512s] [ 35%] [32mBuilding CXX object CMakeFiles/turtlesim_project_interfaces__rosidl_typesupport_cpp.dir/rosidl_typesupport_cpp/turtlesim_project_interfaces/msg/spawned_turtle__type_support.cpp.o[0m
[12.609s] [ 38%] [32mBuilding C object CMakeFiles/turtlesim_project_interfaces__rosidl_typesupport_introspection_c.dir/rosidl_typesupport_introspection_c/turtlesim_project_interfaces/msg/detail/spawned_turtle__type_support.c.o[0m
[12.739s] [ 41%] [32m[1mLinking C shared library libturtlesim_project_interfaces__rosidl_typesupport_introspection_c.so[0m
[12.781s] [ 44%] [32mBuilding CXX object CMakeFiles/turtlesim_project_interfaces__rosidl_typesupport_fastrtps_cpp.dir/rosidl_typesupport_fastrtps_cpp/turtlesim_project_interfaces/msg/detail/dds_fastrtps/spawned_turtle__type_support.cpp.o[0m
[12.781s] [ 47%] [32mBuilding CXX object CMakeFiles/turtlesim_project_interfaces__rosidl_typesupport_fastrtps_c.dir/rosidl_typesupport_fastrtps_c/turtlesim_project_interfaces/msg/detail/spawned_turtle__type_support_c.cpp.o[0m
[12.852s] [ 47%] Built target turtlesim_project_interfaces__rosidl_typesupport_introspection_c
[12.880s] [ 50%] [34m[1mGenerating C type support dispatch for ROS interfaces[0m
[13.688s] [ 52%] [32m[1mLinking CXX shared library libturtlesim_project_interfaces__rosidl_typesupport_cpp.so[0m
[13.759s] [ 55%] [32mBuilding CXX object CMakeFiles/turtlesim_project_interfaces__rosidl_typesupport_c.dir/rosidl_typesupport_c/turtlesim_project_interfaces/msg/spawned_turtle__type_support.cpp.o[0m
[13.857s] [ 55%] Built target turtlesim_project_interfaces__rosidl_typesupport_cpp
[13.885s] [ 58%] [34m[1mGenerating C++ introspection for ROS interfaces[0m
[13.912s] [ 61%] [32m[1mLinking CXX shared library libturtlesim_project_interfaces__rosidl_typesupport_c.so[0m
[14.061s] [ 61%] Built target turtlesim_project_interfaces__rosidl_typesupport_c
[14.305s] [ 64%] [32m[1mLinking CXX shared library libturtlesim_project_interfaces__rosidl_typesupport_fastrtps_cpp.so[0m
[14.333s] [ 67%] [32m[1mLinking CXX shared library libturtlesim_project_interfaces__rosidl_typesupport_fastrtps_c.so[0m
[14.566s] [ 67%] Built target turtlesim_project_interfaces__rosidl_typesupport_fastrtps_c
[14.579s] [ 67%] Built target turtlesim_project_interfaces__rosidl_typesupport_fastrtps_cpp
[14.762s] [ 70%] [32mBuilding CXX object CMakeFiles/turtlesim_project_interfaces__rosidl_typesupport_introspection_cpp.dir/rosidl_typesupport_introspection_cpp/turtlesim_project_interfaces/msg/detail/spawned_turtle__type_support.cpp.o[0m
[15.628s] [ 73%] [32m[1mLinking CXX shared library libturtlesim_project_interfaces__rosidl_typesupport_introspection_cpp.so[0m
[15.825s] [ 73%] Built target turtlesim_project_interfaces__rosidl_typesupport_introspection_cpp
[15.879s] [ 73%] Built target turtlesim_project_interfaces
[15.938s] [ 76%] [34m[1mGenerating Python code for ROS interfaces[0m
[16.897s] [ 76%] Built target turtlesim_project_interfaces__py
[16.956s] [ 79%] [32mBuilding C object CMakeFiles/turtlesim_project_interfaces__rosidl_generator_py.dir/rosidl_generator_py/turtlesim_project_interfaces/msg/_spawned_turtle_s.c.o[0m
[17.467s] [ 82%] [32m[1mLinking C shared library libturtlesim_project_interfaces__rosidl_generator_py.so[0m
[17.625s] [ 82%] Built target turtlesim_project_interfaces__rosidl_generator_py
[17.679s] [ 88%] [32mBuilding C object CMakeFiles/turtlesim_project_interfaces_s__rosidl_typesupport_c.dir/rosidl_generator_py/turtlesim_project_interfaces/_turtlesim_project_interfaces_s.ep.rosidl_typesupport_c.c.o[0m
[17.681s] [ 88%] [32mBuilding C object CMakeFiles/turtlesim_project_interfaces_s__rosidl_typesupport_introspection_c.dir/rosidl_generator_py/turtlesim_project_interfaces/_turtlesim_project_interfaces_s.ep.rosidl_typesupport_introspection_c.c.o[0m
[17.681s] [ 91%] [32mBuilding C object CMakeFiles/turtlesim_project_interfaces_s__rosidl_typesupport_fastrtps_c.dir/rosidl_generator_py/turtlesim_project_interfaces/_turtlesim_project_interfaces_s.ep.rosidl_typesupport_fastrtps_c.c.o[0m
[18.011s] [ 94%] [32m[1mLinking C shared module rosidl_generator_py/turtlesim_project_interfaces/turtlesim_project_interfaces_s__rosidl_typesupport_c.so[0m
[18.039s] [100%] [32m[1mLinking C shared module rosidl_generator_py/turtlesim_project_interfaces/turtlesim_project_interfaces_s__rosidl_typesupport_fastrtps_c.so[0m
[18.039s] [100%] [32m[1mLinking C shared module rosidl_generator_py/turtlesim_project_interfaces/turtlesim_project_interfaces_s__rosidl_typesupport_introspection_c.so[0m
[18.105s] [100%] Built target turtlesim_project_interfaces_s__rosidl_typesupport_c
[18.136s] [100%] Built target turtlesim_project_interfaces_s__rosidl_typesupport_introspection_c
[18.140s] [100%] Built target turtlesim_project_interfaces_s__rosidl_typesupport_fastrtps_c
[18.173s] Invoked command in '/home/k/Main/Studying/GitHub-Repositories/ROS2-Jazzy-Course/ros2_ws/build/turtlesim_project_interfaces' returned '0': CMAKE_PREFIX_PATH=${CMAKE_PREFIX_PATH}:/home/k/Main/Studying/GitHub-Repositories/ROS2-Jazzy-Course/ros2_ws/install/turtlesim_project:/home/k/Main/Studying/GitHub-Repositories/ROS2-Jazzy-Course/ros2_ws/install/my_py_pkg:/opt/ros/jazzy DEBUGINFOD_URLS=https://debuginfod.ubuntu.com /usr/bin/cmake --build /home/k/Main/Studying/GitHub-Repositories/ROS2-Jazzy-Course/ros2_ws/build/turtlesim_project_interfaces -- -j4 -l4
[18.198s] Invoking command in '/home/k/Main/Studying/GitHub-Repositories/ROS2-Jazzy-Course/ros2_ws/build/turtlesim_project_interfaces': CMAKE_PREFIX_PATH=${CMAKE_PREFIX_PATH}:/home/k/Main/Studying/GitHub-Repositories/ROS2-Jazzy-Course/ros2_ws/install/turtlesim_project:/home/k/Main/Studying/GitHub-Repositories/ROS2-Jazzy-Course/ros2_ws/install/my_py_pkg:/opt/ros/jazzy DEBUGINFOD_URLS=https://debuginfod.ubuntu.com /usr/bin/cmake --install /home/k/Main/Studying/GitHub-Repositories/ROS2-Jazzy-Course/ros2_ws/build/turtlesim_project_interfaces
[18.220s] -- Install configuration: ""
[18.221s] -- Installing: /home/k/Main/Studying/GitHub-Repositories/ROS2-Jazzy-Course/ros2_ws/install/turtlesim_project_interfaces/share/ament_index/resource_index/rosidl_interfaces/turtlesim_project_interfaces
[18.221s] -- Installing: /home/k/Main/Studying/GitHub-Repositories/ROS2-Jazzy-Course/ros2_ws/install/turtlesim_project_interfaces/share/turtlesim_project_interfaces/msg/SpawnedTurtle.json
[18.222s] -- Installing: /home/k/Main/Studying/GitHub-Repositories/ROS2-Jazzy-Course/ros2_ws/install/turtlesim_project_interfaces/include/turtlesim_project_interfaces/turtlesim_project_interfaces
[18.222s] -- Installing: /home/k/Main/Studying/GitHub-Repositories/ROS2-Jazzy-Course/ros2_ws/install/turtlesim_project_interfaces/include/turtlesim_project_interfaces/turtlesim_project_interfaces/msg
[18.223s] -- Installing: /home/k/Main/Studying/GitHub-Repositories/ROS2-Jazzy-Course/ros2_ws/install/turtlesim_project_interfaces/include/turtlesim_project_interfaces/turtlesim_project_interfaces/msg/spawned_turtle.h
[18.223s] -- Installing: /home/k/Main/Studying/GitHub-Repositories/ROS2-Jazzy-Course/ros2_ws/install/turtlesim_project_interfaces/include/turtlesim_project_interfaces/turtlesim_project_interfaces/msg/detail
[18.223s] -- Installing: /home/k/Main/Studying/GitHub-Repositories/ROS2-Jazzy-Course/ros2_ws/install/turtlesim_project_interfaces/include/turtlesim_project_interfaces/turtlesim_project_interfaces/msg/detail/spawned_turtle__functions.c
[18.224s] -- Installing: /home/k/Main/Studying/GitHub-Repositories/ROS2-Jazzy-Course/ros2_ws/install/turtlesim_project_interfaces/include/turtlesim_project_interfaces/turtlesim_project_interfaces/msg/detail/spawned_turtle__description.c
[18.224s] -- Installing: /home/k/Main/Studying/GitHub-Repositories/ROS2-Jazzy-Course/ros2_ws/install/turtlesim_project_interfaces/include/turtlesim_project_interfaces/turtlesim_project_interfaces/msg/detail/spawned_turtle__struct.h
[18.224s] -- Installing: /home/k/Main/Studying/GitHub-Repositories/ROS2-Jazzy-Course/ros2_ws/install/turtlesim_project_interfaces/include/turtlesim_project_interfaces/turtlesim_project_interfaces/msg/detail/spawned_turtle__functions.h
[18.225s] -- Installing: /home/k/Main/Studying/GitHub-Repositories/ROS2-Jazzy-Course/ros2_ws/install/turtlesim_project_interfaces/include/turtlesim_project_interfaces/turtlesim_project_interfaces/msg/detail/spawned_turtle__type_support.c
[18.226s] -- Installing: /home/k/Main/Studying/GitHub-Repositories/ROS2-Jazzy-Course/ros2_ws/install/turtlesim_project_interfaces/include/turtlesim_project_interfaces/turtlesim_project_interfaces/msg/detail/spawned_turtle__type_support.h
[18.227s] -- Installing: /home/k/Main/Studying/GitHub-Repositories/ROS2-Jazzy-Course/ros2_ws/install/turtlesim_project_interfaces/include/turtlesim_project_interfaces/turtlesim_project_interfaces/msg/rosidl_generator_c__visibility_control.h
[18.227s] -- Installing: /home/k/Main/Studying/GitHub-Repositories/ROS2-Jazzy-Course/ros2_ws/install/turtlesim_project_interfaces/share/turtlesim_project_interfaces/environment/library_path.sh
[18.227s] -- Installing: /home/k/Main/Studying/GitHub-Repositories/ROS2-Jazzy-Course/ros2_ws/install/turtlesim_project_interfaces/share/turtlesim_project_interfaces/environment/library_path.dsv
[18.228s] -- Installing: /home/k/Main/Studying/GitHub-Repositories/ROS2-Jazzy-Course/ros2_ws/install/turtlesim_project_interfaces/lib/libturtlesim_project_interfaces__rosidl_generator_c.so
[18.228s] -- Set non-toolchain portion of runtime path of "/home/k/Main/Studying/GitHub-Repositories/ROS2-Jazzy-Course/ros2_ws/install/turtlesim_project_interfaces/lib/libturtlesim_project_interfaces__rosidl_generator_c.so" to ""
[18.228s] -- Up-to-date: /home/k/Main/Studying/GitHub-Repositories/ROS2-Jazzy-Course/ros2_ws/install/turtlesim_project_interfaces/include/turtlesim_project_interfaces/turtlesim_project_interfaces
[18.229s] -- Up-to-date: /home/k/Main/Studying/GitHub-Repositories/ROS2-Jazzy-Course/ros2_ws/install/turtlesim_project_interfaces/include/turtlesim_project_interfaces/turtlesim_project_interfaces/msg
[18.229s] -- Up-to-date: /home/k/Main/Studying/GitHub-Repositories/ROS2-Jazzy-Course/ros2_ws/install/turtlesim_project_interfaces/include/turtlesim_project_interfaces/turtlesim_project_interfaces/msg/detail
[18.229s] -- Installing: /home/k/Main/Studying/GitHub-Repositories/ROS2-Jazzy-Course/ros2_ws/install/turtlesim_project_interfaces/include/turtlesim_project_interfaces/turtlesim_project_interfaces/msg/detail/spawned_turtle__rosidl_typesupport_fastrtps_c.h
[18.230s] -- Installing: /home/k/Main/Studying/GitHub-Repositories/ROS2-Jazzy-Course/ros2_ws/install/turtlesim_project_interfaces/include/turtlesim_project_interfaces/turtlesim_project_interfaces/msg/rosidl_typesupport_fastrtps_c__visibility_control.h
[18.230s] -- Installing: /home/k/Main/Studying/GitHub-Repositories/ROS2-Jazzy-Course/ros2_ws/install/turtlesim_project_interfaces/lib/libturtlesim_project_interfaces__rosidl_typesupport_fastrtps_c.so
[18.230s] -- Set non-toolchain portion of runtime path of "/home/k/Main/Studying/GitHub-Repositories/ROS2-Jazzy-Course/ros2_ws/install/turtlesim_project_interfaces/lib/libturtlesim_project_interfaces__rosidl_typesupport_fastrtps_c.so" to ""
[18.231s] -- Up-to-date: /home/k/Main/Studying/GitHub-Repositories/ROS2-Jazzy-Course/ros2_ws/install/turtlesim_project_interfaces/include/turtlesim_project_interfaces/turtlesim_project_interfaces
[18.231s] -- Up-to-date: /home/k/Main/Studying/GitHub-Repositories/ROS2-Jazzy-Course/ros2_ws/install/turtlesim_project_interfaces/include/turtlesim_project_interfaces/turtlesim_project_interfaces/msg
[18.231s] -- Up-to-date: /home/k/Main/Studying/GitHub-Repositories/ROS2-Jazzy-Course/ros2_ws/install/turtlesim_project_interfaces/include/turtlesim_project_interfaces/turtlesim_project_interfaces/msg/detail
[18.231s] -- Installing: /home/k/Main/Studying/GitHub-Repositories/ROS2-Jazzy-Course/ros2_ws/install/turtlesim_project_interfaces/include/turtlesim_project_interfaces/turtlesim_project_interfaces/msg/detail/spawned_turtle__traits.hpp
[18.232s] -- Installing: /home/k/Main/Studying/GitHub-Repositories/ROS2-Jazzy-Course/ros2_ws/install/turtlesim_project_interfaces/include/turtlesim_project_interfaces/turtlesim_project_interfaces/msg/detail/spawned_turtle__struct.hpp
[18.232s] -- Installing: /home/k/Main/Studying/GitHub-Repositories/ROS2-Jazzy-Course/ros2_ws/install/turtlesim_project_interfaces/include/turtlesim_project_interfaces/turtlesim_project_interfaces/msg/detail/spawned_turtle__type_support.hpp
[18.232s] -- Installing: /home/k/Main/Studying/GitHub-Repositories/ROS2-Jazzy-Course/ros2_ws/install/turtlesim_project_interfaces/include/turtlesim_project_interfaces/turtlesim_project_interfaces/msg/detail/spawned_turtle__builder.hpp
[18.232s] -- Installing: /home/k/Main/Studying/GitHub-Repositories/ROS2-Jazzy-Course/ros2_ws/install/turtlesim_project_interfaces/include/turtlesim_project_interfaces/turtlesim_project_interfaces/msg/spawned_turtle.hpp
[18.233s] -- Installing: /home/k/Main/Studying/GitHub-Repositories/ROS2-Jazzy-Course/ros2_ws/install/turtlesim_project_interfaces/include/turtlesim_project_interfaces/turtlesim_project_interfaces/msg/rosidl_generator_cpp__visibility_control.hpp
[18.233s] -- Up-to-date: /home/k/Main/Studying/GitHub-Repositories/ROS2-Jazzy-Course/ros2_ws/install/turtlesim_project_interfaces/include/turtlesim_project_interfaces/turtlesim_project_interfaces
[18.233s] -- Up-to-date: /home/k/Main/Studying/GitHub-Repositories/ROS2-Jazzy-Course/ros2_ws/install/turtlesim_project_interfaces/include/turtlesim_project_interfaces/turtlesim_project_interfaces/msg
[18.234s] -- Up-to-date: /home/k/Main/Studying/GitHub-Repositories/ROS2-Jazzy-Course/ros2_ws/install/turtlesim_project_interfaces/include/turtlesim_project_interfaces/turtlesim_project_interfaces/msg/detail
[18.234s] -- Installing: /home/k/Main/Studying/GitHub-Repositories/ROS2-Jazzy-Course/ros2_ws/install/turtlesim_project_interfaces/include/turtlesim_project_interfaces/turtlesim_project_interfaces/msg/detail/spawned_turtle__rosidl_typesupport_fastrtps_cpp.hpp
[18.234s] -- Installing: /home/k/Main/Studying/GitHub-Repositories/ROS2-Jazzy-Course/ros2_ws/install/turtlesim_project_interfaces/include/turtlesim_project_interfaces/turtlesim_project_interfaces/msg/detail/dds_fastrtps
[18.235s] -- Installing: /home/k/Main/Studying/GitHub-Repositories/ROS2-Jazzy-Course/ros2_ws/install/turtlesim_project_interfaces/include/turtlesim_project_interfaces/turtlesim_project_interfaces/msg/rosidl_typesupport_fastrtps_cpp__visibility_control.h
[18.235s] -- Installing: /home/k/Main/Studying/GitHub-Repositories/ROS2-Jazzy-Course/ros2_ws/install/turtlesim_project_interfaces/lib/libturtlesim_project_interfaces__rosidl_typesupport_fastrtps_cpp.so
[18.235s] -- Set non-toolchain portion of runtime path of "/home/k/Main/Studying/GitHub-Repositories/ROS2-Jazzy-Course/ros2_ws/install/turtlesim_project_interfaces/lib/libturtlesim_project_interfaces__rosidl_typesupport_fastrtps_cpp.so" to ""
[18.236s] -- Up-to-date: /home/k/Main/Studying/GitHub-Repositories/ROS2-Jazzy-Course/ros2_ws/install/turtlesim_project_interfaces/include/turtlesim_project_interfaces/turtlesim_project_interfaces
[18.236s] -- Up-to-date: /home/k/Main/Studying/GitHub-Repositories/ROS2-Jazzy-Course/ros2_ws/install/turtlesim_project_interfaces/include/turtlesim_project_interfaces/turtlesim_project_interfaces/msg
[18.236s] -- Up-to-date: /home/k/Main/Studying/GitHub-Repositories/ROS2-Jazzy-Course/ros2_ws/install/turtlesim_project_interfaces/include/turtlesim_project_interfaces/turtlesim_project_interfaces/msg/detail
[18.237s] -- Installing: /home/k/Main/Studying/GitHub-Repositories/ROS2-Jazzy-Course/ros2_ws/install/turtlesim_project_interfaces/include/turtlesim_project_interfaces/turtlesim_project_interfaces/msg/detail/spawned_turtle__rosidl_typesupport_introspection_c.h
[18.237s] -- Installing: /home/k/Main/Studying/GitHub-Repositories/ROS2-Jazzy-Course/ros2_ws/install/turtlesim_project_interfaces/include/turtlesim_project_interfaces/turtlesim_project_interfaces/msg/detail/spawned_turtle__type_support.c
[18.237s] -- Installing: /home/k/Main/Studying/GitHub-Repositories/ROS2-Jazzy-Course/ros2_ws/install/turtlesim_project_interfaces/include/turtlesim_project_interfaces/turtlesim_project_interfaces/msg/rosidl_typesupport_introspection_c__visibility_control.h
[18.237s] -- Installing: /home/k/Main/Studying/GitHub-Repositories/ROS2-Jazzy-Course/ros2_ws/install/turtlesim_project_interfaces/lib/libturtlesim_project_interfaces__rosidl_typesupport_introspection_c.so
[18.238s] -- Set non-toolchain portion of runtime path of "/home/k/Main/Studying/GitHub-Repositories/ROS2-Jazzy-Course/ros2_ws/install/turtlesim_project_interfaces/lib/libturtlesim_project_interfaces__rosidl_typesupport_introspection_c.so" to ""
[18.238s] -- Installing: /home/k/Main/Studying/GitHub-Repositories/ROS2-Jazzy-Course/ros2_ws/install/turtlesim_project_interfaces/lib/libturtlesim_project_interfaces__rosidl_typesupport_c.so
[18.239s] -- Set non-toolchain portion of runtime path of "/home/k/Main/Studying/GitHub-Repositories/ROS2-Jazzy-Course/ros2_ws/install/turtlesim_project_interfaces/lib/libturtlesim_project_interfaces__rosidl_typesupport_c.so" to ""
[18.239s] -- Up-to-date: /home/k/Main/Studying/GitHub-Repositories/ROS2-Jazzy-Course/ros2_ws/install/turtlesim_project_interfaces/include/turtlesim_project_interfaces/turtlesim_project_interfaces
[18.240s] -- Up-to-date: /home/k/Main/Studying/GitHub-Repositories/ROS2-Jazzy-Course/ros2_ws/install/turtlesim_project_interfaces/include/turtlesim_project_interfaces/turtlesim_project_interfaces/msg
[18.240s] -- Up-to-date: /home/k/Main/Studying/GitHub-Repositories/ROS2-Jazzy-Course/ros2_ws/install/turtlesim_project_interfaces/include/turtlesim_project_interfaces/turtlesim_project_interfaces/msg/detail
[18.240s] -- Installing: /home/k/Main/Studying/GitHub-Repositories/ROS2-Jazzy-Course/ros2_ws/install/turtlesim_project_interfaces/include/turtlesim_project_interfaces/turtlesim_project_interfaces/msg/detail/spawned_turtle__type_support.cpp
[18.241s] -- Installing: /home/k/Main/Studying/GitHub-Repositories/ROS2-Jazzy-Course/ros2_ws/install/turtlesim_project_interfaces/include/turtlesim_project_interfaces/turtlesim_project_interfaces/msg/detail/spawned_turtle__rosidl_typesupport_introspection_cpp.hpp
[18.241s] -- Installing: /home/k/Main/Studying/GitHub-Repositories/ROS2-Jazzy-Course/ros2_ws/install/turtlesim_project_interfaces/lib/libturtlesim_project_interfaces__rosidl_typesupport_introspection_cpp.so
[18.241s] -- Set non-toolchain portion of runtime path of "/home/k/Main/Studying/GitHub-Repositories/ROS2-Jazzy-Course/ros2_ws/install/turtlesim_project_interfaces/lib/libturtlesim_project_interfaces__rosidl_typesupport_introspection_cpp.so" to ""
[18.242s] -- Installing: /home/k/Main/Studying/GitHub-Repositories/ROS2-Jazzy-Course/ros2_ws/install/turtlesim_project_interfaces/lib/libturtlesim_project_interfaces__rosidl_typesupport_cpp.so
[18.243s] -- Set non-toolchain portion of runtime path of "/home/k/Main/Studying/GitHub-Repositories/ROS2-Jazzy-Course/ros2_ws/install/turtlesim_project_interfaces/lib/libturtlesim_project_interfaces__rosidl_typesupport_cpp.so" to ""
[18.243s] -- Installing: /home/k/Main/Studying/GitHub-Repositories/ROS2-Jazzy-Course/ros2_ws/install/turtlesim_project_interfaces/share/turtlesim_project_interfaces/environment/pythonpath.sh
[18.243s] -- Installing: /home/k/Main/Studying/GitHub-Repositories/ROS2-Jazzy-Course/ros2_ws/install/turtlesim_project_interfaces/share/turtlesim_project_interfaces/environment/pythonpath.dsv
[18.244s] -- Installing: /home/k/Main/Studying/GitHub-Repositories/ROS2-Jazzy-Course/ros2_ws/install/turtlesim_project_interfaces/lib/python3.12/site-packages/turtlesim_project_interfaces-0.0.0-py3.12.egg-info
[18.244s] -- Installing: /home/k/Main/Studying/GitHub-Repositories/ROS2-Jazzy-Course/ros2_ws/install/turtlesim_project_interfaces/lib/python3.12/site-packages/turtlesim_project_interfaces-0.0.0-py3.12.egg-info/PKG-INFO
[18.244s] -- Installing: /home/k/Main/Studying/GitHub-Repositories/ROS2-Jazzy-Course/ros2_ws/install/turtlesim_project_interfaces/lib/python3.12/site-packages/turtlesim_project_interfaces-0.0.0-py3.12.egg-info/dependency_links.txt
[18.245s] -- Installing: /home/k/Main/Studying/GitHub-Repositories/ROS2-Jazzy-Course/ros2_ws/install/turtlesim_project_interfaces/lib/python3.12/site-packages/turtlesim_project_interfaces-0.0.0-py3.12.egg-info/top_level.txt
[18.245s] -- Installing: /home/k/Main/Studying/GitHub-Repositories/ROS2-Jazzy-Course/ros2_ws/install/turtlesim_project_interfaces/lib/python3.12/site-packages/turtlesim_project_interfaces-0.0.0-py3.12.egg-info/SOURCES.txt
[18.245s] -- Installing: /home/k/Main/Studying/GitHub-Repositories/ROS2-Jazzy-Course/ros2_ws/install/turtlesim_project_interfaces/lib/python3.12/site-packages/turtlesim_project_interfaces
[18.245s] -- Installing: /home/k/Main/Studying/GitHub-Repositories/ROS2-Jazzy-Course/ros2_ws/install/turtlesim_project_interfaces/lib/python3.12/site-packages/turtlesim_project_interfaces/_turtlesim_project_interfaces_s.ep.rosidl_typesupport_c.c
[18.246s] -- Installing: /home/k/Main/Studying/GitHub-Repositories/ROS2-Jazzy-Course/ros2_ws/install/turtlesim_project_interfaces/lib/python3.12/site-packages/turtlesim_project_interfaces/__init__.py
[18.246s] -- Installing: /home/k/Main/Studying/GitHub-Repositories/ROS2-Jazzy-Course/ros2_ws/install/turtlesim_project_interfaces/lib/python3.12/site-packages/turtlesim_project_interfaces/turtlesim_project_interfaces_s__rosidl_typesupport_fastrtps_c.so
[18.247s] -- Installing: /home/k/Main/Studying/GitHub-Repositories/ROS2-Jazzy-Course/ros2_ws/install/turtlesim_project_interfaces/lib/python3.12/site-packages/turtlesim_project_interfaces/_turtlesim_project_interfaces_s.ep.rosidl_typesupport_fastrtps_c.c
[18.251s] -- Installing: /home/k/Main/Studying/GitHub-Repositories/ROS2-Jazzy-Course/ros2_ws/install/turtlesim_project_interfaces/lib/python3.12/site-packages/turtlesim_project_interfaces/msg
[18.251s] -- Installing: /home/k/Main/Studying/GitHub-Repositories/ROS2-Jazzy-Course/ros2_ws/install/turtlesim_project_interfaces/lib/python3.12/site-packages/turtlesim_project_interfaces/msg/__init__.py
[18.251s] -- Installing: /home/k/Main/Studying/GitHub-Repositories/ROS2-Jazzy-Course/ros2_ws/install/turtlesim_project_interfaces/lib/python3.12/site-packages/turtlesim_project_interfaces/msg/_spawned_turtle_s.c
[18.251s] -- Installing: /home/k/Main/Studying/GitHub-Repositories/ROS2-Jazzy-Course/ros2_ws/install/turtlesim_project_interfaces/lib/python3.12/site-packages/turtlesim_project_interfaces/msg/_spawned_turtle.py
[18.252s] -- Installing: /home/k/Main/Studying/GitHub-Repositories/ROS2-Jazzy-Course/ros2_ws/install/turtlesim_project_interfaces/lib/python3.12/site-packages/turtlesim_project_interfaces/turtlesim_project_interfaces_s__rosidl_typesupport_c.so
[18.252s] -- Installing: /home/k/Main/Studying/GitHub-Repositories/ROS2-Jazzy-Course/ros2_ws/install/turtlesim_project_interfaces/lib/python3.12/site-packages/turtlesim_project_interfaces/_turtlesim_project_interfaces_s.ep.rosidl_typesupport_introspection_c.c
[18.252s] -- Installing: /home/k/Main/Studying/GitHub-Repositories/ROS2-Jazzy-Course/ros2_ws/install/turtlesim_project_interfaces/lib/python3.12/site-packages/turtlesim_project_interfaces/turtlesim_project_interfaces_s__rosidl_typesupport_introspection_c.so
[18.363s] Listing '/home/k/Main/Studying/GitHub-Repositories/ROS2-Jazzy-Course/ros2_ws/install/turtlesim_project_interfaces/lib/python3.12/site-packages/turtlesim_project_interfaces'...
[18.363s] Compiling '/home/k/Main/Studying/GitHub-Repositories/ROS2-Jazzy-Course/ros2_ws/install/turtlesim_project_interfaces/lib/python3.12/site-packages/turtlesim_project_interfaces/__init__.py'...
[18.364s] Listing '/home/k/Main/Studying/GitHub-Repositories/ROS2-Jazzy-Course/ros2_ws/install/turtlesim_project_interfaces/lib/python3.12/site-packages/turtlesim_project_interfaces/msg'...
[18.364s] Compiling '/home/k/Main/Studying/GitHub-Repositories/ROS2-Jazzy-Course/ros2_ws/install/turtlesim_project_interfaces/lib/python3.12/site-packages/turtlesim_project_interfaces/msg/__init__.py'...
[18.364s] Compiling '/home/k/Main/Studying/GitHub-Repositories/ROS2-Jazzy-Course/ros2_ws/install/turtlesim_project_interfaces/lib/python3.12/site-packages/turtlesim_project_interfaces/msg/_spawned_turtle.py'...
[18.383s] -- Installing: /home/k/Main/Studying/GitHub-Repositories/ROS2-Jazzy-Course/ros2_ws/install/turtlesim_project_interfaces/lib/python3.12/site-packages/turtlesim_project_interfaces/turtlesim_project_interfaces_s__rosidl_typesupport_fastrtps_c.so
[18.384s] -- Set non-toolchain portion of runtime path of "/home/k/Main/Studying/GitHub-Repositories/ROS2-Jazzy-Course/ros2_ws/install/turtlesim_project_interfaces/lib/python3.12/site-packages/turtlesim_project_interfaces/turtlesim_project_interfaces_s__rosidl_typesupport_fastrtps_c.so" to ""
[18.385s] -- Installing: /home/k/Main/Studying/GitHub-Repositories/ROS2-Jazzy-Course/ros2_ws/install/turtlesim_project_interfaces/lib/python3.12/site-packages/turtlesim_project_interfaces/turtlesim_project_interfaces_s__rosidl_typesupport_introspection_c.so
[18.386s] -- Set non-toolchain portion of runtime path of "/home/k/Main/Studying/GitHub-Repositories/ROS2-Jazzy-Course/ros2_ws/install/turtlesim_project_interfaces/lib/python3.12/site-packages/turtlesim_project_interfaces/turtlesim_project_interfaces_s__rosidl_typesupport_introspection_c.so" to ""
[18.388s] -- Installing: /home/k/Main/Studying/GitHub-Repositories/ROS2-Jazzy-Course/ros2_ws/install/turtlesim_project_interfaces/lib/python3.12/site-packages/turtlesim_project_interfaces/turtlesim_project_interfaces_s__rosidl_typesupport_c.so
[18.388s] -- Set non-toolchain portion of runtime path of "/home/k/Main/Studying/GitHub-Repositories/ROS2-Jazzy-Course/ros2_ws/install/turtlesim_project_interfaces/lib/python3.12/site-packages/turtlesim_project_interfaces/turtlesim_project_interfaces_s__rosidl_typesupport_c.so" to ""
[18.389s] -- Installing: /home/k/Main/Studying/GitHub-Repositories/ROS2-Jazzy-Course/ros2_ws/install/turtlesim_project_interfaces/lib/libturtlesim_project_interfaces__rosidl_generator_py.so
[18.391s] -- Set non-toolchain portion of runtime path of "/home/k/Main/Studying/GitHub-Repositories/ROS2-Jazzy-Course/ros2_ws/install/turtlesim_project_interfaces/lib/libturtlesim_project_interfaces__rosidl_generator_py.so" to ""
[18.391s] -- Installing: /home/k/Main/Studying/GitHub-Repositories/ROS2-Jazzy-Course/ros2_ws/install/turtlesim_project_interfaces/share/turtlesim_project_interfaces/msg/SpawnedTurtle.idl
[18.392s] -- Installing: /home/k/Main/Studying/GitHub-Repositories/ROS2-Jazzy-Course/ros2_ws/install/turtlesim_project_interfaces/share/turtlesim_project_interfaces/msg/SpawnedTurtle.msg
[18.393s] -- Installing: /home/k/Main/Studying/GitHub-Repositories/ROS2-Jazzy-Course/ros2_ws/install/turtlesim_project_interfaces/share/ament_index/resource_index/package_run_dependencies/turtlesim_project_interfaces
[18.394s] -- Installing: /home/k/Main/Studying/GitHub-Repositories/ROS2-Jazzy-Course/ros2_ws/install/turtlesim_project_interfaces/share/ament_index/resource_index/parent_prefix_path/turtlesim_project_interfaces
[18.395s] -- Installing: /home/k/Main/Studying/GitHub-Repositories/ROS2-Jazzy-Course/ros2_ws/install/turtlesim_project_interfaces/share/turtlesim_project_interfaces/environment/ament_prefix_path.sh
[18.396s] -- Installing: /home/k/Main/Studying/GitHub-Repositories/ROS2-Jazzy-Course/ros2_ws/install/turtlesim_project_interfaces/share/turtlesim_project_interfaces/environment/ament_prefix_path.dsv
[18.396s] -- Installing: /home/k/Main/Studying/GitHub-Repositories/ROS2-Jazzy-Course/ros2_ws/install/turtlesim_project_interfaces/share/turtlesim_project_interfaces/environment/path.sh
[18.397s] -- Installing: /home/k/Main/Studying/GitHub-Repositories/ROS2-Jazzy-Course/ros2_ws/install/turtlesim_project_interfaces/share/turtlesim_project_interfaces/environment/path.dsv
[18.398s] -- Installing: /home/k/Main/Studying/GitHub-Repositories/ROS2-Jazzy-Course/ros2_ws/install/turtlesim_project_interfaces/share/turtlesim_project_interfaces/local_setup.bash
[18.398s] -- Installing: /home/k/Main/Studying/GitHub-Repositories/ROS2-Jazzy-Course/ros2_ws/install/turtlesim_project_interfaces/share/turtlesim_project_interfaces/local_setup.sh
[18.399s] -- Installing: /home/k/Main/Studying/GitHub-Repositories/ROS2-Jazzy-Course/ros2_ws/install/turtlesim_project_interfaces/share/turtlesim_project_interfaces/local_setup.zsh
[18.400s] -- Installing: /home/k/Main/Studying/GitHub-Repositories/ROS2-Jazzy-Course/ros2_ws/install/turtlesim_project_interfaces/share/turtlesim_project_interfaces/local_setup.dsv
[18.401s] -- Installing: /home/k/Main/Studying/GitHub-Repositories/ROS2-Jazzy-Course/ros2_ws/install/turtlesim_project_interfaces/share/turtlesim_project_interfaces/package.dsv
[18.401s] -- Installing: /home/k/Main/Studying/GitHub-Repositories/ROS2-Jazzy-Course/ros2_ws/install/turtlesim_project_interfaces/share/ament_index/resource_index/packages/turtlesim_project_interfaces
[18.403s] -- Installing: /home/k/Main/Studying/GitHub-Repositories/ROS2-Jazzy-Course/ros2_ws/install/turtlesim_project_interfaces/share/turtlesim_project_interfaces/cmake/export_turtlesim_project_interfaces__rosidl_generator_cExport.cmake
[18.405s] -- Installing: /home/k/Main/Studying/GitHub-Repositories/ROS2-Jazzy-Course/ros2_ws/install/turtlesim_project_interfaces/share/turtlesim_project_interfaces/cmake/export_turtlesim_project_interfaces__rosidl_generator_cExport-noconfig.cmake
[18.405s] -- Installing: /home/k/Main/Studying/GitHub-Repositories/ROS2-Jazzy-Course/ros2_ws/install/turtlesim_project_interfaces/share/turtlesim_project_interfaces/cmake/export_turtlesim_project_interfaces__rosidl_typesupport_fastrtps_cExport.cmake
[18.405s] -- Installing: /home/k/Main/Studying/GitHub-Repositories/ROS2-Jazzy-Course/ros2_ws/install/turtlesim_project_interfaces/share/turtlesim_project_interfaces/cmake/export_turtlesim_project_interfaces__rosidl_typesupport_fastrtps_cExport-noconfig.cmake
[18.406s] -- Installing: /home/k/Main/Studying/GitHub-Repositories/ROS2-Jazzy-Course/ros2_ws/install/turtlesim_project_interfaces/share/turtlesim_project_interfaces/cmake/export_turtlesim_project_interfaces__rosidl_generator_cppExport.cmake
[18.406s] -- Installing: /home/k/Main/Studying/GitHub-Repositories/ROS2-Jazzy-Course/ros2_ws/install/turtlesim_project_interfaces/share/turtlesim_project_interfaces/cmake/export_turtlesim_project_interfaces__rosidl_typesupport_fastrtps_cppExport.cmake
[18.406s] -- Installing: /home/k/Main/Studying/GitHub-Repositories/ROS2-Jazzy-Course/ros2_ws/install/turtlesim_project_interfaces/share/turtlesim_project_interfaces/cmake/export_turtlesim_project_interfaces__rosidl_typesupport_fastrtps_cppExport-noconfig.cmake
[18.406s] -- Installing: /home/k/Main/Studying/GitHub-Repositories/ROS2-Jazzy-Course/ros2_ws/install/turtlesim_project_interfaces/share/turtlesim_project_interfaces/cmake/turtlesim_project_interfaces__rosidl_typesupport_introspection_cExport.cmake
[18.407s] -- Installing: /home/k/Main/Studying/GitHub-Repositories/ROS2-Jazzy-Course/ros2_ws/install/turtlesim_project_interfaces/share/turtlesim_project_interfaces/cmake/turtlesim_project_interfaces__rosidl_typesupport_introspection_cExport-noconfig.cmake
[18.407s] -- Installing: /home/k/Main/Studying/GitHub-Repositories/ROS2-Jazzy-Course/ros2_ws/install/turtlesim_project_interfaces/share/turtlesim_project_interfaces/cmake/turtlesim_project_interfaces__rosidl_typesupport_cExport.cmake
[18.407s] -- Installing: /home/k/Main/Studying/GitHub-Repositories/ROS2-Jazzy-Course/ros2_ws/install/turtlesim_project_interfaces/share/turtlesim_project_interfaces/cmake/turtlesim_project_interfaces__rosidl_typesupport_cExport-noconfig.cmake
[18.408s] -- Installing: /home/k/Main/Studying/GitHub-Repositories/ROS2-Jazzy-Course/ros2_ws/install/turtlesim_project_interfaces/share/turtlesim_project_interfaces/cmake/turtlesim_project_interfaces__rosidl_typesupport_introspection_cppExport.cmake
[18.408s] -- Installing: /home/k/Main/Studying/GitHub-Repositories/ROS2-Jazzy-Course/ros2_ws/install/turtlesim_project_interfaces/share/turtlesim_project_interfaces/cmake/turtlesim_project_interfaces__rosidl_typesupport_introspection_cppExport-noconfig.cmake
[18.408s] -- Installing: /home/k/Main/Studying/GitHub-Repositories/ROS2-Jazzy-Course/ros2_ws/install/turtlesim_project_interfaces/share/turtlesim_project_interfaces/cmake/turtlesim_project_interfaces__rosidl_typesupport_cppExport.cmake
[18.409s] -- Installing: /home/k/Main/Studying/GitHub-Repositories/ROS2-Jazzy-Course/ros2_ws/install/turtlesim_project_interfaces/share/turtlesim_project_interfaces/cmake/turtlesim_project_interfaces__rosidl_typesupport_cppExport-noconfig.cmake
[18.409s] -- Installing: /home/k/Main/Studying/GitHub-Repositories/ROS2-Jazzy-Course/ros2_ws/install/turtlesim_project_interfaces/share/turtlesim_project_interfaces/cmake/export_turtlesim_project_interfaces__rosidl_generator_pyExport.cmake
[18.409s] -- Installing: /home/k/Main/Studying/GitHub-Repositories/ROS2-Jazzy-Course/ros2_ws/install/turtlesim_project_interfaces/share/turtlesim_project_interfaces/cmake/export_turtlesim_project_interfaces__rosidl_generator_pyExport-noconfig.cmake
[18.410s] -- Installing: /home/k/Main/Studying/GitHub-Repositories/ROS2-Jazzy-Course/ros2_ws/install/turtlesim_project_interfaces/share/turtlesim_project_interfaces/cmake/rosidl_cmake-extras.cmake
[18.410s] -- Installing: /home/k/Main/Studying/GitHub-Repositories/ROS2-Jazzy-Course/ros2_ws/install/turtlesim_project_interfaces/share/turtlesim_project_interfaces/cmake/ament_cmake_export_dependencies-extras.cmake
[18.410s] -- Installing: /home/k/Main/Studying/GitHub-Repositories/ROS2-Jazzy-Course/ros2_ws/install/turtlesim_project_interfaces/share/turtlesim_project_interfaces/cmake/ament_cmake_export_include_directories-extras.cmake
[18.411s] -- Installing: /home/k/Main/Studying/GitHub-Repositories/ROS2-Jazzy-Course/ros2_ws/install/turtlesim_project_interfaces/share/turtlesim_project_interfaces/cmake/ament_cmake_export_libraries-extras.cmake
[18.411s] -- Installing: /home/k/Main/Studying/GitHub-Repositories/ROS2-Jazzy-Course/ros2_ws/install/turtlesim_project_interfaces/share/turtlesim_project_interfaces/cmake/ament_cmake_export_targets-extras.cmake
[18.412s] -- Installing: /home/k/Main/Studying/GitHub-Repositories/ROS2-Jazzy-Course/ros2_ws/install/turtlesim_project_interfaces/share/turtlesim_project_interfaces/cmake/rosidl_cmake_export_typesupport_targets-extras.cmake
[18.412s] -- Installing: /home/k/Main/Studying/GitHub-Repositories/ROS2-Jazzy-Course/ros2_ws/install/turtlesim_project_interfaces/share/turtlesim_project_interfaces/cmake/rosidl_cmake_export_typesupport_libraries-extras.cmake
[18.412s] -- Installing: /home/k/Main/Studying/GitHub-Repositories/ROS2-Jazzy-Course/ros2_ws/install/turtlesim_project_interfaces/share/turtlesim_project_interfaces/cmake/turtlesim_project_interfacesConfig.cmake
[18.413s] -- Installing: /home/k/Main/Studying/GitHub-Repositories/ROS2-Jazzy-Course/ros2_ws/install/turtlesim_project_interfaces/share/turtlesim_project_interfaces/cmake/turtlesim_project_interfacesConfig-version.cmake
[18.413s] -- Installing: /home/k/Main/Studying/GitHub-Repositories/ROS2-Jazzy-Course/ros2_ws/install/turtlesim_project_interfaces/share/turtlesim_project_interfaces/package.xml
[18.419s] Invoked command in '/home/k/Main/Studying/GitHub-Repositories/ROS2-Jazzy-Course/ros2_ws/build/turtlesim_project_interfaces' returned '0': CMAKE_PREFIX_PATH=${CMAKE_PREFIX_PATH}:/home/k/Main/Studying/GitHub-Repositories/ROS2-Jazzy-Course/ros2_ws/install/turtlesim_project:/home/k/Main/Studying/GitHub-Repositories/ROS2-Jazzy-Course/ros2_ws/install/my_py_pkg:/opt/ros/jazzy DEBUGINFOD_URLS=https://debuginfod.ubuntu.com /usr/bin/cmake --install /home/k/Main/Studying/GitHub-Repositories/ROS2-Jazzy-Course/ros2_ws/build/turtlesim_project_interfaces
