[0.030s] Invoking command in '/home/k/Main/Studying/GitHub-Repositories/ROS2-Jazzy-Course/ros2_ws/build/turtlesim_project_interfaces': CMAKE_PREFIX_PATH=${CMAKE_PREFIX_PATH}:/home/k/Main/Studying/GitHub-Repositories/ROS2-Jazzy-Course/ros2_ws/install/turtlesim_project:/home/k/Main/Studying/GitHub-Repositories/ROS2-Jazzy-Course/ros2_ws/install/my_py_pkg:/opt/ros/jazzy DEBUGINFOD_URLS=https://debuginfod.ubuntu.com /usr/bin/cmake /home/k/Main/Studying/GitHub-Repositories/ROS2-Jazzy-Course/ros2_ws/src/turtlesim_project_interfaces -DCMAKE_INSTALL_PREFIX=/home/k/Main/Studying/GitHub-Repositories/ROS2-Jazzy-Course/ros2_ws/install/turtlesim_project_interfaces
[0.073s] -- Found ament_cmake: 2.5.4 (/opt/ros/jazzy/share/ament_cmake/cmake)
[0.747s] -- Found rclcpp: 28.1.10 (/opt/ros/jazzy/share/rclcpp/cmake)
[0.858s] -- Found rosidl_generator_c: 4.6.5 (/opt/ros/jazzy/share/rosidl_generator_c/cmake)
[0.902s] -- Found rosidl_generator_cpp: 4.6.5 (/opt/ros/jazzy/share/rosidl_generator_cpp/cmake)
[0.957s] -- Using all available rosidl_typesupport_c: rosidl_typesupport_fastrtps_c;rosidl_typesupport_introspection_c
[1.019s] -- Using all available rosidl_typesupport_cpp: rosidl_typesupport_fastrtps_cpp;rosidl_typesupport_introspection_cpp
[1.310s] -- Found rmw_implementation_cmake: 7.3.2 (/opt/ros/jazzy/share/rmw_implementation_cmake/cmake)
[1.317s] -- Found rmw_fastrtps_cpp: 8.4.2 (/opt/ros/jazzy/share/rmw_fastrtps_cpp/cmake)
[1.578s] -- Using RMW implementation 'rmw_fastrtps_cpp' as default
[1.870s] -- Found turtlesim: 1.8.3 (/opt/ros/jazzy/share/turtlesim/cmake)
[2.116s] -- Found rosidl_default_generators: 1.6.0 (/opt/ros/jazzy/share/rosidl_default_generators/cmake)
[2.152s] -- Found rosidl_adapter: 4.6.5 (/opt/ros/jazzy/share/rosidl_adapter/cmake)
[2.159s] -- Found ament_lint_auto: 0.17.2 (/opt/ros/jazzy/share/ament_lint_auto/cmake)
[3.274s] [31mCMake Error at /opt/ros/jazzy/share/rosidl_adapter/cmake/rosidl_adapt_interfaces.cmake:57 (message):
[3.275s]   execute_process(/usr/bin/python3 -m rosidl_adapter --package-name
[3.275s]   turtlesim_project_interfaces --arguments-file
[3.275s]   /home/k/Main/Studying/GitHub-Repositories/ROS2-Jazzy-Course/ros2_ws/build/turtlesim_project_interfaces/rosidl_adapter__arguments__turtlesim_project_interfaces.json
[3.276s]   --output-dir
[3.276s]   /home/k/Main/Studying/GitHub-Repositories/ROS2-Jazzy-Course/ros2_ws/build/turtlesim_project_interfaces/rosidl_adapter/turtlesim_project_interfaces
[3.276s]   --output-file
[3.276s]   /home/k/Main/Studying/GitHub-Repositories/ROS2-Jazzy-Course/ros2_ws/build/turtlesim_project_interfaces/rosidl_adapter/turtlesim_project_interfaces.idls)
[3.277s]   returned error code 1:
[3.277s] 
[3.277s]   Error processing 'turtlesim/msg/Pose pose' of
[3.277s]   'turtlesim_project_interfaces/SpawnedTurtle': 'turtlesim/msg/Pose'
[3.278s] 
[3.278s]   Traceback (most recent call last):
[3.278s] 
[3.278s]     File "<frozen runpy>", line 198, in _run_module_as_main
[3.278s]     File "<frozen runpy>", line 88, in _run_code
[3.279s]     File "/opt/ros/jazzy/lib/python3.12/site-packages/rosidl_adapter/__main__.py", line 19, in <module>
[3.279s]       sys.exit(main())
[3.279s]                ^^^^^^
[3.279s]     File "/opt/ros/jazzy/lib/python3.12/site-packages/rosidl_adapter/main.py", line 53, in main
[3.280s]       abs_idl_file = convert_to_idl(
[3.280s]                      ^^^^^^^^^^^^^^^
[3.280s]     File "/opt/ros/jazzy/lib/python3.12/site-packages/rosidl_adapter/__init__.py", line 19, in convert_to_idl
[3.280s]       return convert_msg_to_idl(
[3.281s]              ^^^^^^^^^^^^^^^^^^^
[3.281s]     File "/opt/ros/jazzy/lib/python3.12/site-packages/rosidl_adapter/msg/__init__.py", line 28, in convert_msg_to_idl
[3.281s]       msg = parse_message_string(package_name, input_file.stem, content)
[3.281s]             ^^^^^^^^^^^^^^^^^^^^^^^^^^^^^^^^^^^^^^^^^^^^^^^^^^^^^^^^^^^^
[3.281s]     File "/opt/ros/jazzy/lib/python3.12/site-packages/rosidl_adapter/parser.py", line 521, in parse_message_string
[3.282s]       Type(type_string, context_package_name=pkg_name),
[3.282s]       ^^^^^^^^^^^^^^^^^^^^^^^^^^^^^^^^^^^^^^^^^^^^^^^^
[3.282s]     File "/opt/ros/jazzy/lib/python3.12/site-packages/rosidl_adapter/parser.py", line 278, in __init__
[3.282s]       super(Type, self).__init__(
[3.283s]     File "/opt/ros/jazzy/lib/python3.12/site-packages/rosidl_adapter/parser.py", line 191, in __init__
[3.283s]       raise InvalidResourceName(type_string)
[3.283s] 
[3.283s]   rosidl_adapter.parser.InvalidResourceName: turtlesim/msg/Pose
[3.284s] 
[3.284s] Call Stack (most recent call first):
[3.284s]   /opt/ros/jazzy/share/rosidl_cmake/cmake/rosidl_generate_interfaces.cmake:132 (rosidl_adapt_interfaces)
[3.284s]   CMakeLists.txt:35 (rosidl_generate_interfaces)
[3.284s] 
[3.285s] [0m
[3.285s] -- Configuring incomplete, errors occurred!
[3.301s] Invoked command in '/home/k/Main/Studying/GitHub-Repositories/ROS2-Jazzy-Course/ros2_ws/build/turtlesim_project_interfaces' returned '1': CMAKE_PREFIX_PATH=${CMAKE_PREFIX_PATH}:/home/k/Main/Studying/GitHub-Repositories/ROS2-Jazzy-Course/ros2_ws/install/turtlesim_project:/home/k/Main/Studying/GitHub-Repositories/ROS2-Jazzy-Course/ros2_ws/install/my_py_pkg:/opt/ros/jazzy DEBUGINFOD_URLS=https://debuginfod.ubuntu.com /usr/bin/cmake /home/k/Main/Studying/GitHub-Repositories/ROS2-Jazzy-Course/ros2_ws/src/turtlesim_project_interfaces -DCMAKE_INSTALL_PREFIX=/home/k/Main/Studying/GitHub-Repositories/ROS2-Jazzy-Course/ros2_ws/install/turtlesim_project_interfaces
