[0.032s] Invoking command in '/home/k/Main/Studying/GitHub-Repositories/ROS2-Jazzy-Course/ros2_ws/build/turtlesim_project_interfaces': CMAKE_PREFIX_PATH=${CMAKE_PREFIX_PATH}:/home/k/Main/Studying/GitHub-Repositories/ROS2-Jazzy-Course/ros2_ws/install/turtlesim_project:/home/k/Main/Studying/GitHub-Repositories/ROS2-Jazzy-Course/ros2_ws/install/my_py_pkg:/opt/ros/jazzy DEBUGINFOD_URLS=https://debuginfod.ubuntu.com /usr/bin/cmake --build /home/k/Main/Studying/GitHub-Repositories/ROS2-Jazzy-Course/ros2_ws/build/turtlesim_project_interfaces -- -j4 -l4
[0.129s] -- Found ament_cmake: 2.5.4 (/opt/ros/jazzy/share/ament_cmake/cmake)
[0.219s] -- Found Python3: /usr/bin/python3 (found version "3.12.3") found components: Interpreter 
[0.468s] -- Found rclcpp: 28.1.10 (/opt/ros/jazzy/share/rclcpp/cmake)
[0.580s] -- Found rosidl_generator_c: 4.6.5 (/opt/ros/jazzy/share/rosidl_generator_c/cmake)
[0.626s] -- Found rosidl_generator_cpp: 4.6.5 (/opt/ros/jazzy/share/rosidl_generator_cpp/cmake)
[0.679s] -- Using all available rosidl_typesupport_c: rosidl_typesupport_fastrtps_c;rosidl_typesupport_introspection_c
[0.744s] -- Using all available rosidl_typesupport_cpp: rosidl_typesupport_fastrtps_cpp;rosidl_typesupport_introspection_cpp
[1.042s] -- Found rmw_implementation_cmake: 7.3.2 (/opt/ros/jazzy/share/rmw_implementation_cmake/cmake)
[1.048s] -- Found rmw_fastrtps_cpp: 8.4.2 (/opt/ros/jazzy/share/rmw_fastrtps_cpp/cmake)
[1.307s] -- Using RMW implementation 'rmw_fastrtps_cpp' as default
[1.608s] -- Found turtlesim: 1.8.3 (/opt/ros/jazzy/share/turtlesim/cmake)
[1.851s] -- Found rosidl_default_generators: 1.6.0 (/opt/ros/jazzy/share/rosidl_default_generators/cmake)
[1.890s] -- Found rosidl_adapter: 4.6.5 (/opt/ros/jazzy/share/rosidl_adapter/cmake)
[1.897s] -- Found ament_lint_auto: 0.17.2 (/opt/ros/jazzy/share/ament_lint_auto/cmake)
[2.752s] -- Found ament_cmake_ros: 0.12.0 (/opt/ros/jazzy/share/ament_cmake_ros/cmake)
[3.411s] -- Using all available rosidl_typesupport_c: rosidl_typesupport_fastrtps_c;rosidl_typesupport_introspection_c
[3.658s] -- Using all available rosidl_typesupport_cpp: rosidl_typesupport_fastrtps_cpp;rosidl_typesupport_introspection_cpp
[3.661s] -- Found python_cmake_module: 0.11.1 (/opt/ros/jazzy/share/python_cmake_module/cmake)
[4.499s] -- Found Python3: /usr/bin/python3 (found version "3.12.3") found components: Interpreter Development NumPy Development.Module Development.Embed 
[4.575s] -- Added test 'lint_cmake' to check CMake code style
[4.577s] -- Added test 'xmllint' to check XML markup files
[4.594s] -- Configuring done (4.5s)
[4.751s] -- Generating done (0.1s)
[4.817s] -- Build files have been written to: /home/k/Main/Studying/GitHub-Repositories/ROS2-Jazzy-Course/ros2_ws/build/turtlesim_project_interfaces
[4.930s] [  2%] Built target turtlesim_project_interfaces__rosidl_generator_type_description
[4.952s] [  2%] Built target ament_cmake_python_copy_turtlesim_project_interfaces
[4.998s] [  5%] Built target turtlesim_project_interfaces__cpp
[5.005s] [ 20%] Built target turtlesim_project_interfaces__rosidl_generator_c
[5.074s] [ 29%] Built target turtlesim_project_interfaces__rosidl_typesupport_cpp
[5.076s] [ 38%] Built target turtlesim_project_interfaces__rosidl_typesupport_fastrtps_c
[5.081s] [ 47%] Built target turtlesim_project_interfaces__rosidl_typesupport_fastrtps_cpp
[5.145s] [ 55%] Built target turtlesim_project_interfaces__rosidl_typesupport_c
[5.150s] [ 64%] Built target turtlesim_project_interfaces__rosidl_typesupport_introspection_c
[5.160s] [ 73%] Built target turtlesim_project_interfaces__rosidl_typesupport_introspection_cpp
[5.222s] [ 73%] Built target turtlesim_project_interfaces
[5.277s] [ 76%] Built target turtlesim_project_interfaces__py
[5.350s] [ 82%] Built target turtlesim_project_interfaces__rosidl_generator_py
[5.437s] [ 88%] Built target turtlesim_project_interfaces_s__rosidl_typesupport_introspection_c
[5.443s] [ 94%] Built target turtlesim_project_interfaces_s__rosidl_typesupport_fastrtps_c
[5.445s] [100%] Built target turtlesim_project_interfaces_s__rosidl_typesupport_c
[5.665s] running egg_info
[5.732s] writing turtlesim_project_interfaces.egg-info/PKG-INFO
[5.732s] writing dependency_links to turtlesim_project_interfaces.egg-info/dependency_links.txt
[5.733s] writing top-level names to turtlesim_project_interfaces.egg-info/top_level.txt
[5.947s] reading manifest file 'turtlesim_project_interfaces.egg-info/SOURCES.txt'
[5.948s] writing manifest file 'turtlesim_project_interfaces.egg-info/SOURCES.txt'
[6.030s] [100%] Built target ament_cmake_python_build_turtlesim_project_interfaces_egg
[6.061s] Invoked command in '/home/k/Main/Studying/GitHub-Repositories/ROS2-Jazzy-Course/ros2_ws/build/turtlesim_project_interfaces' returned '0': CMAKE_PREFIX_PATH=${CMAKE_PREFIX_PATH}:/home/k/Main/Studying/GitHub-Repositories/ROS2-Jazzy-Course/ros2_ws/install/turtlesim_project:/home/k/Main/Studying/GitHub-Repositories/ROS2-Jazzy-Course/ros2_ws/install/my_py_pkg:/opt/ros/jazzy DEBUGINFOD_URLS=https://debuginfod.ubuntu.com /usr/bin/cmake --build /home/k/Main/Studying/GitHub-Repositories/ROS2-Jazzy-Course/ros2_ws/build/turtlesim_project_interfaces -- -j4 -l4
[6.088s] Invoking command in '/home/k/Main/Studying/GitHub-Repositories/ROS2-Jazzy-Course/ros2_ws/build/turtlesim_project_interfaces': CMAKE_PREFIX_PATH=${CMAKE_PREFIX_PATH}:/home/k/Main/Studying/GitHub-Repositories/ROS2-Jazzy-Course/ros2_ws/install/turtlesim_project:/home/k/Main/Studying/GitHub-Repositories/ROS2-Jazzy-Course/ros2_ws/install/my_py_pkg:/opt/ros/jazzy DEBUGINFOD_URLS=https://debuginfod.ubuntu.com /usr/bin/cmake --install /home/k/Main/Studying/GitHub-Repositories/ROS2-Jazzy-Course/ros2_ws/build/turtlesim_project_interfaces
[6.112s] -- Install configuration: ""
[6.113s] -- Up-to-date: /home/k/Main/Studying/GitHub-Repositories/ROS2-Jazzy-Course/ros2_ws/install/turtlesim_project_interfaces/share/ament_index/resource_index/rosidl_interfaces/turtlesim_project_interfaces
[6.113s] -- Up-to-date: /home/k/Main/Studying/GitHub-Repositories/ROS2-Jazzy-Course/ros2_ws/install/turtlesim_project_interfaces/share/turtlesim_project_interfaces/msg/SpawnedTurtle.json
[6.113s] -- Up-to-date: /home/k/Main/Studying/GitHub-Repositories/ROS2-Jazzy-Course/ros2_ws/install/turtlesim_project_interfaces/include/turtlesim_project_interfaces/turtlesim_project_interfaces
[6.114s] -- Up-to-date: /home/k/Main/Studying/GitHub-Repositories/ROS2-Jazzy-Course/ros2_ws/install/turtlesim_project_interfaces/include/turtlesim_project_interfaces/turtlesim_project_interfaces/msg
[6.114s] -- Up-to-date: /home/k/Main/Studying/GitHub-Repositories/ROS2-Jazzy-Course/ros2_ws/install/turtlesim_project_interfaces/include/turtlesim_project_interfaces/turtlesim_project_interfaces/msg/spawned_turtle.h
[6.114s] -- Up-to-date: /home/k/Main/Studying/GitHub-Repositories/ROS2-Jazzy-Course/ros2_ws/install/turtlesim_project_interfaces/include/turtlesim_project_interfaces/turtlesim_project_interfaces/msg/detail
[6.114s] -- Up-to-date: /home/k/Main/Studying/GitHub-Repositories/ROS2-Jazzy-Course/ros2_ws/install/turtlesim_project_interfaces/include/turtlesim_project_interfaces/turtlesim_project_interfaces/msg/detail/spawned_turtle__functions.c
[6.114s] -- Up-to-date: /home/k/Main/Studying/GitHub-Repositories/ROS2-Jazzy-Course/ros2_ws/install/turtlesim_project_interfaces/include/turtlesim_project_interfaces/turtlesim_project_interfaces/msg/detail/spawned_turtle__description.c
[6.115s] -- Up-to-date: /home/k/Main/Studying/GitHub-Repositories/ROS2-Jazzy-Course/ros2_ws/install/turtlesim_project_interfaces/include/turtlesim_project_interfaces/turtlesim_project_interfaces/msg/detail/spawned_turtle__struct.h
[6.115s] -- Up-to-date: /home/k/Main/Studying/GitHub-Repositories/ROS2-Jazzy-Course/ros2_ws/install/turtlesim_project_interfaces/include/turtlesim_project_interfaces/turtlesim_project_interfaces/msg/detail/spawned_turtle__functions.h
[6.115s] -- Installing: /home/k/Main/Studying/GitHub-Repositories/ROS2-Jazzy-Course/ros2_ws/install/turtlesim_project_interfaces/include/turtlesim_project_interfaces/turtlesim_project_interfaces/msg/detail/spawned_turtle__type_support.c
[6.116s] -- Up-to-date: /home/k/Main/Studying/GitHub-Repositories/ROS2-Jazzy-Course/ros2_ws/install/turtlesim_project_interfaces/include/turtlesim_project_interfaces/turtlesim_project_interfaces/msg/detail/spawned_turtle__type_support.h
[6.116s] -- Up-to-date: /home/k/Main/Studying/GitHub-Repositories/ROS2-Jazzy-Course/ros2_ws/install/turtlesim_project_interfaces/include/turtlesim_project_interfaces/turtlesim_project_interfaces/msg/rosidl_generator_c__visibility_control.h
[6.116s] -- Up-to-date: /home/k/Main/Studying/GitHub-Repositories/ROS2-Jazzy-Course/ros2_ws/install/turtlesim_project_interfaces/share/turtlesim_project_interfaces/environment/library_path.sh
[6.117s] -- Up-to-date: /home/k/Main/Studying/GitHub-Repositories/ROS2-Jazzy-Course/ros2_ws/install/turtlesim_project_interfaces/share/turtlesim_project_interfaces/environment/library_path.dsv
[6.117s] -- Up-to-date: /home/k/Main/Studying/GitHub-Repositories/ROS2-Jazzy-Course/ros2_ws/install/turtlesim_project_interfaces/lib/libturtlesim_project_interfaces__rosidl_generator_c.so
[6.118s] -- Up-to-date: /home/k/Main/Studying/GitHub-Repositories/ROS2-Jazzy-Course/ros2_ws/install/turtlesim_project_interfaces/include/turtlesim_project_interfaces/turtlesim_project_interfaces
[6.118s] -- Up-to-date: /home/k/Main/Studying/GitHub-Repositories/ROS2-Jazzy-Course/ros2_ws/install/turtlesim_project_interfaces/include/turtlesim_project_interfaces/turtlesim_project_interfaces/msg
[6.119s] -- Up-to-date: /home/k/Main/Studying/GitHub-Repositories/ROS2-Jazzy-Course/ros2_ws/install/turtlesim_project_interfaces/include/turtlesim_project_interfaces/turtlesim_project_interfaces/msg/detail
[6.119s] -- Up-to-date: /home/k/Main/Studying/GitHub-Repositories/ROS2-Jazzy-Course/ros2_ws/install/turtlesim_project_interfaces/include/turtlesim_project_interfaces/turtlesim_project_interfaces/msg/detail/spawned_turtle__rosidl_typesupport_fastrtps_c.h
[6.119s] -- Up-to-date: /home/k/Main/Studying/GitHub-Repositories/ROS2-Jazzy-Course/ros2_ws/install/turtlesim_project_interfaces/include/turtlesim_project_interfaces/turtlesim_project_interfaces/msg/rosidl_typesupport_fastrtps_c__visibility_control.h
[6.120s] -- Up-to-date: /home/k/Main/Studying/GitHub-Repositories/ROS2-Jazzy-Course/ros2_ws/install/turtlesim_project_interfaces/lib/libturtlesim_project_interfaces__rosidl_typesupport_fastrtps_c.so
[6.120s] -- Up-to-date: /home/k/Main/Studying/GitHub-Repositories/ROS2-Jazzy-Course/ros2_ws/install/turtlesim_project_interfaces/include/turtlesim_project_interfaces/turtlesim_project_interfaces
[6.121s] -- Up-to-date: /home/k/Main/Studying/GitHub-Repositories/ROS2-Jazzy-Course/ros2_ws/install/turtlesim_project_interfaces/include/turtlesim_project_interfaces/turtlesim_project_interfaces/msg
[6.121s] -- Up-to-date: /home/k/Main/Studying/GitHub-Repositories/ROS2-Jazzy-Course/ros2_ws/install/turtlesim_project_interfaces/include/turtlesim_project_interfaces/turtlesim_project_interfaces/msg/detail
[6.121s] -- Up-to-date: /home/k/Main/Studying/GitHub-Repositories/ROS2-Jazzy-Course/ros2_ws/install/turtlesim_project_interfaces/include/turtlesim_project_interfaces/turtlesim_project_interfaces/msg/detail/spawned_turtle__traits.hpp
[6.121s] -- Up-to-date: /home/k/Main/Studying/GitHub-Repositories/ROS2-Jazzy-Course/ros2_ws/install/turtlesim_project_interfaces/include/turtlesim_project_interfaces/turtlesim_project_interfaces/msg/detail/spawned_turtle__struct.hpp
[6.122s] -- Up-to-date: /home/k/Main/Studying/GitHub-Repositories/ROS2-Jazzy-Course/ros2_ws/install/turtlesim_project_interfaces/include/turtlesim_project_interfaces/turtlesim_project_interfaces/msg/detail/spawned_turtle__type_support.hpp
[6.122s] -- Up-to-date: /home/k/Main/Studying/GitHub-Repositories/ROS2-Jazzy-Course/ros2_ws/install/turtlesim_project_interfaces/include/turtlesim_project_interfaces/turtlesim_project_interfaces/msg/detail/spawned_turtle__builder.hpp
[6.122s] -- Up-to-date: /home/k/Main/Studying/GitHub-Repositories/ROS2-Jazzy-Course/ros2_ws/install/turtlesim_project_interfaces/include/turtlesim_project_interfaces/turtlesim_project_interfaces/msg/spawned_turtle.hpp
[6.123s] -- Up-to-date: /home/k/Main/Studying/GitHub-Repositories/ROS2-Jazzy-Course/ros2_ws/install/turtlesim_project_interfaces/include/turtlesim_project_interfaces/turtlesim_project_interfaces/msg/rosidl_generator_cpp__visibility_control.hpp
[6.123s] -- Up-to-date: /home/k/Main/Studying/GitHub-Repositories/ROS2-Jazzy-Course/ros2_ws/install/turtlesim_project_interfaces/include/turtlesim_project_interfaces/turtlesim_project_interfaces
[6.123s] -- Up-to-date: /home/k/Main/Studying/GitHub-Repositories/ROS2-Jazzy-Course/ros2_ws/install/turtlesim_project_interfaces/include/turtlesim_project_interfaces/turtlesim_project_interfaces/msg
[6.123s] -- Up-to-date: /home/k/Main/Studying/GitHub-Repositories/ROS2-Jazzy-Course/ros2_ws/install/turtlesim_project_interfaces/include/turtlesim_project_interfaces/turtlesim_project_interfaces/msg/detail
[6.124s] -- Up-to-date: /home/k/Main/Studying/GitHub-Repositories/ROS2-Jazzy-Course/ros2_ws/install/turtlesim_project_interfaces/include/turtlesim_project_interfaces/turtlesim_project_interfaces/msg/detail/spawned_turtle__rosidl_typesupport_fastrtps_cpp.hpp
[6.124s] -- Up-to-date: /home/k/Main/Studying/GitHub-Repositories/ROS2-Jazzy-Course/ros2_ws/install/turtlesim_project_interfaces/include/turtlesim_project_interfaces/turtlesim_project_interfaces/msg/detail/dds_fastrtps
[6.124s] -- Up-to-date: /home/k/Main/Studying/GitHub-Repositories/ROS2-Jazzy-Course/ros2_ws/install/turtlesim_project_interfaces/include/turtlesim_project_interfaces/turtlesim_project_interfaces/msg/rosidl_typesupport_fastrtps_cpp__visibility_control.h
[6.124s] -- Up-to-date: /home/k/Main/Studying/GitHub-Repositories/ROS2-Jazzy-Course/ros2_ws/install/turtlesim_project_interfaces/lib/libturtlesim_project_interfaces__rosidl_typesupport_fastrtps_cpp.so
[6.125s] -- Up-to-date: /home/k/Main/Studying/GitHub-Repositories/ROS2-Jazzy-Course/ros2_ws/install/turtlesim_project_interfaces/include/turtlesim_project_interfaces/turtlesim_project_interfaces
[6.125s] -- Up-to-date: /home/k/Main/Studying/GitHub-Repositories/ROS2-Jazzy-Course/ros2_ws/install/turtlesim_project_interfaces/include/turtlesim_project_interfaces/turtlesim_project_interfaces/msg
[6.125s] -- Up-to-date: /home/k/Main/Studying/GitHub-Repositories/ROS2-Jazzy-Course/ros2_ws/install/turtlesim_project_interfaces/include/turtlesim_project_interfaces/turtlesim_project_interfaces/msg/detail
[6.125s] -- Up-to-date: /home/k/Main/Studying/GitHub-Repositories/ROS2-Jazzy-Course/ros2_ws/install/turtlesim_project_interfaces/include/turtlesim_project_interfaces/turtlesim_project_interfaces/msg/detail/spawned_turtle__rosidl_typesupport_introspection_c.h
[6.126s] -- Installing: /home/k/Main/Studying/GitHub-Repositories/ROS2-Jazzy-Course/ros2_ws/install/turtlesim_project_interfaces/include/turtlesim_project_interfaces/turtlesim_project_interfaces/msg/detail/spawned_turtle__type_support.c
[6.126s] -- Up-to-date: /home/k/Main/Studying/GitHub-Repositories/ROS2-Jazzy-Course/ros2_ws/install/turtlesim_project_interfaces/include/turtlesim_project_interfaces/turtlesim_project_interfaces/msg/rosidl_typesupport_introspection_c__visibility_control.h
[6.126s] -- Up-to-date: /home/k/Main/Studying/GitHub-Repositories/ROS2-Jazzy-Course/ros2_ws/install/turtlesim_project_interfaces/lib/libturtlesim_project_interfaces__rosidl_typesupport_introspection_c.so
[6.127s] -- Up-to-date: /home/k/Main/Studying/GitHub-Repositories/ROS2-Jazzy-Course/ros2_ws/install/turtlesim_project_interfaces/lib/libturtlesim_project_interfaces__rosidl_typesupport_c.so
[6.127s] -- Up-to-date: /home/k/Main/Studying/GitHub-Repositories/ROS2-Jazzy-Course/ros2_ws/install/turtlesim_project_interfaces/include/turtlesim_project_interfaces/turtlesim_project_interfaces
[6.127s] -- Up-to-date: /home/k/Main/Studying/GitHub-Repositories/ROS2-Jazzy-Course/ros2_ws/install/turtlesim_project_interfaces/include/turtlesim_project_interfaces/turtlesim_project_interfaces/msg
[6.128s] -- Up-to-date: /home/k/Main/Studying/GitHub-Repositories/ROS2-Jazzy-Course/ros2_ws/install/turtlesim_project_interfaces/include/turtlesim_project_interfaces/turtlesim_project_interfaces/msg/detail
[6.128s] -- Up-to-date: /home/k/Main/Studying/GitHub-Repositories/ROS2-Jazzy-Course/ros2_ws/install/turtlesim_project_interfaces/include/turtlesim_project_interfaces/turtlesim_project_interfaces/msg/detail/spawned_turtle__type_support.cpp
[6.128s] -- Up-to-date: /home/k/Main/Studying/GitHub-Repositories/ROS2-Jazzy-Course/ros2_ws/install/turtlesim_project_interfaces/include/turtlesim_project_interfaces/turtlesim_project_interfaces/msg/detail/spawned_turtle__rosidl_typesupport_introspection_cpp.hpp
[6.128s] -- Up-to-date: /home/k/Main/Studying/GitHub-Repositories/ROS2-Jazzy-Course/ros2_ws/install/turtlesim_project_interfaces/lib/libturtlesim_project_interfaces__rosidl_typesupport_introspection_cpp.so
[6.129s] -- Up-to-date: /home/k/Main/Studying/GitHub-Repositories/ROS2-Jazzy-Course/ros2_ws/install/turtlesim_project_interfaces/lib/libturtlesim_project_interfaces__rosidl_typesupport_cpp.so
[6.129s] -- Up-to-date: /home/k/Main/Studying/GitHub-Repositories/ROS2-Jazzy-Course/ros2_ws/install/turtlesim_project_interfaces/share/turtlesim_project_interfaces/environment/pythonpath.sh
[6.129s] -- Up-to-date: /home/k/Main/Studying/GitHub-Repositories/ROS2-Jazzy-Course/ros2_ws/install/turtlesim_project_interfaces/share/turtlesim_project_interfaces/environment/pythonpath.dsv
[6.129s] -- Up-to-date: /home/k/Main/Studying/GitHub-Repositories/ROS2-Jazzy-Course/ros2_ws/install/turtlesim_project_interfaces/lib/python3.12/site-packages/turtlesim_project_interfaces-0.0.0-py3.12.egg-info
[6.130s] -- Installing: /home/k/Main/Studying/GitHub-Repositories/ROS2-Jazzy-Course/ros2_ws/install/turtlesim_project_interfaces/lib/python3.12/site-packages/turtlesim_project_interfaces-0.0.0-py3.12.egg-info/PKG-INFO
[6.130s] -- Installing: /home/k/Main/Studying/GitHub-Repositories/ROS2-Jazzy-Course/ros2_ws/install/turtlesim_project_interfaces/lib/python3.12/site-packages/turtlesim_project_interfaces-0.0.0-py3.12.egg-info/dependency_links.txt
[6.130s] -- Installing: /home/k/Main/Studying/GitHub-Repositories/ROS2-Jazzy-Course/ros2_ws/install/turtlesim_project_interfaces/lib/python3.12/site-packages/turtlesim_project_interfaces-0.0.0-py3.12.egg-info/top_level.txt
[6.131s] -- Installing: /home/k/Main/Studying/GitHub-Repositories/ROS2-Jazzy-Course/ros2_ws/install/turtlesim_project_interfaces/lib/python3.12/site-packages/turtlesim_project_interfaces-0.0.0-py3.12.egg-info/SOURCES.txt
[6.131s] -- Up-to-date: /home/k/Main/Studying/GitHub-Repositories/ROS2-Jazzy-Course/ros2_ws/install/turtlesim_project_interfaces/lib/python3.12/site-packages/turtlesim_project_interfaces
[6.131s] -- Up-to-date: /home/k/Main/Studying/GitHub-Repositories/ROS2-Jazzy-Course/ros2_ws/install/turtlesim_project_interfaces/lib/python3.12/site-packages/turtlesim_project_interfaces/_turtlesim_project_interfaces_s.ep.rosidl_typesupport_c.c
[6.131s] -- Installing: /home/k/Main/Studying/GitHub-Repositories/ROS2-Jazzy-Course/ros2_ws/install/turtlesim_project_interfaces/lib/python3.12/site-packages/turtlesim_project_interfaces/__init__.py
[6.132s] -- Up-to-date: /home/k/Main/Studying/GitHub-Repositories/ROS2-Jazzy-Course/ros2_ws/install/turtlesim_project_interfaces/lib/python3.12/site-packages/turtlesim_project_interfaces/turtlesim_project_interfaces_s__rosidl_typesupport_fastrtps_c.so
[6.132s] -- Up-to-date: /home/k/Main/Studying/GitHub-Repositories/ROS2-Jazzy-Course/ros2_ws/install/turtlesim_project_interfaces/lib/python3.12/site-packages/turtlesim_project_interfaces/_turtlesim_project_interfaces_s.ep.rosidl_typesupport_fastrtps_c.c
[6.132s] -- Up-to-date: /home/k/Main/Studying/GitHub-Repositories/ROS2-Jazzy-Course/ros2_ws/install/turtlesim_project_interfaces/lib/python3.12/site-packages/turtlesim_project_interfaces/msg
[6.132s] -- Up-to-date: /home/k/Main/Studying/GitHub-Repositories/ROS2-Jazzy-Course/ros2_ws/install/turtlesim_project_interfaces/lib/python3.12/site-packages/turtlesim_project_interfaces/msg/__init__.py
[6.133s] -- Up-to-date: /home/k/Main/Studying/GitHub-Repositories/ROS2-Jazzy-Course/ros2_ws/install/turtlesim_project_interfaces/lib/python3.12/site-packages/turtlesim_project_interfaces/msg/_spawned_turtle_s.c
[6.133s] -- Up-to-date: /home/k/Main/Studying/GitHub-Repositories/ROS2-Jazzy-Course/ros2_ws/install/turtlesim_project_interfaces/lib/python3.12/site-packages/turtlesim_project_interfaces/msg/_spawned_turtle.py
[6.133s] -- Up-to-date: /home/k/Main/Studying/GitHub-Repositories/ROS2-Jazzy-Course/ros2_ws/install/turtlesim_project_interfaces/lib/python3.12/site-packages/turtlesim_project_interfaces/turtlesim_project_interfaces_s__rosidl_typesupport_c.so
[6.133s] -- Up-to-date: /home/k/Main/Studying/GitHub-Repositories/ROS2-Jazzy-Course/ros2_ws/install/turtlesim_project_interfaces/lib/python3.12/site-packages/turtlesim_project_interfaces/_turtlesim_project_interfaces_s.ep.rosidl_typesupport_introspection_c.c
[6.133s] -- Up-to-date: /home/k/Main/Studying/GitHub-Repositories/ROS2-Jazzy-Course/ros2_ws/install/turtlesim_project_interfaces/lib/python3.12/site-packages/turtlesim_project_interfaces/turtlesim_project_interfaces_s__rosidl_typesupport_introspection_c.so
[6.241s] Listing '/home/k/Main/Studying/GitHub-Repositories/ROS2-Jazzy-Course/ros2_ws/install/turtlesim_project_interfaces/lib/python3.12/site-packages/turtlesim_project_interfaces'...
[6.241s] Compiling '/home/k/Main/Studying/GitHub-Repositories/ROS2-Jazzy-Course/ros2_ws/install/turtlesim_project_interfaces/lib/python3.12/site-packages/turtlesim_project_interfaces/__init__.py'...
[6.241s] Listing '/home/k/Main/Studying/GitHub-Repositories/ROS2-Jazzy-Course/ros2_ws/install/turtlesim_project_interfaces/lib/python3.12/site-packages/turtlesim_project_interfaces/msg'...
[6.259s] -- Up-to-date: /home/k/Main/Studying/GitHub-Repositories/ROS2-Jazzy-Course/ros2_ws/install/turtlesim_project_interfaces/lib/python3.12/site-packages/turtlesim_project_interfaces/turtlesim_project_interfaces_s__rosidl_typesupport_fastrtps_c.so
[6.260s] -- Up-to-date: /home/k/Main/Studying/GitHub-Repositories/ROS2-Jazzy-Course/ros2_ws/install/turtlesim_project_interfaces/lib/python3.12/site-packages/turtlesim_project_interfaces/turtlesim_project_interfaces_s__rosidl_typesupport_introspection_c.so
[6.261s] -- Up-to-date: /home/k/Main/Studying/GitHub-Repositories/ROS2-Jazzy-Course/ros2_ws/install/turtlesim_project_interfaces/lib/python3.12/site-packages/turtlesim_project_interfaces/turtlesim_project_interfaces_s__rosidl_typesupport_c.so
[6.262s] -- Up-to-date: /home/k/Main/Studying/GitHub-Repositories/ROS2-Jazzy-Course/ros2_ws/install/turtlesim_project_interfaces/lib/libturtlesim_project_interfaces__rosidl_generator_py.so
[6.262s] -- Up-to-date: /home/k/Main/Studying/GitHub-Repositories/ROS2-Jazzy-Course/ros2_ws/install/turtlesim_project_interfaces/share/turtlesim_project_interfaces/msg/SpawnedTurtle.idl
[6.263s] -- Up-to-date: /home/k/Main/Studying/GitHub-Repositories/ROS2-Jazzy-Course/ros2_ws/install/turtlesim_project_interfaces/share/turtlesim_project_interfaces/msg/SpawnedTurtle.msg
[6.263s] -- Up-to-date: /home/k/Main/Studying/GitHub-Repositories/ROS2-Jazzy-Course/ros2_ws/install/turtlesim_project_interfaces/share/ament_index/resource_index/package_run_dependencies/turtlesim_project_interfaces
[6.263s] -- Up-to-date: /home/k/Main/Studying/GitHub-Repositories/ROS2-Jazzy-Course/ros2_ws/install/turtlesim_project_interfaces/share/ament_index/resource_index/parent_prefix_path/turtlesim_project_interfaces
[6.264s] -- Up-to-date: /home/k/Main/Studying/GitHub-Repositories/ROS2-Jazzy-Course/ros2_ws/install/turtlesim_project_interfaces/share/turtlesim_project_interfaces/environment/ament_prefix_path.sh
[6.264s] -- Up-to-date: /home/k/Main/Studying/GitHub-Repositories/ROS2-Jazzy-Course/ros2_ws/install/turtlesim_project_interfaces/share/turtlesim_project_interfaces/environment/ament_prefix_path.dsv
[6.264s] -- Up-to-date: /home/k/Main/Studying/GitHub-Repositories/ROS2-Jazzy-Course/ros2_ws/install/turtlesim_project_interfaces/share/turtlesim_project_interfaces/environment/path.sh
[6.265s] -- Up-to-date: /home/k/Main/Studying/GitHub-Repositories/ROS2-Jazzy-Course/ros2_ws/install/turtlesim_project_interfaces/share/turtlesim_project_interfaces/environment/path.dsv
[6.265s] -- Up-to-date: /home/k/Main/Studying/GitHub-Repositories/ROS2-Jazzy-Course/ros2_ws/install/turtlesim_project_interfaces/share/turtlesim_project_interfaces/local_setup.bash
[6.265s] -- Up-to-date: /home/k/Main/Studying/GitHub-Repositories/ROS2-Jazzy-Course/ros2_ws/install/turtlesim_project_interfaces/share/turtlesim_project_interfaces/local_setup.sh
[6.265s] -- Up-to-date: /home/k/Main/Studying/GitHub-Repositories/ROS2-Jazzy-Course/ros2_ws/install/turtlesim_project_interfaces/share/turtlesim_project_interfaces/local_setup.zsh
[6.265s] -- Up-to-date: /home/k/Main/Studying/GitHub-Repositories/ROS2-Jazzy-Course/ros2_ws/install/turtlesim_project_interfaces/share/turtlesim_project_interfaces/local_setup.dsv
[6.265s] -- Installing: /home/k/Main/Studying/GitHub-Repositories/ROS2-Jazzy-Course/ros2_ws/install/turtlesim_project_interfaces/share/turtlesim_project_interfaces/package.dsv
[6.265s] -- Up-to-date: /home/k/Main/Studying/GitHub-Repositories/ROS2-Jazzy-Course/ros2_ws/install/turtlesim_project_interfaces/share/ament_index/resource_index/packages/turtlesim_project_interfaces
[6.266s] -- Up-to-date: /home/k/Main/Studying/GitHub-Repositories/ROS2-Jazzy-Course/ros2_ws/install/turtlesim_project_interfaces/share/turtlesim_project_interfaces/cmake/export_turtlesim_project_interfaces__rosidl_generator_cExport.cmake
[6.266s] -- Up-to-date: /home/k/Main/Studying/GitHub-Repositories/ROS2-Jazzy-Course/ros2_ws/install/turtlesim_project_interfaces/share/turtlesim_project_interfaces/cmake/export_turtlesim_project_interfaces__rosidl_generator_cExport-noconfig.cmake
[6.266s] -- Up-to-date: /home/k/Main/Studying/GitHub-Repositories/ROS2-Jazzy-Course/ros2_ws/install/turtlesim_project_interfaces/share/turtlesim_project_interfaces/cmake/export_turtlesim_project_interfaces__rosidl_typesupport_fastrtps_cExport.cmake
[6.267s] -- Up-to-date: /home/k/Main/Studying/GitHub-Repositories/ROS2-Jazzy-Course/ros2_ws/install/turtlesim_project_interfaces/share/turtlesim_project_interfaces/cmake/export_turtlesim_project_interfaces__rosidl_typesupport_fastrtps_cExport-noconfig.cmake
[6.267s] -- Up-to-date: /home/k/Main/Studying/GitHub-Repositories/ROS2-Jazzy-Course/ros2_ws/install/turtlesim_project_interfaces/share/turtlesim_project_interfaces/cmake/export_turtlesim_project_interfaces__rosidl_generator_cppExport.cmake
[6.267s] -- Up-to-date: /home/k/Main/Studying/GitHub-Repositories/ROS2-Jazzy-Course/ros2_ws/install/turtlesim_project_interfaces/share/turtlesim_project_interfaces/cmake/export_turtlesim_project_interfaces__rosidl_typesupport_fastrtps_cppExport.cmake
[6.267s] -- Up-to-date: /home/k/Main/Studying/GitHub-Repositories/ROS2-Jazzy-Course/ros2_ws/install/turtlesim_project_interfaces/share/turtlesim_project_interfaces/cmake/export_turtlesim_project_interfaces__rosidl_typesupport_fastrtps_cppExport-noconfig.cmake
[6.268s] -- Up-to-date: /home/k/Main/Studying/GitHub-Repositories/ROS2-Jazzy-Course/ros2_ws/install/turtlesim_project_interfaces/share/turtlesim_project_interfaces/cmake/turtlesim_project_interfaces__rosidl_typesupport_introspection_cExport.cmake
[6.268s] -- Up-to-date: /home/k/Main/Studying/GitHub-Repositories/ROS2-Jazzy-Course/ros2_ws/install/turtlesim_project_interfaces/share/turtlesim_project_interfaces/cmake/turtlesim_project_interfaces__rosidl_typesupport_introspection_cExport-noconfig.cmake
[6.268s] -- Up-to-date: /home/k/Main/Studying/GitHub-Repositories/ROS2-Jazzy-Course/ros2_ws/install/turtlesim_project_interfaces/share/turtlesim_project_interfaces/cmake/turtlesim_project_interfaces__rosidl_typesupport_cExport.cmake
[6.268s] -- Up-to-date: /home/k/Main/Studying/GitHub-Repositories/ROS2-Jazzy-Course/ros2_ws/install/turtlesim_project_interfaces/share/turtlesim_project_interfaces/cmake/turtlesim_project_interfaces__rosidl_typesupport_cExport-noconfig.cmake
[6.268s] -- Up-to-date: /home/k/Main/Studying/GitHub-Repositories/ROS2-Jazzy-Course/ros2_ws/install/turtlesim_project_interfaces/share/turtlesim_project_interfaces/cmake/turtlesim_project_interfaces__rosidl_typesupport_introspection_cppExport.cmake
[6.269s] -- Up-to-date: /home/k/Main/Studying/GitHub-Repositories/ROS2-Jazzy-Course/ros2_ws/install/turtlesim_project_interfaces/share/turtlesim_project_interfaces/cmake/turtlesim_project_interfaces__rosidl_typesupport_introspection_cppExport-noconfig.cmake
[6.269s] -- Up-to-date: /home/k/Main/Studying/GitHub-Repositories/ROS2-Jazzy-Course/ros2_ws/install/turtlesim_project_interfaces/share/turtlesim_project_interfaces/cmake/turtlesim_project_interfaces__rosidl_typesupport_cppExport.cmake
[6.269s] -- Up-to-date: /home/k/Main/Studying/GitHub-Repositories/ROS2-Jazzy-Course/ros2_ws/install/turtlesim_project_interfaces/share/turtlesim_project_interfaces/cmake/turtlesim_project_interfaces__rosidl_typesupport_cppExport-noconfig.cmake
[6.270s] -- Up-to-date: /home/k/Main/Studying/GitHub-Repositories/ROS2-Jazzy-Course/ros2_ws/install/turtlesim_project_interfaces/share/turtlesim_project_interfaces/cmake/export_turtlesim_project_interfaces__rosidl_generator_pyExport.cmake
[6.270s] -- Up-to-date: /home/k/Main/Studying/GitHub-Repositories/ROS2-Jazzy-Course/ros2_ws/install/turtlesim_project_interfaces/share/turtlesim_project_interfaces/cmake/export_turtlesim_project_interfaces__rosidl_generator_pyExport-noconfig.cmake
[6.270s] -- Up-to-date: /home/k/Main/Studying/GitHub-Repositories/ROS2-Jazzy-Course/ros2_ws/install/turtlesim_project_interfaces/share/turtlesim_project_interfaces/cmake/rosidl_cmake-extras.cmake
[6.270s] -- Up-to-date: /home/k/Main/Studying/GitHub-Repositories/ROS2-Jazzy-Course/ros2_ws/install/turtlesim_project_interfaces/share/turtlesim_project_interfaces/cmake/ament_cmake_export_dependencies-extras.cmake
[6.271s] -- Up-to-date: /home/k/Main/Studying/GitHub-Repositories/ROS2-Jazzy-Course/ros2_ws/install/turtlesim_project_interfaces/share/turtlesim_project_interfaces/cmake/ament_cmake_export_include_directories-extras.cmake
[6.271s] -- Up-to-date: /home/k/Main/Studying/GitHub-Repositories/ROS2-Jazzy-Course/ros2_ws/install/turtlesim_project_interfaces/share/turtlesim_project_interfaces/cmake/ament_cmake_export_libraries-extras.cmake
[6.271s] -- Up-to-date: /home/k/Main/Studying/GitHub-Repositories/ROS2-Jazzy-Course/ros2_ws/install/turtlesim_project_interfaces/share/turtlesim_project_interfaces/cmake/ament_cmake_export_targets-extras.cmake
[6.272s] -- Up-to-date: /home/k/Main/Studying/GitHub-Repositories/ROS2-Jazzy-Course/ros2_ws/install/turtlesim_project_interfaces/share/turtlesim_project_interfaces/cmake/rosidl_cmake_export_typesupport_targets-extras.cmake
[6.272s] -- Up-to-date: /home/k/Main/Studying/GitHub-Repositories/ROS2-Jazzy-Course/ros2_ws/install/turtlesim_project_interfaces/share/turtlesim_project_interfaces/cmake/rosidl_cmake_export_typesupport_libraries-extras.cmake
[6.272s] -- Up-to-date: /home/k/Main/Studying/GitHub-Repositories/ROS2-Jazzy-Course/ros2_ws/install/turtlesim_project_interfaces/share/turtlesim_project_interfaces/cmake/turtlesim_project_interfacesConfig.cmake
[6.272s] -- Up-to-date: /home/k/Main/Studying/GitHub-Repositories/ROS2-Jazzy-Course/ros2_ws/install/turtlesim_project_interfaces/share/turtlesim_project_interfaces/cmake/turtlesim_project_interfacesConfig-version.cmake
[6.273s] -- Installing: /home/k/Main/Studying/GitHub-Repositories/ROS2-Jazzy-Course/ros2_ws/install/turtlesim_project_interfaces/share/turtlesim_project_interfaces/package.xml
[6.278s] Invoked command in '/home/k/Main/Studying/GitHub-Repositories/ROS2-Jazzy-Course/ros2_ws/build/turtlesim_project_interfaces' returned '0': CMAKE_PREFIX_PATH=${CMAKE_PREFIX_PATH}:/home/k/Main/Studying/GitHub-Repositories/ROS2-Jazzy-Course/ros2_ws/install/turtlesim_project:/home/k/Main/Studying/GitHub-Repositories/ROS2-Jazzy-Course/ros2_ws/install/my_py_pkg:/opt/ros/jazzy DEBUGINFOD_URLS=https://debuginfod.ubuntu.com /usr/bin/cmake --install /home/k/Main/Studying/GitHub-Repositories/ROS2-Jazzy-Course/ros2_ws/build/turtlesim_project_interfaces
