[0.035s] Invoking command in '/home/k/Main/Studying/GitHub-Repositories/ROS2-Jazzy-Course/ros2_ws/build/turtlesim_project_interfaces': CMAKE_PREFIX_PATH=${CMAKE_PREFIX_PATH}:/home/k/Main/Studying/GitHub-Repositories/ROS2-Jazzy-Course/ros2_ws/install/turtlesim_project:/home/k/Main/Studying/GitHub-Repositories/ROS2-Jazzy-Course/ros2_ws/install/my_py_pkg:/opt/ros/jazzy DEBUGINFOD_URLS=https://debuginfod.ubuntu.com /usr/bin/cmake --build /home/k/Main/Studying/GitHub-Repositories/ROS2-Jazzy-Course/ros2_ws/build/turtlesim_project_interfaces -- -j4 -l4
[0.137s] -- Found ament_cmake: 2.5.4 (/opt/ros/jazzy/share/ament_cmake/cmake)
[0.224s] -- Found Python3: /usr/bin/python3 (found version "3.12.3") found components: Interpreter 
[0.475s] -- Found rclcpp: 28.1.10 (/opt/ros/jazzy/share/rclcpp/cmake)
[0.588s] -- Found rosidl_generator_c: 4.6.5 (/opt/ros/jazzy/share/rosidl_generator_c/cmake)
[0.633s] -- Found rosidl_generator_cpp: 4.6.5 (/opt/ros/jazzy/share/rosidl_generator_cpp/cmake)
[0.685s] -- Using all available rosidl_typesupport_c: rosidl_typesupport_fastrtps_c;rosidl_typesupport_introspection_c
[0.749s] -- Using all available rosidl_typesupport_cpp: rosidl_typesupport_fastrtps_cpp;rosidl_typesupport_introspection_cpp
[1.041s] -- Found rmw_implementation_cmake: 7.3.2 (/opt/ros/jazzy/share/rmw_implementation_cmake/cmake)
[1.047s] -- Found rmw_fastrtps_cpp: 8.4.2 (/opt/ros/jazzy/share/rmw_fastrtps_cpp/cmake)
[1.299s] -- Using RMW implementation 'rmw_fastrtps_cpp' as default
[1.596s] -- Found turtlesim: 1.8.3 (/opt/ros/jazzy/share/turtlesim/cmake)
[1.840s] -- Found rosidl_default_generators: 1.6.0 (/opt/ros/jazzy/share/rosidl_default_generators/cmake)
[1.880s] -- Found rosidl_adapter: 4.6.5 (/opt/ros/jazzy/share/rosidl_adapter/cmake)
[1.887s] -- Found ament_lint_auto: 0.17.2 (/opt/ros/jazzy/share/ament_lint_auto/cmake)
[2.670s] [31mCMake Error at /opt/ros/jazzy/share/rosidl_adapter/cmake/rosidl_adapt_interfaces.cmake:57 (message):
[2.673s]   execute_process(/usr/bin/python3 -m rosidl_adapter --package-name
[2.676s]   turtlesim_project_interfaces --arguments-file
[2.677s]   /home/k/Main/Studying/GitHub-Repositories/ROS2-Jazzy-Course/ros2_ws/build/turtlesim_project_interfaces/rosidl_adapter__arguments__turtlesim_project_interfaces.json
[2.677s]   --output-dir
[2.678s]   /home/k/Main/Studying/GitHub-Repositories/ROS2-Jazzy-Course/ros2_ws/build/turtlesim_project_interfaces/rosidl_adapter/turtlesim_project_interfaces
[2.678s]   --output-file
[2.679s]   /home/k/Main/Studying/GitHub-Repositories/ROS2-Jazzy-Course/ros2_ws/build/turtlesim_project_interfaces/rosidl_adapter/turtlesim_project_interfaces.idls)
[2.679s]   returned error code 1:
[2.680s] 
[2.680s]   Error processing 'turtlesim/msg/Pose pose' of
[2.680s]   'turtlesim_project_interfaces/SpawnedTurtle': 'turtlesim/msg/Pose'
[2.681s] 
[2.681s]   Traceback (most recent call last):
[2.681s] 
[2.682s]     File "<frozen runpy>", line 198, in _run_module_as_main
[2.682s]     File "<frozen runpy>", line 88, in _run_code
[2.682s]     File "/opt/ros/jazzy/lib/python3.12/site-packages/rosidl_adapter/__main__.py", line 19, in <module>
[2.682s]       sys.exit(main())
[2.682s]                ^^^^^^
[2.683s]     File "/opt/ros/jazzy/lib/python3.12/site-packages/rosidl_adapter/main.py", line 53, in main
[2.683s]       abs_idl_file = convert_to_idl(
[2.683s]                      ^^^^^^^^^^^^^^^
[2.683s]     File "/opt/ros/jazzy/lib/python3.12/site-packages/rosidl_adapter/__init__.py", line 19, in convert_to_idl
[2.684s]       return convert_msg_to_idl(
[2.684s]              ^^^^^^^^^^^^^^^^^^^
[2.684s] -- Configuring incomplete, errors occurred!
[2.684s]     File "/opt/ros/jazzy/lib/python3.12/site-packages/rosidl_adapter/msg/__init__.py", line 28, in convert_msg_to_idl
[2.684s]       msg = parse_message_string(package_name, input_file.stem, content)
[2.685s]             ^^^^^^^^^^^^^^^^^^^^^^^^^^^^^^^^^^^^^^^^^^^^^^^^^^^^^^^^^^^^
[2.685s]     File "/opt/ros/jazzy/lib/python3.12/site-packages/rosidl_adapter/parser.py", line 521, in parse_message_string
[2.685s]       Type(type_string, context_package_name=pkg_name),
[2.685s]       ^^^^^^^^^^^^^^^^^^^^^^^^^^^^^^^^^^^^^^^^^^^^^^^^
[2.686s]     File "/opt/ros/jazzy/lib/python3.12/site-packages/rosidl_adapter/parser.py", line 278, in __init__
[2.686s]       super(Type, self).__init__(
[2.686s]     File "/opt/ros/jazzy/lib/python3.12/site-packages/rosidl_adapter/parser.py", line 191, in __init__
[2.686s]       raise InvalidResourceName(type_string)
[2.686s] 
[2.687s]   rosidl_adapter.parser.InvalidResourceName: turtlesim/msg/Pose
[2.687s] 
[2.687s] Call Stack (most recent call first):
[2.687s]   /opt/ros/jazzy/share/rosidl_cmake/cmake/rosidl_generate_interfaces.cmake:132 (rosidl_adapt_interfaces)
[2.688s]   CMakeLists.txt:35 (rosidl_generate_interfaces)
[2.688s] 
[2.688s] [0m
[2.699s] gmake: *** [Makefile:815: cmake_check_build_system] Error 1
[2.758s] Invoked command in '/home/k/Main/Studying/GitHub-Repositories/ROS2-Jazzy-Course/ros2_ws/build/turtlesim_project_interfaces' returned '2': CMAKE_PREFIX_PATH=${CMAKE_PREFIX_PATH}:/home/k/Main/Studying/GitHub-Repositories/ROS2-Jazzy-Course/ros2_ws/install/turtlesim_project:/home/k/Main/Studying/GitHub-Repositories/ROS2-Jazzy-Course/ros2_ws/install/my_py_pkg:/opt/ros/jazzy DEBUGINFOD_URLS=https://debuginfod.ubuntu.com /usr/bin/cmake --build /home/k/Main/Studying/GitHub-Repositories/ROS2-Jazzy-Course/ros2_ws/build/turtlesim_project_interfaces -- -j4 -l4
