[ 50%] Built target turtle_controller
[ 75%] [32mBuilding CXX object CMakeFiles/turtle_spawner.dir/src/turtle_spawner.cpp.o[0m
[01m[K/home/k/Main/Studying/GitHub-Repositories/ROS2-Jazzy-Course/ros2_ws/src/turtlesim_project_cpp/src/turtle_spawner.cpp:[m[K In member function ‘[01m[Kvoid TurtleSpawnerNode::[01;32m[KcallbackServiceKilledTurtle[m[K(rclcpp::Client<turtlesim::srv::Kill>::SharedFuture)[m[K’:
[01m[K/home/k/Main/Studying/GitHub-Repositories/ROS2-Jazzy-Course/ros2_ws/src/turtlesim_project_cpp/src/turtle_spawner.cpp:73:89:[m[K [01;35m[Kwarning: [m[Kunused parameter ‘[01m[Kfuture[m[K’ [[01;35m[K]8;;https://gcc.gnu.org/onlinedocs/gcc/Warning-Options.html#index-Wunused-parameter-Wunused-parameter]8;;[m[K]
   73 | backServiceKilledTurtle([01;35m[Krclcpp::Client<turtlesim::srv::Kill>::SharedFuture future[m[K)
      |                         [01;35m[K~~~~~~~~~~~~~~~~~~~~~~~~~~~~~~~~~~~~~~~~~~~~~~~~~~~^~~~~~[m[K

[100%] [32m[1mLinking CXX executable turtle_spawner[0m
[100%] Built target turtle_spawner
-- Install configuration: ""
-- Installing: /home/k/Main/Studying/GitHub-Repositories/ROS2-Jazzy-Course/ros2_ws/install/turtlesim_project_cpp/lib/turtlesim_project_cpp/turtle_spawner
-- Set non-toolchain portion of runtime path of "/home/k/Main/Studying/GitHub-Repositories/ROS2-Jazzy-Course/ros2_ws/install/turtlesim_project_cpp/lib/turtlesim_project_cpp/turtle_spawner" to ""
-- Up-to-date: /home/k/Main/Studying/GitHub-Repositories/ROS2-Jazzy-Course/ros2_ws/install/turtlesim_project_cpp/lib/turtlesim_project_cpp/turtle_controller
-- Up-to-date: /home/k/Main/Studying/GitHub-Repositories/ROS2-Jazzy-Course/ros2_ws/install/turtlesim_project_cpp/share/ament_index/resource_index/package_run_dependencies/turtlesim_project_cpp
-- Up-to-date: /home/k/Main/Studying/GitHub-Repositories/ROS2-Jazzy-Course/ros2_ws/install/turtlesim_project_cpp/share/ament_index/resource_index/parent_prefix_path/turtlesim_project_cpp
-- Up-to-date: /home/k/Main/Studying/GitHub-Repositories/ROS2-Jazzy-Course/ros2_ws/install/turtlesim_project_cpp/share/turtlesim_project_cpp/environment/ament_prefix_path.sh
-- Up-to-date: /home/k/Main/Studying/GitHub-Repositories/ROS2-Jazzy-Course/ros2_ws/install/turtlesim_project_cpp/share/turtlesim_project_cpp/environment/ament_prefix_path.dsv
-- Up-to-date: /home/k/Main/Studying/GitHub-Repositories/ROS2-Jazzy-Course/ros2_ws/install/turtlesim_project_cpp/share/turtlesim_project_cpp/environment/path.sh
-- Up-to-date: /home/k/Main/Studying/GitHub-Repositories/ROS2-Jazzy-Course/ros2_ws/install/turtlesim_project_cpp/share/turtlesim_project_cpp/environment/path.dsv
-- Up-to-date: /home/k/Main/Studying/GitHub-Repositories/ROS2-Jazzy-Course/ros2_ws/install/turtlesim_project_cpp/share/turtlesim_project_cpp/local_setup.bash
-- Up-to-date: /home/k/Main/Studying/GitHub-Repositories/ROS2-Jazzy-Course/ros2_ws/install/turtlesim_project_cpp/share/turtlesim_project_cpp/local_setup.sh
-- Up-to-date: /home/k/Main/Studying/GitHub-Repositories/ROS2-Jazzy-Course/ros2_ws/install/turtlesim_project_cpp/share/turtlesim_project_cpp/local_setup.zsh
-- Up-to-date: /home/k/Main/Studying/GitHub-Repositories/ROS2-Jazzy-Course/ros2_ws/install/turtlesim_project_cpp/share/turtlesim_project_cpp/local_setup.dsv
-- Installing: /home/k/Main/Studying/GitHub-Repositories/ROS2-Jazzy-Course/ros2_ws/install/turtlesim_project_cpp/share/turtlesim_project_cpp/package.dsv
-- Up-to-date: /home/k/Main/Studying/GitHub-Repositories/ROS2-Jazzy-Course/ros2_ws/install/turtlesim_project_cpp/share/ament_index/resource_index/packages/turtlesim_project_cpp
-- Up-to-date: /home/k/Main/Studying/GitHub-Repositories/ROS2-Jazzy-Course/ros2_ws/install/turtlesim_project_cpp/share/turtlesim_project_cpp/cmake/turtlesim_project_cppConfig.cmake
-- Up-to-date: /home/k/Main/Studying/GitHub-Repositories/ROS2-Jazzy-Course/ros2_ws/install/turtlesim_project_cpp/share/turtlesim_project_cpp/cmake/turtlesim_project_cppConfig-version.cmake
-- Up-to-date: /home/k/Main/Studying/GitHub-Repositories/ROS2-Jazzy-Course/ros2_ws/install/turtlesim_project_cpp/share/turtlesim_project_cpp/package.xml
