[0.043s] Invoking command in '/home/k/Main/Studying/GitHub-Repositories/ROS2-Jazzy-Course/ros2_ws/build/my_cpp_pkg': CMAKE_PREFIX_PATH=/home/k/Main/Studying/GitHub-Repositories/ROS2-Jazzy-Course/ros2_ws/install/my_robot_interfaces:/home/k/Main/Studying/GitHub-Repositories/ROS2-Jazzy-Course/ros2_ws/install/my_cpp_pkg:/opt/ros/jazzy/opt/gz_math_vendor:/opt/ros/jazzy/opt/gz_utils_vendor:/opt/ros/jazzy/opt/gz_cmake_vendor:/home/k/Main/Studying/GitHub-Repositories/ROS2-Jazzy-Course/ros2_ws/install/my_py_pkg:/opt/ros/jazzy DEBUGINFOD_URLS=https://debuginfod.ubuntu.com PYTHONPATH=/home/k/Main/Studying/GitHub-Repositories/ROS2-Jazzy-Course/ros2_ws/install/my_robot_interfaces/lib/python3.12/site-packages:/home/k/Main/Studying/GitHub-Repositories/ROS2-Jazzy-Course/ros2_ws/build/my_py_pkg:/home/k/Main/Studying/GitHub-Repositories/ROS2-Jazzy-Course/ros2_ws/install/my_py_pkg/lib/python3.12/site-packages:/opt/ros/jazzy/lib/python3.12/site-packages /usr/bin/cmake --build /home/k/Main/Studying/GitHub-Repositories/ROS2-Jazzy-Course/ros2_ws/build/my_cpp_pkg -- -j4 -l4
[0.126s] -- Found ament_cmake: 2.5.4 (/opt/ros/jazzy/share/ament_cmake/cmake)
[0.765s] -- Found rclcpp: 28.1.9 (/opt/ros/jazzy/share/rclcpp/cmake)
[0.887s] -- Found rosidl_generator_c: 4.6.5 (/opt/ros/jazzy/share/rosidl_generator_c/cmake)
[0.932s] -- Found rosidl_generator_cpp: 4.6.5 (/opt/ros/jazzy/share/rosidl_generator_cpp/cmake)
[0.982s] -- Using all available rosidl_typesupport_c: rosidl_typesupport_fastrtps_c;rosidl_typesupport_introspection_c
[1.044s] -- Using all available rosidl_typesupport_cpp: rosidl_typesupport_fastrtps_cpp;rosidl_typesupport_introspection_cpp
[1.328s] -- Found rmw_implementation_cmake: 7.3.2 (/opt/ros/jazzy/share/rmw_implementation_cmake/cmake)
[1.333s] -- Found rmw_fastrtps_cpp: 8.4.2 (/opt/ros/jazzy/share/rmw_fastrtps_cpp/cmake)
[1.575s] -- Using RMW implementation 'rmw_fastrtps_cpp' as default
[1.866s] -- Found example_interfaces: 0.12.0 (/opt/ros/jazzy/share/example_interfaces/cmake)
[2.108s] -- Found my_robot_interfaces: 0.0.0 (/home/k/Main/Studying/GitHub-Repositories/ROS2-Jazzy-Course/ros2_ws/install/my_robot_interfaces/share/my_robot_interfaces/cmake)
[2.183s] -- Found ament_lint_auto: 0.17.2 (/opt/ros/jazzy/share/ament_lint_auto/cmake)
[2.549s] -- Added test 'cppcheck' to perform static code analysis on C / C++ code
[2.551s] -- Configured cppcheck include dirs: 
[2.551s] -- Configured cppcheck exclude dirs and/or files: 
[2.553s] -- Added test 'lint_cmake' to check CMake code style
[2.557s] -- Added test 'uncrustify' to check C / C++ code style
[2.557s] -- Configured uncrustify additional arguments: 
[2.559s] -- Added test 'xmllint' to check XML markup files
[2.561s] -- Configuring done (2.5s)
[2.779s] -- Generating done (0.2s)
[2.869s] -- Build files have been written to: /home/k/Main/Studying/GitHub-Repositories/ROS2-Jazzy-Course/ros2_ws/build/my_cpp_pkg
[3.003s] [  8%] Built target cpp_node
[3.010s] [ 16%] Built target smartphone
[3.025s] [ 25%] Built target number_publisher
[3.046s] [ 33%] Built target robot_news_station
[3.115s] [ 41%] Built target number_counter
[3.131s] [ 50%] Built target add_two_ints_client_no_oop
[3.140s] [ 58%] Built target add_two_ints_server
[3.171s] [ 66%] Built target add_two_ints_client
[3.212s] [ 70%] [32mBuilding CXX object CMakeFiles/battery_monitor.dir/src/battery_monitor.cpp.o[0m
[3.220s] [ 79%] Built target reset_counter
[3.230s] [ 83%] [32mBuilding CXX object CMakeFiles/led_panel.dir/src/led_panel.cpp.o[0m
[3.257s] [ 91%] Built target hardware_status_publisher
[9.861s] [01m[K/home/k/Main/Studying/GitHub-Repositories/ROS2-Jazzy-Course/ros2_ws/src/my_cpp_pkg/src/led_panel.cpp:[m[K In constructor ‘[01m[KLedPanelNode::[01;32m[KLedPanelNode[m[K()[m[K’:
[9.861s] [01m[K/home/k/Main/Studying/GitHub-Repositories/ROS2-Jazzy-Course/ros2_ws/src/my_cpp_pkg/src/led_panel.cpp:13:91:[m[K [01;31m[Kerror: [m[Kinvalid use of non-static member function ‘[01m[Kvoid LedPanelNode::[01;32m[KcallbackTimer[m[K()[m[K’
[9.862s]    13 |         timer_ = this->create_wall_timer(std::chrono::seconds(1), std::bind([01;31m[KLedPanelNode::callbackTimer[m[K, this));
[9.862s]       |                                                                             [01;31m[K~~~~~~~~~~~~~~^~~~~~~~~~~~~[m[K
[9.862s] [01m[K/home/k/Main/Studying/GitHub-Repositories/ROS2-Jazzy-Course/ros2_ws/src/my_cpp_pkg/src/led_panel.cpp:28:10:[m[K [01;36m[Knote: [m[Kdeclared here
[9.862s]    28 |     void [01;36m[KcallbackTimer[m[K()
[9.863s]       |          [01;36m[K^~~~~~~~~~~~~[m[K
[13.049s] gmake[2]: *** [CMakeFiles/led_panel.dir/build.make:76: CMakeFiles/led_panel.dir/src/led_panel.cpp.o] Error 1
[13.049s] gmake[1]: *** [CMakeFiles/Makefile2:445: CMakeFiles/led_panel.dir/all] Error 2
[13.049s] gmake[1]: *** Waiting for unfinished jobs....
[14.314s] [ 95%] [32m[1mLinking CXX executable battery_monitor[0m
[14.787s] [ 95%] Built target battery_monitor
[14.790s] gmake: *** [Makefile:146: all] Error 2
[14.795s] Invoked command in '/home/k/Main/Studying/GitHub-Repositories/ROS2-Jazzy-Course/ros2_ws/build/my_cpp_pkg' returned '2': CMAKE_PREFIX_PATH=/home/k/Main/Studying/GitHub-Repositories/ROS2-Jazzy-Course/ros2_ws/install/my_robot_interfaces:/home/k/Main/Studying/GitHub-Repositories/ROS2-Jazzy-Course/ros2_ws/install/my_cpp_pkg:/opt/ros/jazzy/opt/gz_math_vendor:/opt/ros/jazzy/opt/gz_utils_vendor:/opt/ros/jazzy/opt/gz_cmake_vendor:/home/k/Main/Studying/GitHub-Repositories/ROS2-Jazzy-Course/ros2_ws/install/my_py_pkg:/opt/ros/jazzy DEBUGINFOD_URLS=https://debuginfod.ubuntu.com PYTHONPATH=/home/k/Main/Studying/GitHub-Repositories/ROS2-Jazzy-Course/ros2_ws/install/my_robot_interfaces/lib/python3.12/site-packages:/home/k/Main/Studying/GitHub-Repositories/ROS2-Jazzy-Course/ros2_ws/build/my_py_pkg:/home/k/Main/Studying/GitHub-Repositories/ROS2-Jazzy-Course/ros2_ws/install/my_py_pkg/lib/python3.12/site-packages:/opt/ros/jazzy/lib/python3.12/site-packages /usr/bin/cmake --build /home/k/Main/Studying/GitHub-Repositories/ROS2-Jazzy-Course/ros2_ws/build/my_cpp_pkg -- -j4 -l4
