[0.034s] Invoking command in '/home/k/Main/Studying/GitHub-Repositories/ROS2-Jazzy-Course/ros2_ws/build/turtlesim_project_cpp_bringup': CMAKE_PREFIX_PATH=${CMAKE_PREFIX_PATH}:/home/k/Main/Studying/GitHub-Repositories/ROS2-Jazzy-Course/ros2_ws/install/turtlesim_project:/home/k/Main/Studying/GitHub-Repositories/ROS2-Jazzy-Course/ros2_ws/install/my_py_pkg:/opt/ros/jazzy DEBUGINFOD_URLS=https://debuginfod.ubuntu.com PYTHONPATH=/home/k/Main/Studying/GitHub-Repositories/ROS2-Jazzy-Course/ros2_ws/install/turtlesim_project_interfaces/lib/python3.12/site-packages:/home/k/Main/Studying/GitHub-Repositories/ROS2-Jazzy-Course/ros2_ws/build/turtlesim_project:/home/k/Main/Studying/GitHub-Repositories/ROS2-Jazzy-Course/ros2_ws/install/turtlesim_project/lib/python3.12/site-packages:/home/k/Main/Studying/GitHub-Repositories/ROS2-Jazzy-Course/ros2_ws/build/my_py_pkg:/home/k/Main/Studying/GitHub-Repositories/ROS2-Jazzy-Course/ros2_ws/install/my_py_pkg/lib/python3.12/site-packages:/home/k/Main/Studying/GitHub-Repositories/ROS2-Jazzy-Course/ros2_ws/install/my_robot_interfaces/lib/python3.12/site-packages:/opt/ros/jazzy/lib/python3.12/site-packages /usr/bin/cmake /home/k/Main/Studying/GitHub-Repositories/ROS2-Jazzy-Course/ros2_ws/src/turtlesim_project_cpp_bringup -DCMAKE_INSTALL_PREFIX=/home/k/Main/Studying/GitHub-Repositories/ROS2-Jazzy-Course/ros2_ws/install/turtlesim_project_cpp_bringup
[0.438s] -- The C compiler identification is GNU 13.3.0
[0.769s] -- The CXX compiler identification is GNU 13.3.0
[0.831s] -- Detecting C compiler ABI info
[1.170s] -- Detecting C compiler ABI info - done
[1.222s] -- Check for working C compiler: /usr/bin/cc - skipped
[1.223s] -- Detecting C compile features
[1.227s] -- Detecting C compile features - done
[1.262s] -- Detecting CXX compiler ABI info
[1.767s] -- Detecting CXX compiler ABI info - done
[1.817s] -- Check for working CXX compiler: /usr/bin/c++ - skipped
[1.818s] -- Detecting CXX compile features
[1.821s] -- Detecting CXX compile features - done
[1.838s] -- Found ament_cmake: 2.5.4 (/opt/ros/jazzy/share/ament_cmake/cmake)
[2.416s] -- Found Python3: /usr/bin/python3 (found version "3.12.3") found components: Interpreter 
[3.022s] -- Found ament_lint_auto: 0.17.2 (/opt/ros/jazzy/share/ament_lint_auto/cmake)
[3.461s] -- Added test 'lint_cmake' to check CMake code style
[3.473s] -- Added test 'xmllint' to check XML markup files
[3.485s] -- Configuring done (3.4s)
[3.501s] -- Generating done (0.0s)
[3.514s] -- Build files have been written to: /home/k/Main/Studying/GitHub-Repositories/ROS2-Jazzy-Course/ros2_ws/build/turtlesim_project_cpp_bringup
[3.529s] Invoked command in '/home/k/Main/Studying/GitHub-Repositories/ROS2-Jazzy-Course/ros2_ws/build/turtlesim_project_cpp_bringup' returned '0': CMAKE_PREFIX_PATH=${CMAKE_PREFIX_PATH}:/home/k/Main/Studying/GitHub-Repositories/ROS2-Jazzy-Course/ros2_ws/install/turtlesim_project:/home/k/Main/Studying/GitHub-Repositories/ROS2-Jazzy-Course/ros2_ws/install/my_py_pkg:/opt/ros/jazzy DEBUGINFOD_URLS=https://debuginfod.ubuntu.com PYTHONPATH=/home/k/Main/Studying/GitHub-Repositories/ROS2-Jazzy-Course/ros2_ws/install/turtlesim_project_interfaces/lib/python3.12/site-packages:/home/k/Main/Studying/GitHub-Repositories/ROS2-Jazzy-Course/ros2_ws/build/turtlesim_project:/home/k/Main/Studying/GitHub-Repositories/ROS2-Jazzy-Course/ros2_ws/install/turtlesim_project/lib/python3.12/site-packages:/home/k/Main/Studying/GitHub-Repositories/ROS2-Jazzy-Course/ros2_ws/build/my_py_pkg:/home/k/Main/Studying/GitHub-Repositories/ROS2-Jazzy-Course/ros2_ws/install/my_py_pkg/lib/python3.12/site-packages:/home/k/Main/Studying/GitHub-Repositories/ROS2-Jazzy-Course/ros2_ws/install/my_robot_interfaces/lib/python3.12/site-packages:/opt/ros/jazzy/lib/python3.12/site-packages /usr/bin/cmake /home/k/Main/Studying/GitHub-Repositories/ROS2-Jazzy-Course/ros2_ws/src/turtlesim_project_cpp_bringup -DCMAKE_INSTALL_PREFIX=/home/k/Main/Studying/GitHub-Repositories/ROS2-Jazzy-Course/ros2_ws/install/turtlesim_project_cpp_bringup
[3.532s] Invoking command in '/home/k/Main/Studying/GitHub-Repositories/ROS2-Jazzy-Course/ros2_ws/build/turtlesim_project_cpp_bringup': CMAKE_PREFIX_PATH=${CMAKE_PREFIX_PATH}:/home/k/Main/Studying/GitHub-Repositories/ROS2-Jazzy-Course/ros2_ws/install/turtlesim_project:/home/k/Main/Studying/GitHub-Repositories/ROS2-Jazzy-Course/ros2_ws/install/my_py_pkg:/opt/ros/jazzy DEBUGINFOD_URLS=https://debuginfod.ubuntu.com PYTHONPATH=/home/k/Main/Studying/GitHub-Repositories/ROS2-Jazzy-Course/ros2_ws/install/turtlesim_project_interfaces/lib/python3.12/site-packages:/home/k/Main/Studying/GitHub-Repositories/ROS2-Jazzy-Course/ros2_ws/build/turtlesim_project:/home/k/Main/Studying/GitHub-Repositories/ROS2-Jazzy-Course/ros2_ws/install/turtlesim_project/lib/python3.12/site-packages:/home/k/Main/Studying/GitHub-Repositories/ROS2-Jazzy-Course/ros2_ws/build/my_py_pkg:/home/k/Main/Studying/GitHub-Repositories/ROS2-Jazzy-Course/ros2_ws/install/my_py_pkg/lib/python3.12/site-packages:/home/k/Main/Studying/GitHub-Repositories/ROS2-Jazzy-Course/ros2_ws/install/my_robot_interfaces/lib/python3.12/site-packages:/opt/ros/jazzy/lib/python3.12/site-packages /usr/bin/cmake --build /home/k/Main/Studying/GitHub-Repositories/ROS2-Jazzy-Course/ros2_ws/build/turtlesim_project_cpp_bringup -- -j4 -l4
[3.646s] Invoked command in '/home/k/Main/Studying/GitHub-Repositories/ROS2-Jazzy-Course/ros2_ws/build/turtlesim_project_cpp_bringup' returned '0': CMAKE_PREFIX_PATH=${CMAKE_PREFIX_PATH}:/home/k/Main/Studying/GitHub-Repositories/ROS2-Jazzy-Course/ros2_ws/install/turtlesim_project:/home/k/Main/Studying/GitHub-Repositories/ROS2-Jazzy-Course/ros2_ws/install/my_py_pkg:/opt/ros/jazzy DEBUGINFOD_URLS=https://debuginfod.ubuntu.com PYTHONPATH=/home/k/Main/Studying/GitHub-Repositories/ROS2-Jazzy-Course/ros2_ws/install/turtlesim_project_interfaces/lib/python3.12/site-packages:/home/k/Main/Studying/GitHub-Repositories/ROS2-Jazzy-Course/ros2_ws/build/turtlesim_project:/home/k/Main/Studying/GitHub-Repositories/ROS2-Jazzy-Course/ros2_ws/install/turtlesim_project/lib/python3.12/site-packages:/home/k/Main/Studying/GitHub-Repositories/ROS2-Jazzy-Course/ros2_ws/build/my_py_pkg:/home/k/Main/Studying/GitHub-Repositories/ROS2-Jazzy-Course/ros2_ws/install/my_py_pkg/lib/python3.12/site-packages:/home/k/Main/Studying/GitHub-Repositories/ROS2-Jazzy-Course/ros2_ws/install/my_robot_interfaces/lib/python3.12/site-packages:/opt/ros/jazzy/lib/python3.12/site-packages /usr/bin/cmake --build /home/k/Main/Studying/GitHub-Repositories/ROS2-Jazzy-Course/ros2_ws/build/turtlesim_project_cpp_bringup -- -j4 -l4
[3.730s] Invoking command in '/home/k/Main/Studying/GitHub-Repositories/ROS2-Jazzy-Course/ros2_ws/build/turtlesim_project_cpp_bringup': CMAKE_PREFIX_PATH=${CMAKE_PREFIX_PATH}:/home/k/Main/Studying/GitHub-Repositories/ROS2-Jazzy-Course/ros2_ws/install/turtlesim_project:/home/k/Main/Studying/GitHub-Repositories/ROS2-Jazzy-Course/ros2_ws/install/my_py_pkg:/opt/ros/jazzy DEBUGINFOD_URLS=https://debuginfod.ubuntu.com PYTHONPATH=/home/k/Main/Studying/GitHub-Repositories/ROS2-Jazzy-Course/ros2_ws/install/turtlesim_project_interfaces/lib/python3.12/site-packages:/home/k/Main/Studying/GitHub-Repositories/ROS2-Jazzy-Course/ros2_ws/build/turtlesim_project:/home/k/Main/Studying/GitHub-Repositories/ROS2-Jazzy-Course/ros2_ws/install/turtlesim_project/lib/python3.12/site-packages:/home/k/Main/Studying/GitHub-Repositories/ROS2-Jazzy-Course/ros2_ws/build/my_py_pkg:/home/k/Main/Studying/GitHub-Repositories/ROS2-Jazzy-Course/ros2_ws/install/my_py_pkg/lib/python3.12/site-packages:/home/k/Main/Studying/GitHub-Repositories/ROS2-Jazzy-Course/ros2_ws/install/my_robot_interfaces/lib/python3.12/site-packages:/opt/ros/jazzy/lib/python3.12/site-packages /usr/bin/cmake --install /home/k/Main/Studying/GitHub-Repositories/ROS2-Jazzy-Course/ros2_ws/build/turtlesim_project_cpp_bringup
[3.760s] -- Install configuration: ""
[3.761s] -- Installing: /home/k/Main/Studying/GitHub-Repositories/ROS2-Jazzy-Course/ros2_ws/install/turtlesim_project_cpp_bringup/share/turtlesim_project_cpp_bringup//launch
[3.763s] -- Installing: /home/k/Main/Studying/GitHub-Repositories/ROS2-Jazzy-Course/ros2_ws/install/turtlesim_project_cpp_bringup/share/turtlesim_project_cpp_bringup//launch/turtlesim_project_cpp.launch.xml
[3.764s] -- Installing: /home/k/Main/Studying/GitHub-Repositories/ROS2-Jazzy-Course/ros2_ws/install/turtlesim_project_cpp_bringup/share/turtlesim_project_cpp_bringup//config
[3.767s] -- Installing: /home/k/Main/Studying/GitHub-Repositories/ROS2-Jazzy-Course/ros2_ws/install/turtlesim_project_cpp_bringup/share/turtlesim_project_cpp_bringup//config/turtlesim_project_cpp.yaml
[3.767s] -- Installing: /home/k/Main/Studying/GitHub-Repositories/ROS2-Jazzy-Course/ros2_ws/install/turtlesim_project_cpp_bringup/share/ament_index/resource_index/package_run_dependencies/turtlesim_project_cpp_bringup
[3.767s] -- Installing: /home/k/Main/Studying/GitHub-Repositories/ROS2-Jazzy-Course/ros2_ws/install/turtlesim_project_cpp_bringup/share/ament_index/resource_index/parent_prefix_path/turtlesim_project_cpp_bringup
[3.768s] -- Installing: /home/k/Main/Studying/GitHub-Repositories/ROS2-Jazzy-Course/ros2_ws/install/turtlesim_project_cpp_bringup/share/turtlesim_project_cpp_bringup/environment/ament_prefix_path.sh
[3.768s] -- Installing: /home/k/Main/Studying/GitHub-Repositories/ROS2-Jazzy-Course/ros2_ws/install/turtlesim_project_cpp_bringup/share/turtlesim_project_cpp_bringup/environment/ament_prefix_path.dsv
[3.768s] -- Installing: /home/k/Main/Studying/GitHub-Repositories/ROS2-Jazzy-Course/ros2_ws/install/turtlesim_project_cpp_bringup/share/turtlesim_project_cpp_bringup/environment/path.sh
[3.769s] -- Installing: /home/k/Main/Studying/GitHub-Repositories/ROS2-Jazzy-Course/ros2_ws/install/turtlesim_project_cpp_bringup/share/turtlesim_project_cpp_bringup/environment/path.dsv
[3.770s] -- Installing: /home/k/Main/Studying/GitHub-Repositories/ROS2-Jazzy-Course/ros2_ws/install/turtlesim_project_cpp_bringup/share/turtlesim_project_cpp_bringup/local_setup.bash
[3.770s] -- Installing: /home/k/Main/Studying/GitHub-Repositories/ROS2-Jazzy-Course/ros2_ws/install/turtlesim_project_cpp_bringup/share/turtlesim_project_cpp_bringup/local_setup.sh
[3.770s] -- Installing: /home/k/Main/Studying/GitHub-Repositories/ROS2-Jazzy-Course/ros2_ws/install/turtlesim_project_cpp_bringup/share/turtlesim_project_cpp_bringup/local_setup.zsh
[3.770s] -- Installing: /home/k/Main/Studying/GitHub-Repositories/ROS2-Jazzy-Course/ros2_ws/install/turtlesim_project_cpp_bringup/share/turtlesim_project_cpp_bringup/local_setup.dsv
[3.771s] -- Installing: /home/k/Main/Studying/GitHub-Repositories/ROS2-Jazzy-Course/ros2_ws/install/turtlesim_project_cpp_bringup/share/turtlesim_project_cpp_bringup/package.dsv
[3.771s] -- Installing: /home/k/Main/Studying/GitHub-Repositories/ROS2-Jazzy-Course/ros2_ws/install/turtlesim_project_cpp_bringup/share/ament_index/resource_index/packages/turtlesim_project_cpp_bringup
[3.771s] -- Installing: /home/k/Main/Studying/GitHub-Repositories/ROS2-Jazzy-Course/ros2_ws/install/turtlesim_project_cpp_bringup/share/turtlesim_project_cpp_bringup/cmake/turtlesim_project_cpp_bringupConfig.cmake
[3.772s] -- Installing: /home/k/Main/Studying/GitHub-Repositories/ROS2-Jazzy-Course/ros2_ws/install/turtlesim_project_cpp_bringup/share/turtlesim_project_cpp_bringup/cmake/turtlesim_project_cpp_bringupConfig-version.cmake
[3.772s] -- Installing: /home/k/Main/Studying/GitHub-Repositories/ROS2-Jazzy-Course/ros2_ws/install/turtlesim_project_cpp_bringup/share/turtlesim_project_cpp_bringup/package.xml
[3.774s] Invoked command in '/home/k/Main/Studying/GitHub-Repositories/ROS2-Jazzy-Course/ros2_ws/build/turtlesim_project_cpp_bringup' returned '0': CMAKE_PREFIX_PATH=${CMAKE_PREFIX_PATH}:/home/k/Main/Studying/GitHub-Repositories/ROS2-Jazzy-Course/ros2_ws/install/turtlesim_project:/home/k/Main/Studying/GitHub-Repositories/ROS2-Jazzy-Course/ros2_ws/install/my_py_pkg:/opt/ros/jazzy DEBUGINFOD_URLS=https://debuginfod.ubuntu.com PYTHONPATH=/home/k/Main/Studying/GitHub-Repositories/ROS2-Jazzy-Course/ros2_ws/install/turtlesim_project_interfaces/lib/python3.12/site-packages:/home/k/Main/Studying/GitHub-Repositories/ROS2-Jazzy-Course/ros2_ws/build/turtlesim_project:/home/k/Main/Studying/GitHub-Repositories/ROS2-Jazzy-Course/ros2_ws/install/turtlesim_project/lib/python3.12/site-packages:/home/k/Main/Studying/GitHub-Repositories/ROS2-Jazzy-Course/ros2_ws/build/my_py_pkg:/home/k/Main/Studying/GitHub-Repositories/ROS2-Jazzy-Course/ros2_ws/install/my_py_pkg/lib/python3.12/site-packages:/home/k/Main/Studying/GitHub-Repositories/ROS2-Jazzy-Course/ros2_ws/install/my_robot_interfaces/lib/python3.12/site-packages:/opt/ros/jazzy/lib/python3.12/site-packages /usr/bin/cmake --install /home/k/Main/Studying/GitHub-Repositories/ROS2-Jazzy-Course/ros2_ws/build/turtlesim_project_cpp_bringup
