[0.032s] Invoking command in '/home/k/Main/Studying/GitHub-Repositories/ROS2-Jazzy-Course/ros2_ws/build/turtlesim_project_interfaces': CMAKE_PREFIX_PATH=${CMAKE_PREFIX_PATH}:/home/k/Main/Studying/GitHub-Repositories/ROS2-Jazzy-Course/ros2_ws/install/turtlesim_project:/home/k/Main/Studying/GitHub-Repositories/ROS2-Jazzy-Course/ros2_ws/install/my_py_pkg:/opt/ros/jazzy DEBUGINFOD_URLS=https://debuginfod.ubuntu.com /usr/bin/cmake --build /home/k/Main/Studying/GitHub-Repositories/ROS2-Jazzy-Course/ros2_ws/build/turtlesim_project_interfaces -- -j4 -l4
[0.137s] -- Found ament_cmake: 2.5.4 (/opt/ros/jazzy/share/ament_cmake/cmake)
[0.650s] -- Found rclcpp: 28.1.10 (/opt/ros/jazzy/share/rclcpp/cmake)
[0.781s] -- Found rosidl_generator_c: 4.6.5 (/opt/ros/jazzy/share/rosidl_generator_c/cmake)
[0.827s] -- Found rosidl_generator_cpp: 4.6.5 (/opt/ros/jazzy/share/rosidl_generator_cpp/cmake)
[0.885s] -- Using all available rosidl_typesupport_c: rosidl_typesupport_fastrtps_c;rosidl_typesupport_introspection_c
[0.949s] -- Using all available rosidl_typesupport_cpp: rosidl_typesupport_fastrtps_cpp;rosidl_typesupport_introspection_cpp
[1.244s] -- Found rmw_implementation_cmake: 7.3.2 (/opt/ros/jazzy/share/rmw_implementation_cmake/cmake)
[1.250s] -- Found rmw_fastrtps_cpp: 8.4.2 (/opt/ros/jazzy/share/rmw_fastrtps_cpp/cmake)
[1.551s] -- Using RMW implementation 'rmw_fastrtps_cpp' as default
[1.929s] -- Found turtlesim: 1.8.3 (/opt/ros/jazzy/share/turtlesim/cmake)
[2.242s] -- Found rosidl_default_generators: 1.6.0 (/opt/ros/jazzy/share/rosidl_default_generators/cmake)
[2.290s] -- Found rosidl_adapter: 4.6.5 (/opt/ros/jazzy/share/rosidl_adapter/cmake)
[2.295s] -- Found ament_lint_auto: 0.17.2 (/opt/ros/jazzy/share/ament_lint_auto/cmake)
[3.178s] -- Found ament_cmake_ros: 0.12.0 (/opt/ros/jazzy/share/ament_cmake_ros/cmake)
[3.825s] -- Using all available rosidl_typesupport_c: rosidl_typesupport_fastrtps_c;rosidl_typesupport_introspection_c
[4.076s] -- Using all available rosidl_typesupport_cpp: rosidl_typesupport_fastrtps_cpp;rosidl_typesupport_introspection_cpp
[4.080s] -- Found python_cmake_module: 0.11.1 (/opt/ros/jazzy/share/python_cmake_module/cmake)
[4.958s] -- Found Python3: /usr/bin/python3 (found version "3.12.3") found components: Interpreter Development NumPy Development.Module Development.Embed 
[5.035s] -- Added test 'lint_cmake' to check CMake code style
[5.038s] -- Added test 'xmllint' to check XML markup files
[5.051s] -- Configuring done (4.9s)
[5.220s] -- Generating done (0.1s)
[5.286s] -- Build files have been written to: /home/k/Main/Studying/GitHub-Repositories/ROS2-Jazzy-Course/ros2_ws/build/turtlesim_project_interfaces
[5.387s] [  2%] [34m[1mGenerating type hashes for ROS interfaces[0m
[5.415s] [  2%] Built target ament_cmake_python_copy_turtlesim_project_interfaces
[6.097s] [  2%] Built target turtlesim_project_interfaces__rosidl_generator_type_description
[6.121s] running egg_info
[6.131s] [  5%] [34m[1mGenerating C code for ROS interfaces[0m
[6.154s] [  8%] [34m[1mGenerating C++ code for ROS interfaces[0m
[6.189s] writing turtlesim_project_interfaces.egg-info/PKG-INFO
[6.189s] writing dependency_links to turtlesim_project_interfaces.egg-info/dependency_links.txt
[6.189s] writing top-level names to turtlesim_project_interfaces.egg-info/top_level.txt
[6.387s] reading manifest file 'turtlesim_project_interfaces.egg-info/SOURCES.txt'
[6.391s] writing manifest file 'turtlesim_project_interfaces.egg-info/SOURCES.txt'
[6.475s] [  8%] Built target ament_cmake_python_build_turtlesim_project_interfaces_egg
[7.030s] [  8%] Built target turtlesim_project_interfaces__cpp
[7.155s] [ 17%] [32mBuilding C object CMakeFiles/turtlesim_project_interfaces__rosidl_generator_c.dir/rosidl_generator_c/turtlesim_project_interfaces/msg/detail/spawned_turtle__type_support.c.o[0m
[7.155s] [ 17%] [32mBuilding C object CMakeFiles/turtlesim_project_interfaces__rosidl_generator_c.dir/rosidl_generator_c/turtlesim_project_interfaces/msg/detail/spawned_turtle__description.c.o[0m
[7.155s] [ 17%] [32mBuilding C object CMakeFiles/turtlesim_project_interfaces__rosidl_generator_c.dir/rosidl_generator_c/turtlesim_project_interfaces/msg/detail/spawned_turtle__functions.c.o[0m
[7.302s] [ 20%] [32m[1mLinking C shared library libturtlesim_project_interfaces__rosidl_generator_c.so[0m
[7.407s] [ 20%] Built target turtlesim_project_interfaces__rosidl_generator_c
[7.436s] [ 23%] [34m[1mGenerating C type support for eProsima Fast-RTPS[0m
[7.440s] [ 26%] [34m[1mGenerating C++ type support for eProsima Fast-RTPS[0m
[7.441s] [ 29%] [34m[1mGenerating C++ type support dispatch for ROS interfaces[0m
[7.450s] [ 32%] [34m[1mGenerating C introspection for ROS interfaces[0m
[8.398s] [ 35%] [32mBuilding CXX object CMakeFiles/turtlesim_project_interfaces__rosidl_typesupport_cpp.dir/rosidl_typesupport_cpp/turtlesim_project_interfaces/msg/spawned_turtle__type_support.cpp.o[0m
[8.523s] [ 38%] [32mBuilding CXX object CMakeFiles/turtlesim_project_interfaces__rosidl_typesupport_fastrtps_c.dir/rosidl_typesupport_fastrtps_c/turtlesim_project_interfaces/msg/detail/spawned_turtle__type_support_c.cpp.o[0m
[8.546s] [ 41%] [32mBuilding C object CMakeFiles/turtlesim_project_interfaces__rosidl_typesupport_introspection_c.dir/rosidl_typesupport_introspection_c/turtlesim_project_interfaces/msg/detail/spawned_turtle__type_support.c.o[0m
[8.583s] [ 44%] [32mBuilding CXX object CMakeFiles/turtlesim_project_interfaces__rosidl_typesupport_fastrtps_cpp.dir/rosidl_typesupport_fastrtps_cpp/turtlesim_project_interfaces/msg/detail/dds_fastrtps/spawned_turtle__type_support.cpp.o[0m
[8.690s] [ 47%] [32m[1mLinking C shared library libturtlesim_project_interfaces__rosidl_typesupport_introspection_c.so[0m
[8.813s] [ 47%] Built target turtlesim_project_interfaces__rosidl_typesupport_introspection_c
[8.857s] [ 50%] [34m[1mGenerating C type support dispatch for ROS interfaces[0m
[9.467s] [ 52%] [32m[1mLinking CXX shared library libturtlesim_project_interfaces__rosidl_typesupport_cpp.so[0m
[9.623s] [ 52%] Built target turtlesim_project_interfaces__rosidl_typesupport_cpp
[9.654s] [ 55%] [34m[1mGenerating C++ introspection for ROS interfaces[0m
[9.844s] [ 58%] [32mBuilding CXX object CMakeFiles/turtlesim_project_interfaces__rosidl_typesupport_c.dir/rosidl_typesupport_c/turtlesim_project_interfaces/msg/spawned_turtle__type_support.cpp.o[0m
[10.019s] [ 61%] [32m[1mLinking CXX shared library libturtlesim_project_interfaces__rosidl_typesupport_c.so[0m
[10.040s] [ 64%] [32m[1mLinking CXX shared library libturtlesim_project_interfaces__rosidl_typesupport_fastrtps_c.so[0m
[10.183s] [ 64%] Built target turtlesim_project_interfaces__rosidl_typesupport_c
[10.296s] [ 64%] Built target turtlesim_project_interfaces__rosidl_typesupport_fastrtps_c
[10.297s] [ 67%] [32m[1mLinking CXX shared library libturtlesim_project_interfaces__rosidl_typesupport_fastrtps_cpp.so[0m
[10.548s] [ 67%] Built target turtlesim_project_interfaces__rosidl_typesupport_fastrtps_cpp
[10.602s] [ 70%] [32mBuilding CXX object CMakeFiles/turtlesim_project_interfaces__rosidl_typesupport_introspection_cpp.dir/rosidl_typesupport_introspection_cpp/turtlesim_project_interfaces/msg/detail/spawned_turtle__type_support.cpp.o[0m
[11.505s] [ 73%] [32m[1mLinking CXX shared library libturtlesim_project_interfaces__rosidl_typesupport_introspection_cpp.so[0m
[11.709s] [ 73%] Built target turtlesim_project_interfaces__rosidl_typesupport_introspection_cpp
[11.761s] [ 73%] Built target turtlesim_project_interfaces
[11.822s] [ 76%] [34m[1mGenerating Python code for ROS interfaces[0m
[12.833s] [ 76%] Built target turtlesim_project_interfaces__py
[12.899s] [ 79%] [32mBuilding C object CMakeFiles/turtlesim_project_interfaces__rosidl_generator_py.dir/rosidl_generator_py/turtlesim_project_interfaces/msg/_spawned_turtle_s.c.o[0m
[13.301s] [ 82%] [32m[1mLinking C shared library libturtlesim_project_interfaces__rosidl_generator_py.so[0m
[13.447s] [ 82%] Built target turtlesim_project_interfaces__rosidl_generator_py
[13.508s] [ 91%] [32mBuilding C object CMakeFiles/turtlesim_project_interfaces_s__rosidl_typesupport_fastrtps_c.dir/rosidl_generator_py/turtlesim_project_interfaces/_turtlesim_project_interfaces_s.ep.rosidl_typesupport_fastrtps_c.c.o[0m
[13.508s] [ 91%] [32mBuilding C object CMakeFiles/turtlesim_project_interfaces_s__rosidl_typesupport_c.dir/rosidl_generator_py/turtlesim_project_interfaces/_turtlesim_project_interfaces_s.ep.rosidl_typesupport_c.c.o[0m
[13.508s] [ 91%] [32mBuilding C object CMakeFiles/turtlesim_project_interfaces_s__rosidl_typesupport_introspection_c.dir/rosidl_generator_py/turtlesim_project_interfaces/_turtlesim_project_interfaces_s.ep.rosidl_typesupport_introspection_c.c.o[0m
[13.854s] [ 97%] [32m[1mLinking C shared module rosidl_generator_py/turtlesim_project_interfaces/turtlesim_project_interfaces_s__rosidl_typesupport_c.so[0m
[13.854s] [ 97%] [32m[1mLinking C shared module rosidl_generator_py/turtlesim_project_interfaces/turtlesim_project_interfaces_s__rosidl_typesupport_introspection_c.so[0m
[13.877s] [100%] [32m[1mLinking C shared module rosidl_generator_py/turtlesim_project_interfaces/turtlesim_project_interfaces_s__rosidl_typesupport_fastrtps_c.so[0m
[13.947s] [100%] Built target turtlesim_project_interfaces_s__rosidl_typesupport_c
[13.950s] [100%] Built target turtlesim_project_interfaces_s__rosidl_typesupport_introspection_c
[13.982s] [100%] Built target turtlesim_project_interfaces_s__rosidl_typesupport_fastrtps_c
[14.010s] Invoked command in '/home/k/Main/Studying/GitHub-Repositories/ROS2-Jazzy-Course/ros2_ws/build/turtlesim_project_interfaces' returned '0': CMAKE_PREFIX_PATH=${CMAKE_PREFIX_PATH}:/home/k/Main/Studying/GitHub-Repositories/ROS2-Jazzy-Course/ros2_ws/install/turtlesim_project:/home/k/Main/Studying/GitHub-Repositories/ROS2-Jazzy-Course/ros2_ws/install/my_py_pkg:/opt/ros/jazzy DEBUGINFOD_URLS=https://debuginfod.ubuntu.com /usr/bin/cmake --build /home/k/Main/Studying/GitHub-Repositories/ROS2-Jazzy-Course/ros2_ws/build/turtlesim_project_interfaces -- -j4 -l4
[14.038s] Invoking command in '/home/k/Main/Studying/GitHub-Repositories/ROS2-Jazzy-Course/ros2_ws/build/turtlesim_project_interfaces': CMAKE_PREFIX_PATH=${CMAKE_PREFIX_PATH}:/home/k/Main/Studying/GitHub-Repositories/ROS2-Jazzy-Course/ros2_ws/install/turtlesim_project:/home/k/Main/Studying/GitHub-Repositories/ROS2-Jazzy-Course/ros2_ws/install/my_py_pkg:/opt/ros/jazzy DEBUGINFOD_URLS=https://debuginfod.ubuntu.com /usr/bin/cmake --install /home/k/Main/Studying/GitHub-Repositories/ROS2-Jazzy-Course/ros2_ws/build/turtlesim_project_interfaces
[14.060s] -- Install configuration: ""
[14.060s] -- Up-to-date: /home/k/Main/Studying/GitHub-Repositories/ROS2-Jazzy-Course/ros2_ws/install/turtlesim_project_interfaces/share/ament_index/resource_index/rosidl_interfaces/turtlesim_project_interfaces
[14.061s] -- Installing: /home/k/Main/Studying/GitHub-Repositories/ROS2-Jazzy-Course/ros2_ws/install/turtlesim_project_interfaces/share/turtlesim_project_interfaces/msg/SpawnedTurtle.json
[14.061s] -- Up-to-date: /home/k/Main/Studying/GitHub-Repositories/ROS2-Jazzy-Course/ros2_ws/install/turtlesim_project_interfaces/include/turtlesim_project_interfaces/turtlesim_project_interfaces
[14.061s] -- Up-to-date: /home/k/Main/Studying/GitHub-Repositories/ROS2-Jazzy-Course/ros2_ws/install/turtlesim_project_interfaces/include/turtlesim_project_interfaces/turtlesim_project_interfaces/msg
[14.061s] -- Installing: /home/k/Main/Studying/GitHub-Repositories/ROS2-Jazzy-Course/ros2_ws/install/turtlesim_project_interfaces/include/turtlesim_project_interfaces/turtlesim_project_interfaces/msg/spawned_turtle.h
[14.062s] -- Up-to-date: /home/k/Main/Studying/GitHub-Repositories/ROS2-Jazzy-Course/ros2_ws/install/turtlesim_project_interfaces/include/turtlesim_project_interfaces/turtlesim_project_interfaces/msg/detail
[14.062s] -- Installing: /home/k/Main/Studying/GitHub-Repositories/ROS2-Jazzy-Course/ros2_ws/install/turtlesim_project_interfaces/include/turtlesim_project_interfaces/turtlesim_project_interfaces/msg/detail/spawned_turtle__functions.c
[14.062s] -- Installing: /home/k/Main/Studying/GitHub-Repositories/ROS2-Jazzy-Course/ros2_ws/install/turtlesim_project_interfaces/include/turtlesim_project_interfaces/turtlesim_project_interfaces/msg/detail/spawned_turtle__description.c
[14.062s] -- Installing: /home/k/Main/Studying/GitHub-Repositories/ROS2-Jazzy-Course/ros2_ws/install/turtlesim_project_interfaces/include/turtlesim_project_interfaces/turtlesim_project_interfaces/msg/detail/spawned_turtle__struct.h
[14.063s] -- Installing: /home/k/Main/Studying/GitHub-Repositories/ROS2-Jazzy-Course/ros2_ws/install/turtlesim_project_interfaces/include/turtlesim_project_interfaces/turtlesim_project_interfaces/msg/detail/spawned_turtle__functions.h
[14.063s] -- Installing: /home/k/Main/Studying/GitHub-Repositories/ROS2-Jazzy-Course/ros2_ws/install/turtlesim_project_interfaces/include/turtlesim_project_interfaces/turtlesim_project_interfaces/msg/detail/spawned_turtle__type_support.c
[14.063s] -- Installing: /home/k/Main/Studying/GitHub-Repositories/ROS2-Jazzy-Course/ros2_ws/install/turtlesim_project_interfaces/include/turtlesim_project_interfaces/turtlesim_project_interfaces/msg/detail/spawned_turtle__type_support.h
[14.064s] -- Up-to-date: /home/k/Main/Studying/GitHub-Repositories/ROS2-Jazzy-Course/ros2_ws/install/turtlesim_project_interfaces/include/turtlesim_project_interfaces/turtlesim_project_interfaces/msg/rosidl_generator_c__visibility_control.h
[14.064s] -- Up-to-date: /home/k/Main/Studying/GitHub-Repositories/ROS2-Jazzy-Course/ros2_ws/install/turtlesim_project_interfaces/share/turtlesim_project_interfaces/environment/library_path.sh
[14.064s] -- Up-to-date: /home/k/Main/Studying/GitHub-Repositories/ROS2-Jazzy-Course/ros2_ws/install/turtlesim_project_interfaces/share/turtlesim_project_interfaces/environment/library_path.dsv
[14.065s] -- Installing: /home/k/Main/Studying/GitHub-Repositories/ROS2-Jazzy-Course/ros2_ws/install/turtlesim_project_interfaces/lib/libturtlesim_project_interfaces__rosidl_generator_c.so
[14.065s] -- Set non-toolchain portion of runtime path of "/home/k/Main/Studying/GitHub-Repositories/ROS2-Jazzy-Course/ros2_ws/install/turtlesim_project_interfaces/lib/libturtlesim_project_interfaces__rosidl_generator_c.so" to ""
[14.065s] -- Up-to-date: /home/k/Main/Studying/GitHub-Repositories/ROS2-Jazzy-Course/ros2_ws/install/turtlesim_project_interfaces/include/turtlesim_project_interfaces/turtlesim_project_interfaces
[14.066s] -- Up-to-date: /home/k/Main/Studying/GitHub-Repositories/ROS2-Jazzy-Course/ros2_ws/install/turtlesim_project_interfaces/include/turtlesim_project_interfaces/turtlesim_project_interfaces/msg
[14.066s] -- Up-to-date: /home/k/Main/Studying/GitHub-Repositories/ROS2-Jazzy-Course/ros2_ws/install/turtlesim_project_interfaces/include/turtlesim_project_interfaces/turtlesim_project_interfaces/msg/detail
[14.066s] -- Installing: /home/k/Main/Studying/GitHub-Repositories/ROS2-Jazzy-Course/ros2_ws/install/turtlesim_project_interfaces/include/turtlesim_project_interfaces/turtlesim_project_interfaces/msg/detail/spawned_turtle__rosidl_typesupport_fastrtps_c.h
[14.067s] -- Up-to-date: /home/k/Main/Studying/GitHub-Repositories/ROS2-Jazzy-Course/ros2_ws/install/turtlesim_project_interfaces/include/turtlesim_project_interfaces/turtlesim_project_interfaces/msg/rosidl_typesupport_fastrtps_c__visibility_control.h
[14.067s] -- Installing: /home/k/Main/Studying/GitHub-Repositories/ROS2-Jazzy-Course/ros2_ws/install/turtlesim_project_interfaces/lib/libturtlesim_project_interfaces__rosidl_typesupport_fastrtps_c.so
[14.067s] -- Set non-toolchain portion of runtime path of "/home/k/Main/Studying/GitHub-Repositories/ROS2-Jazzy-Course/ros2_ws/install/turtlesim_project_interfaces/lib/libturtlesim_project_interfaces__rosidl_typesupport_fastrtps_c.so" to ""
[14.068s] -- Up-to-date: /home/k/Main/Studying/GitHub-Repositories/ROS2-Jazzy-Course/ros2_ws/install/turtlesim_project_interfaces/include/turtlesim_project_interfaces/turtlesim_project_interfaces
[14.068s] -- Up-to-date: /home/k/Main/Studying/GitHub-Repositories/ROS2-Jazzy-Course/ros2_ws/install/turtlesim_project_interfaces/include/turtlesim_project_interfaces/turtlesim_project_interfaces/msg
[14.068s] -- Up-to-date: /home/k/Main/Studying/GitHub-Repositories/ROS2-Jazzy-Course/ros2_ws/install/turtlesim_project_interfaces/include/turtlesim_project_interfaces/turtlesim_project_interfaces/msg/detail
[14.069s] -- Installing: /home/k/Main/Studying/GitHub-Repositories/ROS2-Jazzy-Course/ros2_ws/install/turtlesim_project_interfaces/include/turtlesim_project_interfaces/turtlesim_project_interfaces/msg/detail/spawned_turtle__traits.hpp
[14.069s] -- Installing: /home/k/Main/Studying/GitHub-Repositories/ROS2-Jazzy-Course/ros2_ws/install/turtlesim_project_interfaces/include/turtlesim_project_interfaces/turtlesim_project_interfaces/msg/detail/spawned_turtle__struct.hpp
[14.069s] -- Installing: /home/k/Main/Studying/GitHub-Repositories/ROS2-Jazzy-Course/ros2_ws/install/turtlesim_project_interfaces/include/turtlesim_project_interfaces/turtlesim_project_interfaces/msg/detail/spawned_turtle__type_support.hpp
[14.069s] -- Installing: /home/k/Main/Studying/GitHub-Repositories/ROS2-Jazzy-Course/ros2_ws/install/turtlesim_project_interfaces/include/turtlesim_project_interfaces/turtlesim_project_interfaces/msg/detail/spawned_turtle__builder.hpp
[14.070s] -- Installing: /home/k/Main/Studying/GitHub-Repositories/ROS2-Jazzy-Course/ros2_ws/install/turtlesim_project_interfaces/include/turtlesim_project_interfaces/turtlesim_project_interfaces/msg/spawned_turtle.hpp
[14.070s] -- Installing: /home/k/Main/Studying/GitHub-Repositories/ROS2-Jazzy-Course/ros2_ws/install/turtlesim_project_interfaces/include/turtlesim_project_interfaces/turtlesim_project_interfaces/msg/rosidl_generator_cpp__visibility_control.hpp
[14.070s] -- Up-to-date: /home/k/Main/Studying/GitHub-Repositories/ROS2-Jazzy-Course/ros2_ws/install/turtlesim_project_interfaces/include/turtlesim_project_interfaces/turtlesim_project_interfaces
[14.071s] -- Up-to-date: /home/k/Main/Studying/GitHub-Repositories/ROS2-Jazzy-Course/ros2_ws/install/turtlesim_project_interfaces/include/turtlesim_project_interfaces/turtlesim_project_interfaces/msg
[14.071s] -- Up-to-date: /home/k/Main/Studying/GitHub-Repositories/ROS2-Jazzy-Course/ros2_ws/install/turtlesim_project_interfaces/include/turtlesim_project_interfaces/turtlesim_project_interfaces/msg/detail
[14.071s] -- Installing: /home/k/Main/Studying/GitHub-Repositories/ROS2-Jazzy-Course/ros2_ws/install/turtlesim_project_interfaces/include/turtlesim_project_interfaces/turtlesim_project_interfaces/msg/detail/spawned_turtle__rosidl_typesupport_fastrtps_cpp.hpp
[14.072s] -- Up-to-date: /home/k/Main/Studying/GitHub-Repositories/ROS2-Jazzy-Course/ros2_ws/install/turtlesim_project_interfaces/include/turtlesim_project_interfaces/turtlesim_project_interfaces/msg/detail/dds_fastrtps
[14.072s] -- Up-to-date: /home/k/Main/Studying/GitHub-Repositories/ROS2-Jazzy-Course/ros2_ws/install/turtlesim_project_interfaces/include/turtlesim_project_interfaces/turtlesim_project_interfaces/msg/rosidl_typesupport_fastrtps_cpp__visibility_control.h
[14.072s] -- Installing: /home/k/Main/Studying/GitHub-Repositories/ROS2-Jazzy-Course/ros2_ws/install/turtlesim_project_interfaces/lib/libturtlesim_project_interfaces__rosidl_typesupport_fastrtps_cpp.so
[14.072s] -- Set non-toolchain portion of runtime path of "/home/k/Main/Studying/GitHub-Repositories/ROS2-Jazzy-Course/ros2_ws/install/turtlesim_project_interfaces/lib/libturtlesim_project_interfaces__rosidl_typesupport_fastrtps_cpp.so" to ""
[14.073s] -- Up-to-date: /home/k/Main/Studying/GitHub-Repositories/ROS2-Jazzy-Course/ros2_ws/install/turtlesim_project_interfaces/include/turtlesim_project_interfaces/turtlesim_project_interfaces
[14.073s] -- Up-to-date: /home/k/Main/Studying/GitHub-Repositories/ROS2-Jazzy-Course/ros2_ws/install/turtlesim_project_interfaces/include/turtlesim_project_interfaces/turtlesim_project_interfaces/msg
[14.073s] -- Up-to-date: /home/k/Main/Studying/GitHub-Repositories/ROS2-Jazzy-Course/ros2_ws/install/turtlesim_project_interfaces/include/turtlesim_project_interfaces/turtlesim_project_interfaces/msg/detail
[14.074s] -- Installing: /home/k/Main/Studying/GitHub-Repositories/ROS2-Jazzy-Course/ros2_ws/install/turtlesim_project_interfaces/include/turtlesim_project_interfaces/turtlesim_project_interfaces/msg/detail/spawned_turtle__rosidl_typesupport_introspection_c.h
[14.074s] -- Installing: /home/k/Main/Studying/GitHub-Repositories/ROS2-Jazzy-Course/ros2_ws/install/turtlesim_project_interfaces/include/turtlesim_project_interfaces/turtlesim_project_interfaces/msg/detail/spawned_turtle__type_support.c
[14.074s] -- Up-to-date: /home/k/Main/Studying/GitHub-Repositories/ROS2-Jazzy-Course/ros2_ws/install/turtlesim_project_interfaces/include/turtlesim_project_interfaces/turtlesim_project_interfaces/msg/rosidl_typesupport_introspection_c__visibility_control.h
[14.074s] -- Installing: /home/k/Main/Studying/GitHub-Repositories/ROS2-Jazzy-Course/ros2_ws/install/turtlesim_project_interfaces/lib/libturtlesim_project_interfaces__rosidl_typesupport_introspection_c.so
[14.075s] -- Set non-toolchain portion of runtime path of "/home/k/Main/Studying/GitHub-Repositories/ROS2-Jazzy-Course/ros2_ws/install/turtlesim_project_interfaces/lib/libturtlesim_project_interfaces__rosidl_typesupport_introspection_c.so" to ""
[14.075s] -- Installing: /home/k/Main/Studying/GitHub-Repositories/ROS2-Jazzy-Course/ros2_ws/install/turtlesim_project_interfaces/lib/libturtlesim_project_interfaces__rosidl_typesupport_c.so
[14.076s] -- Set non-toolchain portion of runtime path of "/home/k/Main/Studying/GitHub-Repositories/ROS2-Jazzy-Course/ros2_ws/install/turtlesim_project_interfaces/lib/libturtlesim_project_interfaces__rosidl_typesupport_c.so" to ""
[14.077s] -- Up-to-date: /home/k/Main/Studying/GitHub-Repositories/ROS2-Jazzy-Course/ros2_ws/install/turtlesim_project_interfaces/include/turtlesim_project_interfaces/turtlesim_project_interfaces
[14.077s] -- Up-to-date: /home/k/Main/Studying/GitHub-Repositories/ROS2-Jazzy-Course/ros2_ws/install/turtlesim_project_interfaces/include/turtlesim_project_interfaces/turtlesim_project_interfaces/msg
[14.077s] -- Up-to-date: /home/k/Main/Studying/GitHub-Repositories/ROS2-Jazzy-Course/ros2_ws/install/turtlesim_project_interfaces/include/turtlesim_project_interfaces/turtlesim_project_interfaces/msg/detail
[14.078s] -- Installing: /home/k/Main/Studying/GitHub-Repositories/ROS2-Jazzy-Course/ros2_ws/install/turtlesim_project_interfaces/include/turtlesim_project_interfaces/turtlesim_project_interfaces/msg/detail/spawned_turtle__type_support.cpp
[14.078s] -- Installing: /home/k/Main/Studying/GitHub-Repositories/ROS2-Jazzy-Course/ros2_ws/install/turtlesim_project_interfaces/include/turtlesim_project_interfaces/turtlesim_project_interfaces/msg/detail/spawned_turtle__rosidl_typesupport_introspection_cpp.hpp
[14.078s] -- Installing: /home/k/Main/Studying/GitHub-Repositories/ROS2-Jazzy-Course/ros2_ws/install/turtlesim_project_interfaces/lib/libturtlesim_project_interfaces__rosidl_typesupport_introspection_cpp.so
[14.079s] -- Set non-toolchain portion of runtime path of "/home/k/Main/Studying/GitHub-Repositories/ROS2-Jazzy-Course/ros2_ws/install/turtlesim_project_interfaces/lib/libturtlesim_project_interfaces__rosidl_typesupport_introspection_cpp.so" to ""
[14.080s] -- Installing: /home/k/Main/Studying/GitHub-Repositories/ROS2-Jazzy-Course/ros2_ws/install/turtlesim_project_interfaces/lib/libturtlesim_project_interfaces__rosidl_typesupport_cpp.so
[14.082s] -- Set non-toolchain portion of runtime path of "/home/k/Main/Studying/GitHub-Repositories/ROS2-Jazzy-Course/ros2_ws/install/turtlesim_project_interfaces/lib/libturtlesim_project_interfaces__rosidl_typesupport_cpp.so" to ""
[14.082s] -- Up-to-date: /home/k/Main/Studying/GitHub-Repositories/ROS2-Jazzy-Course/ros2_ws/install/turtlesim_project_interfaces/share/turtlesim_project_interfaces/environment/pythonpath.sh
[14.082s] -- Up-to-date: /home/k/Main/Studying/GitHub-Repositories/ROS2-Jazzy-Course/ros2_ws/install/turtlesim_project_interfaces/share/turtlesim_project_interfaces/environment/pythonpath.dsv
[14.082s] -- Up-to-date: /home/k/Main/Studying/GitHub-Repositories/ROS2-Jazzy-Course/ros2_ws/install/turtlesim_project_interfaces/lib/python3.12/site-packages/turtlesim_project_interfaces-0.0.0-py3.12.egg-info
[14.082s] -- Installing: /home/k/Main/Studying/GitHub-Repositories/ROS2-Jazzy-Course/ros2_ws/install/turtlesim_project_interfaces/lib/python3.12/site-packages/turtlesim_project_interfaces-0.0.0-py3.12.egg-info/PKG-INFO
[14.082s] -- Installing: /home/k/Main/Studying/GitHub-Repositories/ROS2-Jazzy-Course/ros2_ws/install/turtlesim_project_interfaces/lib/python3.12/site-packages/turtlesim_project_interfaces-0.0.0-py3.12.egg-info/dependency_links.txt
[14.082s] -- Installing: /home/k/Main/Studying/GitHub-Repositories/ROS2-Jazzy-Course/ros2_ws/install/turtlesim_project_interfaces/lib/python3.12/site-packages/turtlesim_project_interfaces-0.0.0-py3.12.egg-info/top_level.txt
[14.082s] -- Installing: /home/k/Main/Studying/GitHub-Repositories/ROS2-Jazzy-Course/ros2_ws/install/turtlesim_project_interfaces/lib/python3.12/site-packages/turtlesim_project_interfaces-0.0.0-py3.12.egg-info/SOURCES.txt
[14.083s] -- Up-to-date: /home/k/Main/Studying/GitHub-Repositories/ROS2-Jazzy-Course/ros2_ws/install/turtlesim_project_interfaces/lib/python3.12/site-packages/turtlesim_project_interfaces
[14.083s] -- Installing: /home/k/Main/Studying/GitHub-Repositories/ROS2-Jazzy-Course/ros2_ws/install/turtlesim_project_interfaces/lib/python3.12/site-packages/turtlesim_project_interfaces/_turtlesim_project_interfaces_s.ep.rosidl_typesupport_c.c
[14.083s] -- Installing: /home/k/Main/Studying/GitHub-Repositories/ROS2-Jazzy-Course/ros2_ws/install/turtlesim_project_interfaces/lib/python3.12/site-packages/turtlesim_project_interfaces/__init__.py
[14.084s] -- Installing: /home/k/Main/Studying/GitHub-Repositories/ROS2-Jazzy-Course/ros2_ws/install/turtlesim_project_interfaces/lib/python3.12/site-packages/turtlesim_project_interfaces/turtlesim_project_interfaces_s__rosidl_typesupport_fastrtps_c.so
[14.084s] -- Installing: /home/k/Main/Studying/GitHub-Repositories/ROS2-Jazzy-Course/ros2_ws/install/turtlesim_project_interfaces/lib/python3.12/site-packages/turtlesim_project_interfaces/_turtlesim_project_interfaces_s.ep.rosidl_typesupport_fastrtps_c.c
[14.084s] -- Up-to-date: /home/k/Main/Studying/GitHub-Repositories/ROS2-Jazzy-Course/ros2_ws/install/turtlesim_project_interfaces/lib/python3.12/site-packages/turtlesim_project_interfaces/msg
[14.085s] -- Installing: /home/k/Main/Studying/GitHub-Repositories/ROS2-Jazzy-Course/ros2_ws/install/turtlesim_project_interfaces/lib/python3.12/site-packages/turtlesim_project_interfaces/msg/__init__.py
[14.085s] -- Installing: /home/k/Main/Studying/GitHub-Repositories/ROS2-Jazzy-Course/ros2_ws/install/turtlesim_project_interfaces/lib/python3.12/site-packages/turtlesim_project_interfaces/msg/_spawned_turtle_s.c
[14.085s] -- Installing: /home/k/Main/Studying/GitHub-Repositories/ROS2-Jazzy-Course/ros2_ws/install/turtlesim_project_interfaces/lib/python3.12/site-packages/turtlesim_project_interfaces/msg/_spawned_turtle.py
[14.086s] -- Installing: /home/k/Main/Studying/GitHub-Repositories/ROS2-Jazzy-Course/ros2_ws/install/turtlesim_project_interfaces/lib/python3.12/site-packages/turtlesim_project_interfaces/turtlesim_project_interfaces_s__rosidl_typesupport_c.so
[14.086s] -- Installing: /home/k/Main/Studying/GitHub-Repositories/ROS2-Jazzy-Course/ros2_ws/install/turtlesim_project_interfaces/lib/python3.12/site-packages/turtlesim_project_interfaces/_turtlesim_project_interfaces_s.ep.rosidl_typesupport_introspection_c.c
[14.086s] -- Installing: /home/k/Main/Studying/GitHub-Repositories/ROS2-Jazzy-Course/ros2_ws/install/turtlesim_project_interfaces/lib/python3.12/site-packages/turtlesim_project_interfaces/turtlesim_project_interfaces_s__rosidl_typesupport_introspection_c.so
[14.202s] Listing '/home/k/Main/Studying/GitHub-Repositories/ROS2-Jazzy-Course/ros2_ws/install/turtlesim_project_interfaces/lib/python3.12/site-packages/turtlesim_project_interfaces'...
[14.202s] Compiling '/home/k/Main/Studying/GitHub-Repositories/ROS2-Jazzy-Course/ros2_ws/install/turtlesim_project_interfaces/lib/python3.12/site-packages/turtlesim_project_interfaces/__init__.py'...
[14.202s] Listing '/home/k/Main/Studying/GitHub-Repositories/ROS2-Jazzy-Course/ros2_ws/install/turtlesim_project_interfaces/lib/python3.12/site-packages/turtlesim_project_interfaces/msg'...
[14.203s] Compiling '/home/k/Main/Studying/GitHub-Repositories/ROS2-Jazzy-Course/ros2_ws/install/turtlesim_project_interfaces/lib/python3.12/site-packages/turtlesim_project_interfaces/msg/__init__.py'...
[14.203s] Compiling '/home/k/Main/Studying/GitHub-Repositories/ROS2-Jazzy-Course/ros2_ws/install/turtlesim_project_interfaces/lib/python3.12/site-packages/turtlesim_project_interfaces/msg/_spawned_turtle.py'...
[14.222s] -- Installing: /home/k/Main/Studying/GitHub-Repositories/ROS2-Jazzy-Course/ros2_ws/install/turtlesim_project_interfaces/lib/python3.12/site-packages/turtlesim_project_interfaces/turtlesim_project_interfaces_s__rosidl_typesupport_fastrtps_c.so
[14.222s] -- Set non-toolchain portion of runtime path of "/home/k/Main/Studying/GitHub-Repositories/ROS2-Jazzy-Course/ros2_ws/install/turtlesim_project_interfaces/lib/python3.12/site-packages/turtlesim_project_interfaces/turtlesim_project_interfaces_s__rosidl_typesupport_fastrtps_c.so" to ""
[14.222s] -- Installing: /home/k/Main/Studying/GitHub-Repositories/ROS2-Jazzy-Course/ros2_ws/install/turtlesim_project_interfaces/lib/python3.12/site-packages/turtlesim_project_interfaces/turtlesim_project_interfaces_s__rosidl_typesupport_introspection_c.so
[14.225s] -- Set non-toolchain portion of runtime path of "/home/k/Main/Studying/GitHub-Repositories/ROS2-Jazzy-Course/ros2_ws/install/turtlesim_project_interfaces/lib/python3.12/site-packages/turtlesim_project_interfaces/turtlesim_project_interfaces_s__rosidl_typesupport_introspection_c.so" to ""
[14.225s] -- Installing: /home/k/Main/Studying/GitHub-Repositories/ROS2-Jazzy-Course/ros2_ws/install/turtlesim_project_interfaces/lib/python3.12/site-packages/turtlesim_project_interfaces/turtlesim_project_interfaces_s__rosidl_typesupport_c.so
[14.225s] -- Set non-toolchain portion of runtime path of "/home/k/Main/Studying/GitHub-Repositories/ROS2-Jazzy-Course/ros2_ws/install/turtlesim_project_interfaces/lib/python3.12/site-packages/turtlesim_project_interfaces/turtlesim_project_interfaces_s__rosidl_typesupport_c.so" to ""
[14.226s] -- Installing: /home/k/Main/Studying/GitHub-Repositories/ROS2-Jazzy-Course/ros2_ws/install/turtlesim_project_interfaces/lib/libturtlesim_project_interfaces__rosidl_generator_py.so
[14.226s] -- Set non-toolchain portion of runtime path of "/home/k/Main/Studying/GitHub-Repositories/ROS2-Jazzy-Course/ros2_ws/install/turtlesim_project_interfaces/lib/libturtlesim_project_interfaces__rosidl_generator_py.so" to ""
[14.226s] -- Installing: /home/k/Main/Studying/GitHub-Repositories/ROS2-Jazzy-Course/ros2_ws/install/turtlesim_project_interfaces/share/turtlesim_project_interfaces/msg/SpawnedTurtle.idl
[14.227s] -- Installing: /home/k/Main/Studying/GitHub-Repositories/ROS2-Jazzy-Course/ros2_ws/install/turtlesim_project_interfaces/share/turtlesim_project_interfaces/msg/SpawnedTurtle.msg
[14.227s] -- Up-to-date: /home/k/Main/Studying/GitHub-Repositories/ROS2-Jazzy-Course/ros2_ws/install/turtlesim_project_interfaces/share/ament_index/resource_index/package_run_dependencies/turtlesim_project_interfaces
[14.228s] -- Up-to-date: /home/k/Main/Studying/GitHub-Repositories/ROS2-Jazzy-Course/ros2_ws/install/turtlesim_project_interfaces/share/ament_index/resource_index/parent_prefix_path/turtlesim_project_interfaces
[14.228s] -- Up-to-date: /home/k/Main/Studying/GitHub-Repositories/ROS2-Jazzy-Course/ros2_ws/install/turtlesim_project_interfaces/share/turtlesim_project_interfaces/environment/ament_prefix_path.sh
[14.228s] -- Up-to-date: /home/k/Main/Studying/GitHub-Repositories/ROS2-Jazzy-Course/ros2_ws/install/turtlesim_project_interfaces/share/turtlesim_project_interfaces/environment/ament_prefix_path.dsv
[14.229s] -- Up-to-date: /home/k/Main/Studying/GitHub-Repositories/ROS2-Jazzy-Course/ros2_ws/install/turtlesim_project_interfaces/share/turtlesim_project_interfaces/environment/path.sh
[14.229s] -- Up-to-date: /home/k/Main/Studying/GitHub-Repositories/ROS2-Jazzy-Course/ros2_ws/install/turtlesim_project_interfaces/share/turtlesim_project_interfaces/environment/path.dsv
[14.229s] -- Up-to-date: /home/k/Main/Studying/GitHub-Repositories/ROS2-Jazzy-Course/ros2_ws/install/turtlesim_project_interfaces/share/turtlesim_project_interfaces/local_setup.bash
[14.230s] -- Up-to-date: /home/k/Main/Studying/GitHub-Repositories/ROS2-Jazzy-Course/ros2_ws/install/turtlesim_project_interfaces/share/turtlesim_project_interfaces/local_setup.sh
[14.230s] -- Up-to-date: /home/k/Main/Studying/GitHub-Repositories/ROS2-Jazzy-Course/ros2_ws/install/turtlesim_project_interfaces/share/turtlesim_project_interfaces/local_setup.zsh
[14.230s] -- Up-to-date: /home/k/Main/Studying/GitHub-Repositories/ROS2-Jazzy-Course/ros2_ws/install/turtlesim_project_interfaces/share/turtlesim_project_interfaces/local_setup.dsv
[14.230s] -- Installing: /home/k/Main/Studying/GitHub-Repositories/ROS2-Jazzy-Course/ros2_ws/install/turtlesim_project_interfaces/share/turtlesim_project_interfaces/package.dsv
[14.230s] -- Up-to-date: /home/k/Main/Studying/GitHub-Repositories/ROS2-Jazzy-Course/ros2_ws/install/turtlesim_project_interfaces/share/ament_index/resource_index/packages/turtlesim_project_interfaces
[14.230s] -- Up-to-date: /home/k/Main/Studying/GitHub-Repositories/ROS2-Jazzy-Course/ros2_ws/install/turtlesim_project_interfaces/share/turtlesim_project_interfaces/cmake/export_turtlesim_project_interfaces__rosidl_generator_cExport.cmake
[14.231s] -- Up-to-date: /home/k/Main/Studying/GitHub-Repositories/ROS2-Jazzy-Course/ros2_ws/install/turtlesim_project_interfaces/share/turtlesim_project_interfaces/cmake/export_turtlesim_project_interfaces__rosidl_generator_cExport-noconfig.cmake
[14.231s] -- Up-to-date: /home/k/Main/Studying/GitHub-Repositories/ROS2-Jazzy-Course/ros2_ws/install/turtlesim_project_interfaces/share/turtlesim_project_interfaces/cmake/export_turtlesim_project_interfaces__rosidl_typesupport_fastrtps_cExport.cmake
[14.231s] -- Up-to-date: /home/k/Main/Studying/GitHub-Repositories/ROS2-Jazzy-Course/ros2_ws/install/turtlesim_project_interfaces/share/turtlesim_project_interfaces/cmake/export_turtlesim_project_interfaces__rosidl_typesupport_fastrtps_cExport-noconfig.cmake
[14.232s] -- Up-to-date: /home/k/Main/Studying/GitHub-Repositories/ROS2-Jazzy-Course/ros2_ws/install/turtlesim_project_interfaces/share/turtlesim_project_interfaces/cmake/export_turtlesim_project_interfaces__rosidl_generator_cppExport.cmake
[14.232s] -- Up-to-date: /home/k/Main/Studying/GitHub-Repositories/ROS2-Jazzy-Course/ros2_ws/install/turtlesim_project_interfaces/share/turtlesim_project_interfaces/cmake/export_turtlesim_project_interfaces__rosidl_typesupport_fastrtps_cppExport.cmake
[14.232s] -- Up-to-date: /home/k/Main/Studying/GitHub-Repositories/ROS2-Jazzy-Course/ros2_ws/install/turtlesim_project_interfaces/share/turtlesim_project_interfaces/cmake/export_turtlesim_project_interfaces__rosidl_typesupport_fastrtps_cppExport-noconfig.cmake
[14.232s] -- Up-to-date: /home/k/Main/Studying/GitHub-Repositories/ROS2-Jazzy-Course/ros2_ws/install/turtlesim_project_interfaces/share/turtlesim_project_interfaces/cmake/turtlesim_project_interfaces__rosidl_typesupport_introspection_cExport.cmake
[14.232s] -- Up-to-date: /home/k/Main/Studying/GitHub-Repositories/ROS2-Jazzy-Course/ros2_ws/install/turtlesim_project_interfaces/share/turtlesim_project_interfaces/cmake/turtlesim_project_interfaces__rosidl_typesupport_introspection_cExport-noconfig.cmake
[14.233s] -- Up-to-date: /home/k/Main/Studying/GitHub-Repositories/ROS2-Jazzy-Course/ros2_ws/install/turtlesim_project_interfaces/share/turtlesim_project_interfaces/cmake/turtlesim_project_interfaces__rosidl_typesupport_cExport.cmake
[14.233s] -- Up-to-date: /home/k/Main/Studying/GitHub-Repositories/ROS2-Jazzy-Course/ros2_ws/install/turtlesim_project_interfaces/share/turtlesim_project_interfaces/cmake/turtlesim_project_interfaces__rosidl_typesupport_cExport-noconfig.cmake
[14.233s] -- Up-to-date: /home/k/Main/Studying/GitHub-Repositories/ROS2-Jazzy-Course/ros2_ws/install/turtlesim_project_interfaces/share/turtlesim_project_interfaces/cmake/turtlesim_project_interfaces__rosidl_typesupport_introspection_cppExport.cmake
[14.233s] -- Up-to-date: /home/k/Main/Studying/GitHub-Repositories/ROS2-Jazzy-Course/ros2_ws/install/turtlesim_project_interfaces/share/turtlesim_project_interfaces/cmake/turtlesim_project_interfaces__rosidl_typesupport_introspection_cppExport-noconfig.cmake
[14.234s] -- Up-to-date: /home/k/Main/Studying/GitHub-Repositories/ROS2-Jazzy-Course/ros2_ws/install/turtlesim_project_interfaces/share/turtlesim_project_interfaces/cmake/turtlesim_project_interfaces__rosidl_typesupport_cppExport.cmake
[14.234s] -- Up-to-date: /home/k/Main/Studying/GitHub-Repositories/ROS2-Jazzy-Course/ros2_ws/install/turtlesim_project_interfaces/share/turtlesim_project_interfaces/cmake/turtlesim_project_interfaces__rosidl_typesupport_cppExport-noconfig.cmake
[14.234s] -- Up-to-date: /home/k/Main/Studying/GitHub-Repositories/ROS2-Jazzy-Course/ros2_ws/install/turtlesim_project_interfaces/share/turtlesim_project_interfaces/cmake/export_turtlesim_project_interfaces__rosidl_generator_pyExport.cmake
[14.234s] -- Up-to-date: /home/k/Main/Studying/GitHub-Repositories/ROS2-Jazzy-Course/ros2_ws/install/turtlesim_project_interfaces/share/turtlesim_project_interfaces/cmake/export_turtlesim_project_interfaces__rosidl_generator_pyExport-noconfig.cmake
[14.235s] -- Up-to-date: /home/k/Main/Studying/GitHub-Repositories/ROS2-Jazzy-Course/ros2_ws/install/turtlesim_project_interfaces/share/turtlesim_project_interfaces/cmake/rosidl_cmake-extras.cmake
[14.235s] -- Up-to-date: /home/k/Main/Studying/GitHub-Repositories/ROS2-Jazzy-Course/ros2_ws/install/turtlesim_project_interfaces/share/turtlesim_project_interfaces/cmake/ament_cmake_export_dependencies-extras.cmake
[14.235s] -- Up-to-date: /home/k/Main/Studying/GitHub-Repositories/ROS2-Jazzy-Course/ros2_ws/install/turtlesim_project_interfaces/share/turtlesim_project_interfaces/cmake/ament_cmake_export_include_directories-extras.cmake
[14.236s] -- Up-to-date: /home/k/Main/Studying/GitHub-Repositories/ROS2-Jazzy-Course/ros2_ws/install/turtlesim_project_interfaces/share/turtlesim_project_interfaces/cmake/ament_cmake_export_libraries-extras.cmake
[14.236s] -- Up-to-date: /home/k/Main/Studying/GitHub-Repositories/ROS2-Jazzy-Course/ros2_ws/install/turtlesim_project_interfaces/share/turtlesim_project_interfaces/cmake/ament_cmake_export_targets-extras.cmake
[14.236s] -- Up-to-date: /home/k/Main/Studying/GitHub-Repositories/ROS2-Jazzy-Course/ros2_ws/install/turtlesim_project_interfaces/share/turtlesim_project_interfaces/cmake/rosidl_cmake_export_typesupport_targets-extras.cmake
[14.236s] -- Up-to-date: /home/k/Main/Studying/GitHub-Repositories/ROS2-Jazzy-Course/ros2_ws/install/turtlesim_project_interfaces/share/turtlesim_project_interfaces/cmake/rosidl_cmake_export_typesupport_libraries-extras.cmake
[14.240s] -- Up-to-date: /home/k/Main/Studying/GitHub-Repositories/ROS2-Jazzy-Course/ros2_ws/install/turtlesim_project_interfaces/share/turtlesim_project_interfaces/cmake/turtlesim_project_interfacesConfig.cmake
[14.240s] -- Up-to-date: /home/k/Main/Studying/GitHub-Repositories/ROS2-Jazzy-Course/ros2_ws/install/turtlesim_project_interfaces/share/turtlesim_project_interfaces/cmake/turtlesim_project_interfacesConfig-version.cmake
[14.240s] -- Installing: /home/k/Main/Studying/GitHub-Repositories/ROS2-Jazzy-Course/ros2_ws/install/turtlesim_project_interfaces/share/turtlesim_project_interfaces/package.xml
[14.248s] Invoked command in '/home/k/Main/Studying/GitHub-Repositories/ROS2-Jazzy-Course/ros2_ws/build/turtlesim_project_interfaces' returned '0': CMAKE_PREFIX_PATH=${CMAKE_PREFIX_PATH}:/home/k/Main/Studying/GitHub-Repositories/ROS2-Jazzy-Course/ros2_ws/install/turtlesim_project:/home/k/Main/Studying/GitHub-Repositories/ROS2-Jazzy-Course/ros2_ws/install/my_py_pkg:/opt/ros/jazzy DEBUGINFOD_URLS=https://debuginfod.ubuntu.com /usr/bin/cmake --install /home/k/Main/Studying/GitHub-Repositories/ROS2-Jazzy-Course/ros2_ws/build/turtlesim_project_interfaces
