[0.041s] Invoking command in '/home/k/Main/Studying/GitHub-Repositories/ROS2-Jazzy-Course/ros2_ws/build/my_cpp_pkg': CMAKE_PREFIX_PATH=/home/k/Main/Studying/GitHub-Repositories/ROS2-Jazzy-Course/ros2_ws/install/my_robot_interfaces:/home/k/Main/Studying/GitHub-Repositories/ROS2-Jazzy-Course/ros2_ws/install/my_cpp_pkg:/opt/ros/jazzy/opt/gz_math_vendor:/opt/ros/jazzy/opt/gz_utils_vendor:/opt/ros/jazzy/opt/gz_cmake_vendor:/home/k/Main/Studying/GitHub-Repositories/ROS2-Jazzy-Course/ros2_ws/install/my_py_pkg:/opt/ros/jazzy DEBUGINFOD_URLS=https://debuginfod.ubuntu.com PYTHONPATH=/home/k/Main/Studying/GitHub-Repositories/ROS2-Jazzy-Course/ros2_ws/install/my_robot_interfaces/lib/python3.12/site-packages:/home/k/Main/Studying/GitHub-Repositories/ROS2-Jazzy-Course/ros2_ws/build/my_py_pkg:/home/k/Main/Studying/GitHub-Repositories/ROS2-Jazzy-Course/ros2_ws/install/my_py_pkg/lib/python3.12/site-packages:/opt/ros/jazzy/lib/python3.12/site-packages /usr/bin/cmake --build /home/k/Main/Studying/GitHub-Repositories/ROS2-Jazzy-Course/ros2_ws/build/my_cpp_pkg -- -j4 -l4
[0.241s] [ 16%] Built target smartphone
[0.242s] [ 16%] Built target cpp_node
[0.242s] [ 25%] Built target robot_news_station
[0.243s] [ 33%] Built target number_publisher
[0.335s] [ 41%] Built target add_two_ints_client_no_oop
[0.337s] [ 50%] Built target add_two_ints_server
[0.343s] [ 58%] Built target number_counter
[0.344s] [ 66%] Built target add_two_ints_client
[0.424s] [ 75%] Built target reset_counter
[0.435s] [ 83%] Built target hardware_status_publisher
[0.444s] [ 91%] Built target battery_monitor
[0.445s] [ 95%] [32mBuilding CXX object CMakeFiles/led_panel.dir/src/led_panel.cpp.o[0m
[6.631s] In file included from [01m[K/opt/ros/jazzy/include/rclcpp/rclcpp/node.hpp:1663[m[K,
[6.631s]                  from [01m[K/opt/ros/jazzy/include/rclcpp/rclcpp/executors/single_threaded_executor.hpp:28[m[K,
[6.632s]                  from [01m[K/opt/ros/jazzy/include/rclcpp/rclcpp/executors.hpp:22[m[K,
[6.633s]                  from [01m[K/opt/ros/jazzy/include/rclcpp/rclcpp/rclcpp.hpp:172[m[K,
[6.633s]                  from [01m[K/home/k/Main/Studying/GitHub-Repositories/ROS2-Jazzy-Course/ros2_ws/src/my_cpp_pkg/src/led_panel.cpp:1[m[K:
[6.633s] /opt/ros/jazzy/include/rclcpp/rclcpp/node_impl.hpp: In instantiation of ‘[01m[Kauto rclcpp::Node::[01;32m[Kdeclare_parameter[m[K(const std::string&, const ParameterT&, const rcl_interfaces::msg::ParameterDescriptor&, bool) [35m[K[with ParameterT = my_robot_interfaces::msg::LedPanelState_<std::allocator<void> >; std::string = std::__cxx11::basic_string<char>; rcl_interfaces::msg::ParameterDescriptor = rcl_interfaces::msg::ParameterDescriptor_<std::allocator<void> >][m[K[m[K’:
[6.634s] [01m[K/home/k/Main/Studying/GitHub-Repositories/ROS2-Jazzy-Course/ros2_ws/src/my_cpp_pkg/src/led_panel.cpp:10:32:[m[K   required from here
[6.634s] [01m[K/opt/ros/jazzy/include/rclcpp/rclcpp/node_impl.hpp:255:15:[m[K [01;31m[Kerror: [m[Kno matching function for call to ‘[01m[Krclcpp::ParameterValue::ParameterValue(const my_robot_interfaces::msg::LedPanelState_<std::allocator<void> >&)[m[K’
[6.634s]   255 |       rclcpp::[01;31m[KParameterValue(default_value)[m[K,
[6.635s]       |               [01;31m[K^~~~~~~~~~~~~~~~~~~~~~~~~~~~~[m[K
[6.635s] In file included from [01m[K/opt/ros/jazzy/include/rclcpp/rclcpp/parameter.hpp:26[m[K,
[6.635s]                  from [01m[K/opt/ros/jazzy/include/rclcpp/rclcpp/copy_all_parameter_values.hpp:25[m[K,
[6.635s]                  from [01m[K/opt/ros/jazzy/include/rclcpp/rclcpp/rclcpp.hpp:171[m[K:
[6.635s] [01m[K/opt/ros/jazzy/include/rclcpp/rclcpp/parameter_value.hpp:122:12:[m[K [01;36m[Knote: [m[Kcandidate: ‘[01m[Krclcpp::ParameterValue::[01;32m[KParameterValue[m[K(const std::vector<std::__cxx11::basic_string<char>, std::allocator<std::__cxx11::basic_string<char> > >&)[m[K’
[6.636s]   122 |   explicit [01;36m[KParameterValue[m[K(const std::vector<std::string> & string_array_value);
[6.636s]       |            [01;36m[K^~~~~~~~~~~~~~[m[K
[6.636s] [01m[K/opt/ros/jazzy/include/rclcpp/rclcpp/parameter_value.hpp:122:60:[m[K [01;36m[Knote: [m[K  no known conversion for argument 1 from ‘[01m[Kconst my_robot_interfaces::msg::LedPanelState_<std::allocator<void> >[m[K’ to ‘[01m[Kconst std::vector<std::__cxx11::basic_string<char>, std::allocator<std::__cxx11::basic_string<char> > >&[m[K’
[6.636s]   122 |   explicit ParameterValue([01;36m[Kconst std::vector<std::string> & string_array_value[m[K);
[6.637s]       |                           [01;36m[K~~~~~~~~~~~~~~~~~~~~~~~~~~~~~~~~~^~~~~~~~~~~~~~~~~~[m[K
[6.637s] [01m[K/opt/ros/jazzy/include/rclcpp/rclcpp/parameter_value.hpp:119:12:[m[K [01;36m[Knote: [m[Kcandidate: ‘[01m[Krclcpp::ParameterValue::[01;32m[KParameterValue[m[K(const std::vector<double, std::allocator<double> >&)[m[K’
[6.637s]   119 |   explicit [01;36m[KParameterValue[m[K(const std::vector<double> & double_array_value);
[6.637s]       |            [01;36m[K^~~~~~~~~~~~~~[m[K
[6.637s] [01m[K/opt/ros/jazzy/include/rclcpp/rclcpp/parameter_value.hpp:119:55:[m[K [01;36m[Knote: [m[K  no known conversion for argument 1 from ‘[01m[Kconst my_robot_interfaces::msg::LedPanelState_<std::allocator<void> >[m[K’ to ‘[01m[Kconst std::vector<double, std::allocator<double> >&[m[K’
[6.638s]   119 |   explicit ParameterValue([01;36m[Kconst std::vector<double> & double_array_value[m[K);
[6.638s]       |                           [01;36m[K~~~~~~~~~~~~~~~~~~~~~~~~~~~~^~~~~~~~~~~~~~~~~~[m[K
[6.638s] [01m[K/opt/ros/jazzy/include/rclcpp/rclcpp/parameter_value.hpp:116:12:[m[K [01;36m[Knote: [m[Kcandidate: ‘[01m[Krclcpp::ParameterValue::[01;32m[KParameterValue[m[K(const std::vector<float>&)[m[K’
[6.638s]   116 |   explicit [01;36m[KParameterValue[m[K(const std::vector<float> & double_array_value);
[6.639s]       |            [01;36m[K^~~~~~~~~~~~~~[m[K
[6.639s] [01m[K/opt/ros/jazzy/include/rclcpp/rclcpp/parameter_value.hpp:116:54:[m[K [01;36m[Knote: [m[K  no known conversion for argument 1 from ‘[01m[Kconst my_robot_interfaces::msg::LedPanelState_<std::allocator<void> >[m[K’ to ‘[01m[Kconst std::vector<float>&[m[K’
[6.639s]   116 |   explicit ParameterValue([01;36m[Kconst std::vector<float> & double_array_value[m[K);
[6.639s]       |                           [01;36m[K~~~~~~~~~~~~~~~~~~~~~~~~~~~^~~~~~~~~~~~~~~~~~[m[K
[6.639s] [01m[K/opt/ros/jazzy/include/rclcpp/rclcpp/parameter_value.hpp:113:12:[m[K [01;36m[Knote: [m[Kcandidate: ‘[01m[Krclcpp::ParameterValue::[01;32m[KParameterValue[m[K(const std::vector<long int, std::allocator<long int> >&)[m[K’
[6.640s]   113 |   explicit [01;36m[KParameterValue[m[K(const std::vector<int64_t> & int_array_value);
[6.640s]       |            [01;36m[K^~~~~~~~~~~~~~[m[K
[6.640s] [01m[K/opt/ros/jazzy/include/rclcpp/rclcpp/parameter_value.hpp:113:56:[m[K [01;36m[Knote: [m[K  no known conversion for argument 1 from ‘[01m[Kconst my_robot_interfaces::msg::LedPanelState_<std::allocator<void> >[m[K’ to ‘[01m[Kconst std::vector<long int, std::allocator<long int> >&[m[K’
[6.640s]   113 |   explicit ParameterValue([01;36m[Kconst std::vector<int64_t> & int_array_value[m[K);
[6.641s]       |                           [01;36m[K~~~~~~~~~~~~~~~~~~~~~~~~~~~~~^~~~~~~~~~~~~~~[m[K
[6.641s] [01m[K/opt/ros/jazzy/include/rclcpp/rclcpp/parameter_value.hpp:110:12:[m[K [01;36m[Knote: [m[Kcandidate: ‘[01m[Krclcpp::ParameterValue::[01;32m[KParameterValue[m[K(const std::vector<int>&)[m[K’
[6.641s]   110 |   explicit [01;36m[KParameterValue[m[K(const std::vector<int> & int_array_value);
[6.641s]       |            [01;36m[K^~~~~~~~~~~~~~[m[K
[6.641s] [01m[K/opt/ros/jazzy/include/rclcpp/rclcpp/parameter_value.hpp:110:52:[m[K [01;36m[Knote: [m[K  no known conversion for argument 1 from ‘[01m[Kconst my_robot_interfaces::msg::LedPanelState_<std::allocator<void> >[m[K’ to ‘[01m[Kconst std::vector<int>&[m[K’
[6.642s]   110 |   explicit ParameterValue([01;36m[Kconst std::vector<int> & int_array_value[m[K);
[6.642s]       |                           [01;36m[K~~~~~~~~~~~~~~~~~~~~~~~~~^~~~~~~~~~~~~~~[m[K
[6.642s] [01m[K/opt/ros/jazzy/include/rclcpp/rclcpp/parameter_value.hpp:107:12:[m[K [01;36m[Knote: [m[Kcandidate: ‘[01m[Krclcpp::ParameterValue::[01;32m[KParameterValue[m[K(const std::vector<bool, std::allocator<bool> >&)[m[K’
[6.642s]   107 |   explicit [01;36m[KParameterValue[m[K(const std::vector<bool> & bool_array_value);
[6.643s]       |            [01;36m[K^~~~~~~~~~~~~~[m[K
[6.643s] [01m[K/opt/ros/jazzy/include/rclcpp/rclcpp/parameter_value.hpp:107:53:[m[K [01;36m[Knote: [m[K  no known conversion for argument 1 from ‘[01m[Kconst my_robot_interfaces::msg::LedPanelState_<std::allocator<void> >[m[K’ to ‘[01m[Kconst std::vector<bool, std::allocator<bool> >&[m[K’
[6.643s]   107 |   explicit ParameterValue([01;36m[Kconst std::vector<bool> & bool_array_value[m[K);
[6.643s]       |                           [01;36m[K~~~~~~~~~~~~~~~~~~~~~~~~~~^~~~~~~~~~~~~~~~[m[K
[6.644s] [01m[K/opt/ros/jazzy/include/rclcpp/rclcpp/parameter_value.hpp:104:12:[m[K [01;36m[Knote: [m[Kcandidate: ‘[01m[Krclcpp::ParameterValue::[01;32m[KParameterValue[m[K(const std::vector<unsigned char, std::allocator<unsigned char> >&)[m[K’
[6.644s]   104 |   explicit [01;36m[KParameterValue[m[K(const std::vector<uint8_t> & byte_array_value);
[6.644s]       |            [01;36m[K^~~~~~~~~~~~~~[m[K
[6.644s] [01m[K/opt/ros/jazzy/include/rclcpp/rclcpp/parameter_value.hpp:104:56:[m[K [01;36m[Knote: [m[K  no known conversion for argument 1 from ‘[01m[Kconst my_robot_interfaces::msg::LedPanelState_<std::allocator<void> >[m[K’ to ‘[01m[Kconst std::vector<unsigned char, std::allocator<unsigned char> >&[m[K’
[6.644s]   104 |   explicit ParameterValue([01;36m[Kconst std::vector<uint8_t> & byte_array_value[m[K);
[6.645s]       |                           [01;36m[K~~~~~~~~~~~~~~~~~~~~~~~~~~~~~^~~~~~~~~~~~~~~~[m[K
[6.645s] [01m[K/opt/ros/jazzy/include/rclcpp/rclcpp/parameter_value.hpp:101:12:[m[K [01;36m[Knote: [m[Kcandidate: ‘[01m[Krclcpp::ParameterValue::[01;32m[KParameterValue[m[K(const char*)[m[K’
[6.645s]   101 |   explicit [01;36m[KParameterValue[m[K(const char * string_value);
[6.645s]       |            [01;36m[K^~~~~~~~~~~~~~[m[K
[6.646s] [01m[K/opt/ros/jazzy/include/rclcpp/rclcpp/parameter_value.hpp:101:40:[m[K [01;36m[Knote: [m[K  no known conversion for argument 1 from ‘[01m[Kconst my_robot_interfaces::msg::LedPanelState_<std::allocator<void> >[m[K’ to ‘[01m[Kconst char*[m[K’
[6.646s]   101 |   explicit ParameterValue([01;36m[Kconst char * string_value[m[K);
[6.646s]       |                           [01;36m[K~~~~~~~~~~~~~^~~~~~~~~~~~[m[K
[6.646s] [01m[K/opt/ros/jazzy/include/rclcpp/rclcpp/parameter_value.hpp:98:12:[m[K [01;36m[Knote: [m[Kcandidate: ‘[01m[Krclcpp::ParameterValue::[01;32m[KParameterValue[m[K(const std::string&)[m[K’
[6.646s]    98 |   explicit [01;36m[KParameterValue[m[K(const std::string & string_value);
[6.647s]       |            [01;36m[K^~~~~~~~~~~~~~[m[K
[6.647s] [01m[K/opt/ros/jazzy/include/rclcpp/rclcpp/parameter_value.hpp:98:47:[m[K [01;36m[Knote: [m[K  no known conversion for argument 1 from ‘[01m[Kconst my_robot_interfaces::msg::LedPanelState_<std::allocator<void> >[m[K’ to ‘[01m[Kconst std::string&[m[K’ {aka ‘[01m[Kconst std::__cxx11::basic_string<char>&[m[K’}
[6.647s]    98 |   explicit ParameterValue([01;36m[Kconst std::string & string_value[m[K);
[6.647s]       |                           [01;36m[K~~~~~~~~~~~~~~~~~~~~^~~~~~~~~~~~[m[K
[6.648s] [01m[K/opt/ros/jazzy/include/rclcpp/rclcpp/parameter_value.hpp:95:12:[m[K [01;36m[Knote: [m[Kcandidate: ‘[01m[Krclcpp::ParameterValue::[01;32m[KParameterValue[m[K(double)[m[K’
[6.648s]    95 |   explicit [01;36m[KParameterValue[m[K(const double double_value);
[6.648s]       |            [01;36m[K^~~~~~~~~~~~~~[m[K
[6.648s] [01m[K/opt/ros/jazzy/include/rclcpp/rclcpp/parameter_value.hpp:95:40:[m[K [01;36m[Knote: [m[K  no known conversion for argument 1 from ‘[01m[Kconst my_robot_interfaces::msg::LedPanelState_<std::allocator<void> >[m[K’ to ‘[01m[Kdouble[m[K’
[6.649s]    95 |   explicit ParameterValue([01;36m[Kconst double double_value[m[K);
[6.649s]       |                           [01;36m[K~~~~~~~~~~~~~^~~~~~~~~~~~[m[K
[6.649s] [01m[K/opt/ros/jazzy/include/rclcpp/rclcpp/parameter_value.hpp:92:12:[m[K [01;36m[Knote: [m[Kcandidate: ‘[01m[Krclcpp::ParameterValue::[01;32m[KParameterValue[m[K(float)[m[K’
[6.649s]    92 |   explicit [01;36m[KParameterValue[m[K(const float double_value);
[6.650s]       |            [01;36m[K^~~~~~~~~~~~~~[m[K
[6.650s] [01m[K/opt/ros/jazzy/include/rclcpp/rclcpp/parameter_value.hpp:92:39:[m[K [01;36m[Knote: [m[K  no known conversion for argument 1 from ‘[01m[Kconst my_robot_interfaces::msg::LedPanelState_<std::allocator<void> >[m[K’ to ‘[01m[Kfloat[m[K’
[6.650s]    92 |   explicit ParameterValue([01;36m[Kconst float double_value[m[K);
[6.650s]       |                           [01;36m[K~~~~~~~~~~~~^~~~~~~~~~~~[m[K
[6.650s] [01m[K/opt/ros/jazzy/include/rclcpp/rclcpp/parameter_value.hpp:89:12:[m[K [01;36m[Knote: [m[Kcandidate: ‘[01m[Krclcpp::ParameterValue::[01;32m[KParameterValue[m[K(int64_t)[m[K’
[6.651s]    89 |   explicit [01;36m[KParameterValue[m[K(const int64_t int_value);
[6.651s]       |            [01;36m[K^~~~~~~~~~~~~~[m[K
[6.651s] [01m[K/opt/ros/jazzy/include/rclcpp/rclcpp/parameter_value.hpp:89:41:[m[K [01;36m[Knote: [m[K  no known conversion for argument 1 from ‘[01m[Kconst my_robot_interfaces::msg::LedPanelState_<std::allocator<void> >[m[K’ to ‘[01m[Kint64_t[m[K’ {aka ‘[01m[Klong int[m[K’}
[6.651s]    89 |   explicit ParameterValue([01;36m[Kconst int64_t int_value[m[K);
[6.652s]       |                           [01;36m[K~~~~~~~~~~~~~~^~~~~~~~~[m[K
[6.652s] [01m[K/opt/ros/jazzy/include/rclcpp/rclcpp/parameter_value.hpp:86:12:[m[K [01;36m[Knote: [m[Kcandidate: ‘[01m[Krclcpp::ParameterValue::[01;32m[KParameterValue[m[K(int)[m[K’
[6.652s]    86 |   explicit [01;36m[KParameterValue[m[K(const int int_value);
[6.652s]       |            [01;36m[K^~~~~~~~~~~~~~[m[K
[6.652s] [01m[K/opt/ros/jazzy/include/rclcpp/rclcpp/parameter_value.hpp:86:37:[m[K [01;36m[Knote: [m[K  no known conversion for argument 1 from ‘[01m[Kconst my_robot_interfaces::msg::LedPanelState_<std::allocator<void> >[m[K’ to ‘[01m[Kint[m[K’
[6.653s]    86 |   explicit ParameterValue([01;36m[Kconst int int_value[m[K);
[6.653s]       |                           [01;36m[K~~~~~~~~~~^~~~~~~~~[m[K
[6.653s] [01m[K/opt/ros/jazzy/include/rclcpp/rclcpp/parameter_value.hpp:83:12:[m[K [01;36m[Knote: [m[Kcandidate: ‘[01m[Krclcpp::ParameterValue::[01;32m[KParameterValue[m[K(bool)[m[K’
[6.653s]    83 |   explicit [01;36m[KParameterValue[m[K(const bool bool_value);
[6.654s]       |            [01;36m[K^~~~~~~~~~~~~~[m[K
[6.654s] [01m[K/opt/ros/jazzy/include/rclcpp/rclcpp/parameter_value.hpp:83:38:[m[K [01;36m[Knote: [m[K  no known conversion for argument 1 from ‘[01m[Kconst my_robot_interfaces::msg::LedPanelState_<std::allocator<void> >[m[K’ to ‘[01m[Kbool[m[K’
[6.654s]    83 |   explicit ParameterValue([01;36m[Kconst bool bool_value[m[K);
[6.654s]       |                           [01;36m[K~~~~~~~~~~~^~~~~~~~~~[m[K
[6.655s] [01m[K/opt/ros/jazzy/include/rclcpp/rclcpp/parameter_value.hpp:80:12:[m[K [01;36m[Knote: [m[Kcandidate: ‘[01m[Krclcpp::ParameterValue::[01;32m[KParameterValue[m[K(const rcl_interfaces::msg::ParameterValue&)[m[K’
[6.655s]    80 |   explicit [01;36m[KParameterValue[m[K(const rcl_interfaces::msg::ParameterValue & value);
[6.655s]       |            [01;36m[K^~~~~~~~~~~~~~[m[K
[6.655s] [01m[K/opt/ros/jazzy/include/rclcpp/rclcpp/parameter_value.hpp:80:71:[m[K [01;36m[Knote: [m[K  no known conversion for argument 1 from ‘[01m[Kconst my_robot_interfaces::msg::LedPanelState_<std::allocator<void> >[m[K’ to ‘[01m[Kconst rcl_interfaces::msg::ParameterValue&[m[K’ {aka ‘[01m[Kconst rcl_interfaces::msg::ParameterValue_<std::allocator<void> >&[m[K’}
[6.655s]    80 |   explicit ParameterValue([01;36m[Kconst rcl_interfaces::msg::ParameterValue & value[m[K);
[6.656s]       |                           [01;36m[K~~~~~~~~~~~~~~~~~~~~~~~~~~~~~~~~~~~~~~~~~~~~^~~~~[m[K
[6.656s] [01m[K/opt/ros/jazzy/include/rclcpp/rclcpp/parameter_value.hpp:77:3:[m[K [01;36m[Knote: [m[Kcandidate: ‘[01m[Krclcpp::ParameterValue::[01;32m[KParameterValue[m[K()[m[K’
[6.656s]    77 |   [01;36m[KParameterValue[m[K();
[6.656s]       |   [01;36m[K^~~~~~~~~~~~~~[m[K
[6.657s] [01m[K/opt/ros/jazzy/include/rclcpp/rclcpp/parameter_value.hpp:77:3:[m[K [01;36m[Knote: [m[K  candidate expects 0 arguments, 1 provided
[6.657s] [01m[K/opt/ros/jazzy/include/rclcpp/rclcpp/parameter_value.hpp:72:7:[m[K [01;36m[Knote: [m[Kcandidate: ‘[01m[Krclcpp::ParameterValue::[01;32m[KParameterValue[m[K(const rclcpp::ParameterValue&)[m[K’
[6.657s]    72 | class [01;36m[KParameterValue[m[K
[6.657s]       |       [01;36m[K^~~~~~~~~~~~~~[m[K
[6.657s] [01m[K/opt/ros/jazzy/include/rclcpp/rclcpp/parameter_value.hpp:72:7:[m[K [01;36m[Knote: [m[K  no known conversion for argument 1 from ‘[01m[Kconst my_robot_interfaces::msg::LedPanelState_<std::allocator<void> >[m[K’ to ‘[01m[Kconst rclcpp::ParameterValue&[m[K’
[6.658s] [01m[K/opt/ros/jazzy/include/rclcpp/rclcpp/parameter_value.hpp:72:7:[m[K [01;36m[Knote: [m[Kcandidate: ‘[01m[Krclcpp::ParameterValue::[01;32m[KParameterValue[m[K(rclcpp::ParameterValue&&)[m[K’
[6.658s] [01m[K/opt/ros/jazzy/include/rclcpp/rclcpp/parameter_value.hpp:72:7:[m[K [01;36m[Knote: [m[K  no known conversion for argument 1 from ‘[01m[Kconst my_robot_interfaces::msg::LedPanelState_<std::allocator<void> >[m[K’ to ‘[01m[Krclcpp::ParameterValue&&[m[K’
[9.656s] gmake[2]: *** [CMakeFiles/led_panel.dir/build.make:76: CMakeFiles/led_panel.dir/src/led_panel.cpp.o] Error 1
[9.656s] gmake[1]: *** [CMakeFiles/Makefile2:445: CMakeFiles/led_panel.dir/all] Error 2
[9.658s] gmake: *** [Makefile:146: all] Error 2
[9.663s] Invoked command in '/home/k/Main/Studying/GitHub-Repositories/ROS2-Jazzy-Course/ros2_ws/build/my_cpp_pkg' returned '2': CMAKE_PREFIX_PATH=/home/k/Main/Studying/GitHub-Repositories/ROS2-Jazzy-Course/ros2_ws/install/my_robot_interfaces:/home/k/Main/Studying/GitHub-Repositories/ROS2-Jazzy-Course/ros2_ws/install/my_cpp_pkg:/opt/ros/jazzy/opt/gz_math_vendor:/opt/ros/jazzy/opt/gz_utils_vendor:/opt/ros/jazzy/opt/gz_cmake_vendor:/home/k/Main/Studying/GitHub-Repositories/ROS2-Jazzy-Course/ros2_ws/install/my_py_pkg:/opt/ros/jazzy DEBUGINFOD_URLS=https://debuginfod.ubuntu.com PYTHONPATH=/home/k/Main/Studying/GitHub-Repositories/ROS2-Jazzy-Course/ros2_ws/install/my_robot_interfaces/lib/python3.12/site-packages:/home/k/Main/Studying/GitHub-Repositories/ROS2-Jazzy-Course/ros2_ws/build/my_py_pkg:/home/k/Main/Studying/GitHub-Repositories/ROS2-Jazzy-Course/ros2_ws/install/my_py_pkg/lib/python3.12/site-packages:/opt/ros/jazzy/lib/python3.12/site-packages /usr/bin/cmake --build /home/k/Main/Studying/GitHub-Repositories/ROS2-Jazzy-Course/ros2_ws/build/my_cpp_pkg -- -j4 -l4
